Archive member included to satisfy reference by file (symbol)

/Applications/MCUXpressoIDE_11.9.0_2144/ide/plugins/com.nxp.mcuxpresso.tools.macosx_11.9.0.202307121226/tools/bin/../lib/gcc/arm-none-eabi/12.3.1/../../../../arm-none-eabi/lib/thumb/v6-m/nofp/libcr_nohost_nf.a(_cr__main.o)
                              ./startup/startup_mkl25z4.o (__main)
/Applications/MCUXpressoIDE_11.9.0_2144/ide/plugins/com.nxp.mcuxpresso.tools.macosx_11.9.0.202307121226/tools/bin/../lib/gcc/arm-none-eabi/12.3.1/../../../../arm-none-eabi/lib/thumb/v6-m/nofp/libcr_c.a(memcpy.o)
                              ./freertos/queue.o (memcpy)
/Applications/MCUXpressoIDE_11.9.0_2144/ide/plugins/com.nxp.mcuxpresso.tools.macosx_11.9.0.202307121226/tools/bin/../lib/gcc/arm-none-eabi/12.3.1/../../../../arm-none-eabi/lib/thumb/v6-m/nofp/libcr_c.a(memset.o)
                              ./freertos/tasks.o (memset)
/Applications/MCUXpressoIDE_11.9.0_2144/ide/plugins/com.nxp.mcuxpresso.tools.macosx_11.9.0.202307121226/tools/bin/../lib/gcc/arm-none-eabi/12.3.1/../../../../arm-none-eabi/lib/thumb/v6-m/nofp/libcr_c.a(initio.o)
                              /Applications/MCUXpressoIDE_11.9.0_2144/ide/plugins/com.nxp.mcuxpresso.tools.macosx_11.9.0.202307121226/tools/bin/../lib/gcc/arm-none-eabi/12.3.1/../../../../arm-none-eabi/lib/thumb/v6-m/nofp/libcr_nohost_nf.a(_cr__main.o) (_initio)
/Applications/MCUXpressoIDE_11.9.0_2144/ide/plugins/com.nxp.mcuxpresso.tools.macosx_11.9.0.202307121226/tools/bin/../lib/gcc/arm-none-eabi/12.3.1/../../../../arm-none-eabi/lib/thumb/v6-m/nofp/libcr_c.a(setvbuf.o)
                              /Applications/MCUXpressoIDE_11.9.0_2144/ide/plugins/com.nxp.mcuxpresso.tools.macosx_11.9.0.202307121226/tools/bin/../lib/gcc/arm-none-eabi/12.3.1/../../../../arm-none-eabi/lib/thumb/v6-m/nofp/libcr_c.a(initio.o) (setvbuf)
/Applications/MCUXpressoIDE_11.9.0_2144/ide/plugins/com.nxp.mcuxpresso.tools.macosx_11.9.0.202307121226/tools/bin/../lib/gcc/arm-none-eabi/12.3.1/../../../../arm-none-eabi/lib/thumb/v6-m/nofp/libcr_c.a(strlen.o)
                              ./utilities/fsl_debug_console.o (strlen)
/Applications/MCUXpressoIDE_11.9.0_2144/ide/plugins/com.nxp.mcuxpresso.tools.macosx_11.9.0.202307121226/tools/bin/../lib/gcc/arm-none-eabi/12.3.1/../../../../arm-none-eabi/lib/thumb/v6-m/nofp/libcr_c.a(_fdopen.o)
                              /Applications/MCUXpressoIDE_11.9.0_2144/ide/plugins/com.nxp.mcuxpresso.tools.macosx_11.9.0.202307121226/tools/bin/../lib/gcc/arm-none-eabi/12.3.1/../../../../arm-none-eabi/lib/thumb/v6-m/nofp/libcr_c.a(initio.o) (_fdopen)
/Applications/MCUXpressoIDE_11.9.0_2144/ide/plugins/com.nxp.mcuxpresso.tools.macosx_11.9.0.202307121226/tools/bin/../lib/gcc/arm-none-eabi/12.3.1/../../../../arm-none-eabi/lib/thumb/v6-m/nofp/libcr_c.a(fclose.o)
                              /Applications/MCUXpressoIDE_11.9.0_2144/ide/plugins/com.nxp.mcuxpresso.tools.macosx_11.9.0.202307121226/tools/bin/../lib/gcc/arm-none-eabi/12.3.1/../../../../arm-none-eabi/lib/thumb/v6-m/nofp/libcr_c.a(initio.o) (fclose)
/Applications/MCUXpressoIDE_11.9.0_2144/ide/plugins/com.nxp.mcuxpresso.tools.macosx_11.9.0.202307121226/tools/bin/../lib/gcc/arm-none-eabi/12.3.1/../../../../arm-none-eabi/lib/thumb/v6-m/nofp/libcr_c.a(fflush.o)
                              /Applications/MCUXpressoIDE_11.9.0_2144/ide/plugins/com.nxp.mcuxpresso.tools.macosx_11.9.0.202307121226/tools/bin/../lib/gcc/arm-none-eabi/12.3.1/../../../../arm-none-eabi/lib/thumb/v6-m/nofp/libcr_c.a(fclose.o) (fflush)
/Applications/MCUXpressoIDE_11.9.0_2144/ide/plugins/com.nxp.mcuxpresso.tools.macosx_11.9.0.202307121226/tools/bin/../lib/gcc/arm-none-eabi/12.3.1/../../../../arm-none-eabi/lib/thumb/v6-m/nofp/libcr_c.a(fseek.o)
                              /Applications/MCUXpressoIDE_11.9.0_2144/ide/plugins/com.nxp.mcuxpresso.tools.macosx_11.9.0.202307121226/tools/bin/../lib/gcc/arm-none-eabi/12.3.1/../../../../arm-none-eabi/lib/thumb/v6-m/nofp/libcr_c.a(_fdopen.o) (fseek)
/Applications/MCUXpressoIDE_11.9.0_2144/ide/plugins/com.nxp.mcuxpresso.tools.macosx_11.9.0.202307121226/tools/bin/../lib/gcc/arm-none-eabi/12.3.1/../../../../arm-none-eabi/lib/thumb/v6-m/nofp/libcr_c.a(ftell.o)
                              /Applications/MCUXpressoIDE_11.9.0_2144/ide/plugins/com.nxp.mcuxpresso.tools.macosx_11.9.0.202307121226/tools/bin/../lib/gcc/arm-none-eabi/12.3.1/../../../../arm-none-eabi/lib/thumb/v6-m/nofp/libcr_c.a(fseek.o) (ftell)
/Applications/MCUXpressoIDE_11.9.0_2144/ide/plugins/com.nxp.mcuxpresso.tools.macosx_11.9.0.202307121226/tools/bin/../lib/gcc/arm-none-eabi/12.3.1/../../../../arm-none-eabi/lib/thumb/v6-m/nofp/libcr_c.a(remove.o)
                              /Applications/MCUXpressoIDE_11.9.0_2144/ide/plugins/com.nxp.mcuxpresso.tools.macosx_11.9.0.202307121226/tools/bin/../lib/gcc/arm-none-eabi/12.3.1/../../../../arm-none-eabi/lib/thumb/v6-m/nofp/libcr_c.a(fclose.o) (remove)
[...]
Memory Configuration

Name             Origin             Length             Attributes
PROGRAM_FLASH    0x00000000         0x00020000         xr
SRAM             0x1ffff000         0x00004000         xrw
*default*        0x00000000         0xffffffff

Linker script and memory map

LOAD ./utilities/fsl_debug_console.o
LOAD ./startup/startup_mkl25z4.o
LOAD ./source/blinkenlights_utils.o
LOAD ./source/freertos_hello.o
LOAD ./source/led.o
LOAD ./source/mtb.o
LOAD ./source/semihost_hardfault.o
LOAD ./freertos/croutine.o
LOAD ./freertos/event_groups.o
LOAD ./freertos/fsl_tickless_lptmr.o
LOAD ./freertos/fsl_tickless_systick.o
LOAD ./freertos/heap_4.o
LOAD ./freertos/list.o
LOAD ./freertos/port.o
LOAD ./freertos/queue.o
LOAD ./freertos/tasks.o
LOAD ./freertos/timers.o
LOAD ./drivers/fsl_clock.o
LOAD ./drivers/fsl_common.o
LOAD ./drivers/fsl_flash.o
LOAD ./drivers/fsl_gpio.o
LOAD ./drivers/fsl_lpsci.o
LOAD ./drivers/fsl_lpsci_freertos.o
LOAD ./drivers/fsl_smc.o
LOAD ./drivers/fsl_uart.o
LOAD ./drivers/fsl_uart_freertos.o
LOAD ./board/board.o
LOAD ./board/clock_config.o
LOAD ./board/pin_mux.o
LOAD ./CMSIS/system_MKL25Z4.o
START GROUP
LOAD /Applications/MCUXpressoIDE_11.9.0_2144/ide/plugins/com.nxp.mcuxpresso.tools.macosx_11.9.0.202307121226/tools/bin/../lib/gcc/arm-none-eabi/12.3.1/../../../../arm-none-eabi/lib/thumb/v6-m/nofp/libcr_nohost_nf.a
LOAD /Applications/MCUXpressoIDE_11.9.0_2144/ide/plugins/com.nxp.mcuxpresso.tools.macosx_11.9.0.202307121226/tools/bin/../lib/gcc/arm-none-eabi/12.3.1/../../../../arm-none-eabi/lib/thumb/v6-m/nofp/libcr_c.a
LOAD /Applications/MCUXpressoIDE_11.9.0_2144/ide/plugins/com.nxp.mcuxpresso.tools.macosx_11.9.0.202307121226/tools/bin/../lib/gcc/arm-none-eabi/12.3.1/thumb/v6-m/nofp/libcr_eabihelpers.a
LOAD /Applications/MCUXpressoIDE_11.9.0_2144/ide/plugins/com.nxp.mcuxpresso.tools.macosx_11.9.0.202307121226/tools/bin/../lib/gcc/arm-none-eabi/12.3.1/thumb/v6-m/nofp/libgcc.a
END GROUP
                0x00000000                        __base_PROGRAM_FLASH = 0x0
                0x00000000                        __base_Flash = 0x0
                0x00020000                        __top_PROGRAM_FLASH = 0x20000
                0x00020000                        __top_Flash = 0x20000
                0x1ffff000                        __base_SRAM = 0x1ffff000
                0x1ffff000                        __base_RAM = 0x1ffff000
                0x20003000                        __top_SRAM = 0x20003000
                0x20003000                        __top_RAM = 0x20003000

.text           0x00000000     0x5140
 FILL mask 0xff
                0x00000000                        __vectors_start__ = ABSOLUTE (.)
 *(SORT_BY_ALIGNMENT(.isr_vector))
 .isr_vector    0x00000000       0xc0 ./startup/startup_mkl25z4.o
                0x00000000                __Vectors
                0x00000000                g_pfnVectors
                0x000000c0                        . = ALIGN (0x4)
                0x000000c0                        __section_table_start = .
                0x000000c0                        __data_section_table = .
                0x000000c0        0x4 LONG 0x5140 LOADADDR (.data)
                0x000000c4        0x4 LONG 0x1ffff080 ADDR (.data)
                0x000000c8        0x4 LONG 0x6c SIZEOF (.data)
                0x000000cc                        __data_section_table_end = .
                0x000000cc                        __bss_section_table = .
                0x000000cc        0x4 LONG 0x1ffff0ec ADDR (.bss)
                0x000000d0        0x4 LONG 0x2a88 SIZEOF (.bss)
                0x000000d4                        __bss_section_table_end = .
                0x000000d4                        __section_table_end = .
 *(SORT_BY_ALIGNMENT(.after_vectors*))
 .after_vectors.reset
                0x000000d4       0x4c ./startup/startup_mkl25z4.o
                0x000000d4                ResetISR
 .after_vectors.init_data
                0x00000120       0x12 ./startup/startup_mkl25z4.o
                0x00000120                data_init
 .after_vectors.init_bss
                0x00000132       0x10 ./startup/startup_mkl25z4.o
                0x00000132                bss_init
 .after_vectors
                0x00000142      0x10c ./startup/startup_mkl25z4.o
                0x00000142                NMI_Handler
                0x0000014c                Reserved39_DriverIRQHandler
                0x0000014c                DMA0_DriverIRQHandler
                0x0000014c                SPI1_DriverIRQHandler
                0x0000014c                LPTMR0_DriverIRQHandler
                0x0000014c                PIT_DriverIRQHandler
                0x0000014c                TPM2_DriverIRQHandler
                0x0000014c                TSI0_DriverIRQHandler
                0x0000014c                RTC_Seconds_DriverIRQHandler
                0x0000014c                LLWU_DriverIRQHandler
                0x0000014c                MCG_DriverIRQHandler
                0x0000014c                FTFA_DriverIRQHandler
                0x0000014c                IntDefaultHandler
                0x0000014c                USB0_DriverIRQHandler
                0x0000014c                DAC0_DriverIRQHandler
                0x0000014c                LVD_LVW_DriverIRQHandler
                0x0000014c                TPM0_DriverIRQHandler
                0x0000014c                Reserved20_DriverIRQHandler
                0x0000014c                DMA3_DriverIRQHandler
                0x0000014c                Reserved45_DriverIRQHandler
                0x0000014c                PORTA_DriverIRQHandler
                0x0000014c                TPM1_DriverIRQHandler
                0x0000014c                RTC_DriverIRQHandler
                0x0000014c                DMA1_DriverIRQHandler
                0x0000014c                I2C1_DriverIRQHandler
                0x0000014c                SPI0_DriverIRQHandler
                0x0000014c                ADC0_DriverIRQHandler
                0x0000014c                CMP0_DriverIRQHandler
                0x0000014c                DMA2_DriverIRQHandler
                0x0000014c                PORTD_DriverIRQHandler
                0x0000014c                I2C0_DriverIRQHandler
                0x0000014e                DMA0_IRQHandler
                0x00000156                DMA1_IRQHandler
                0x0000015e                DMA2_IRQHandler
                0x00000166                DMA3_IRQHandler
                0x0000016e                Reserved20_IRQHandler
                0x00000176                FTFA_IRQHandler
                0x0000017e                LVD_LVW_IRQHandler
                0x00000186                LLWU_IRQHandler
                0x0000018e                I2C0_IRQHandler
                0x00000196                I2C1_IRQHandler
                0x0000019e                SPI0_IRQHandler
                0x000001a6                SPI1_IRQHandler
                0x000001ae                UART0_IRQHandler
                0x000001b6                UART1_IRQHandler
                0x000001be                UART2_IRQHandler
                0x000001c6                ADC0_IRQHandler
                0x000001ce                CMP0_IRQHandler
                0x000001d6                TPM0_IRQHandler
                0x000001de                TPM1_IRQHandler
                0x000001e6                TPM2_IRQHandler
                0x000001ee                RTC_IRQHandler
                0x000001f6                RTC_Seconds_IRQHandler
                0x000001fe                PIT_IRQHandler
                0x00000206                Reserved39_IRQHandler
                0x0000020e                USB0_IRQHandler
                0x00000216                DAC0_IRQHandler
                0x0000021e                TSI0_IRQHandler
                0x00000226                MCG_IRQHandler
                0x0000022e                LPTMR0_IRQHandler
                0x00000236                Reserved45_IRQHandler
                0x0000023e                PORTA_IRQHandler
                0x00000246                PORTD_IRQHandler
                0x00000400                        . = 0x400
 *fill*         0x0000024e      0x1b2 ff
                0x00000400                        PROVIDE (__FLASH_CONFIG_START__ = .)
 *(SORT_BY_ALIGNMENT(.FlashConfig))
 .FlashConfig   0x00000400       0x10 ./startup/startup_mkl25z4.o
                0x00000400                Flash_Config
                0x00000410                        PROVIDE (__FLASH_CONFIG_END__ = .)
                0x00000001                        ASSERT (! ((__FLASH_CONFIG_START__ == __FLASH_CONFIG_END__)), Linker Flash Config Support Enabled, but no .FlashConfig section provided within application)
 *(SORT_BY_ALIGNMENT(.text*))
 .text.vPortStartFirstTask
                0x00000410       0x38 ./freertos/port.o
 *fill*         0x00000448        0x8 ff
 .text.PendSV_Handler
                0x00000450       0x48 ./freertos/port.o
                0x00000450                PendSV_Handler
 .text.DbgConsole_Init
                0x00000498       0xf4 ./utilities/fsl_debug_console.o
                0x00000498                DbgConsole_Init
 .text.DbgConsole_Printf
                0x0000058c       0x44 ./utilities/fsl_debug_console.o
                0x0000058c                DbgConsole_Printf
 .text.DbgConsole_Putchar
                0x000005d0       0x34 ./utilities/fsl_debug_console.o
                0x000005d0                DbgConsole_Putchar
 .text.main     0x00000604       0xc8 ./source/freertos_hello.o
                0x00000604                main
 .text.createSemaphore
                0x000006cc       0x64 ./source/freertos_hello.o
 .text.task1    0x00000730       0x7c ./source/freertos_hello.o
 .text.task2    0x000007ac       0x7c ./source/freertos_hello.o
 .text.senderTask
                0x00000828       0x64 ./source/freertos_hello.o
 .text.receiverTask
                0x0000088c       0x58 ./source/freertos_hello.o
 .text.LED_Init
                0x000008e4       0xe8 ./source/led.o
                0x000008e4                LED_Init
 .text.ControlRedLed
                0x000009cc       0x4c ./source/led.o
                0x000009cc                ControlRedLed
 .text.ControlGreenLed
                0x00000a18       0x4c ./source/led.o
                0x00000a18                ControlGreenLed
 .text.HardFault_Handler
                0x00000a64       0x30 ./source/semihost_hardfault.o
                0x00000a64                HardFault_Handler
 .text.prvSetupTimerInterrupt
                0x00000a94       0x40 ./freertos/fsl_tickless_lptmr.o
                0x00000a94                prvSetupTimerInterrupt
 .text.pvPortMalloc
                0x00000ad4      0x150 ./freertos/heap_4.o
                0x00000ad4                pvPortMalloc
 .text.vPortFree
                0x00000c24       0x94 ./freertos/heap_4.o
                0x00000c24                vPortFree
 .text.prvHeapInit
                0x00000cb8       0xc0 ./freertos/heap_4.o
 .text.prvInsertBlockIntoFreeList
                0x00000d78       0xb0 ./freertos/heap_4.o
 .text.pxPortInitialiseStack
                0x00000e28       0x54 ./freertos/port.o
                0x00000e28                pxPortInitialiseStack
 .text.prvTaskExitError
                0x00000e7c       0x1c ./freertos/port.o
 .text.xPortStartScheduler
                0x00000e98       0x44 ./freertos/port.o
                0x00000e98                xPortStartScheduler
 .text.vPortYield
                0x00000edc       0x20 ./freertos/port.o
                0x00000edc                vPortYield
 .text.vPortEnterCritical
                0x00000efc       0x24 ./freertos/port.o
                0x00000efc                vPortEnterCritical
 .text.vPortExitCritical
                0x00000f20       0x30 ./freertos/port.o
                0x00000f20                vPortExitCritical
 .text.SysTick_Handler
                0x00000f50       0x34 ./freertos/port.o
                0x00000f50                SysTick_Handler
 .text.vQueueAddToRegistry
                0x00000f84       0x50 ./freertos/queue.o
                0x00000f84                vQueueAddToRegistry
 .text.prvInitialiseNewTask
                0x00000fd4      0x12c ./freertos/tasks.o
 .text.prvAddNewTaskToReadyList
                0x00001100       0xd0 ./freertos/tasks.o
 .text.vTaskDelay
                0x000011d0       0x4c ./freertos/tasks.o
                0x000011d0                vTaskDelay
 .text.vTaskStartScheduler
                0x0000121c       0x7c ./freertos/tasks.o
                0x0000121c                vTaskStartScheduler
 .text.vTaskSuspendAll
                0x00001298       0x18 ./freertos/tasks.o
                0x00001298                vTaskSuspendAll
 .text.xTaskResumeAll
                0x000012b0      0x118 ./freertos/tasks.o
                0x000012b0                xTaskResumeAll
 .text.xTaskGetTickCount
                0x000013c8       0x1c ./freertos/tasks.o
                0x000013c8                xTaskGetTickCount
 .text.xTaskIncrementTick
                0x000013e4      0x150 ./freertos/tasks.o
                0x000013e4                xTaskIncrementTick
 .text.vTaskSwitchContext
                0x00001534       0xa4 ./freertos/tasks.o
                0x00001534                vTaskSwitchContext
 .text.vTaskPlaceOnEventList
                0x000015d8       0x40 ./freertos/tasks.o
                0x000015d8                vTaskPlaceOnEventList
 .text.vTaskPlaceOnEventListRestricted
                0x00001618       0x50 ./freertos/tasks.o
                0x00001618                vTaskPlaceOnEventListRestricted
 .text.xTaskRemoveFromEventList
                0x00001668       0xbc ./freertos/tasks.o
                0x00001668                xTaskRemoveFromEventList
 .text.vTaskSetTimeOutState
                0x00001724       0x34 ./freertos/tasks.o
                0x00001724                vTaskSetTimeOutState
 .text.xTaskCheckForTimeOut
                0x00001758       0xa0 ./freertos/tasks.o
                0x00001758                xTaskCheckForTimeOut
 .text.vTaskMissedYield
                0x000017f8       0x14 ./freertos/tasks.o
                0x000017f8                vTaskMissedYield
 .text.prvIdleTask
                0x0000180c       0x20 ./freertos/tasks.o
 .text.prvInitialiseTaskLists
                0x0000182c       0x88 ./freertos/tasks.o
 .text.prvCheckTasksWaitingTermination
                0x000018b4       0x78 ./freertos/tasks.o
 .text.prvResetNextTaskUnblockTime
                0x0000192c       0x48 ./freertos/tasks.o
 .text.xTaskGetSchedulerState
                0x00001974       0x38 ./freertos/tasks.o
                0x00001974                xTaskGetSchedulerState
 .text.vTaskPriorityInherit
                0x000019ac       0xbc ./freertos/tasks.o
                0x000019ac                vTaskPriorityInherit
 .text.xTaskPriorityDisinherit
                0x00001a68       0xbc ./freertos/tasks.o
                0x00001a68                xTaskPriorityDisinherit
 .text.pvTaskIncrementMutexHeldCount
                0x00001b24       0x24 ./freertos/tasks.o
                0x00001b24                pvTaskIncrementMutexHeldCount
 .text.xTaskGenericNotify
                0x00001b48      0x11c ./freertos/tasks.o
                0x00001b48                xTaskGenericNotify
 .text.xTaskGenericNotifyFromISR
                0x00001c64      0x158 ./freertos/tasks.o
                0x00001c64                xTaskGenericNotifyFromISR
 .text.prvAddCurrentTaskToDelayedList
                0x00001dbc       0xa8 ./freertos/tasks.o
 .text.xTimerCreateTimerTask
                0x00001e64       0x54 ./freertos/timers.o
                0x00001e64                xTimerCreateTimerTask
 .text.xTimerGenericCommand
                0x00001eb8       0x98 ./freertos/timers.o
                0x00001eb8                xTimerGenericCommand
 .text.prvProcessExpiredTimer
                0x00001f50       0x74 ./freertos/timers.o
 .text.prvProcessTimerOrBlockTask
                0x00001fc4       0x8c ./freertos/timers.o
 .text.prvGetNextExpireTime
                0x00002050       0x40 ./freertos/timers.o
 .text.prvSampleTimeNow
                0x00002090       0x40 ./freertos/timers.o
 .text.prvInsertTimerInActiveList
                0x000020d0       0x84 ./freertos/timers.o
 .text.prvProcessReceivedCommands
                0x00002154      0x134 ./freertos/timers.o
 .text.prvSwitchTimerLists
                0x00002288       0xb8 ./freertos/timers.o
 .text.prvCheckForValidListAndQueue
                0x00002340       0x74 ./freertos/timers.o
 .text.CLOCK_SetEr32kClock
                0x000023b4       0x34 ./drivers/fsl_clock.o
 .text.CLOCK_SetPllFllSelClock
                0x000023e8       0x38 ./drivers/fsl_clock.o
 .text.CLOCK_GetMcgExtClkFreq
                0x00002420       0x28 ./drivers/fsl_clock.o
 .text.CLOCK_GetFllExtRefClkFreq
                0x00002448       0xa8 ./drivers/fsl_clock.o
 .text.CLOCK_GetFllRefClkFreq
                0x000024f0       0x2c ./drivers/fsl_clock.o
 .text.CLOCK_GetOscRangeFromFreq
                0x0000251c       0x4c ./drivers/fsl_clock.o
 .text.CLOCK_GetPllFllSelClkFreq
                0x00002568       0x4c ./drivers/fsl_clock.o
                0x00002568                CLOCK_GetPllFllSelClkFreq
 .text.CLOCK_SetSimConfig
                0x000025b4       0x38 ./drivers/fsl_clock.o
                0x000025b4                CLOCK_SetSimConfig
 .text.CLOCK_GetFllFreq
                0x000025ec       0x84 ./drivers/fsl_clock.o
                0x000025ec                CLOCK_GetFllFreq
 .text.CLOCK_GetPll0Freq
                0x00002670       0x70 ./drivers/fsl_clock.o
                0x00002670                CLOCK_GetPll0Freq
 .text.CLOCK_SetInternalRefClkConfig
                0x000026e0      0x124 ./drivers/fsl_clock.o
                0x000026e0                CLOCK_SetInternalRefClkConfig
 .text.CLOCK_EnablePll0
                0x00002804       0x94 ./drivers/fsl_clock.o
                0x00002804                CLOCK_EnablePll0
 .text.CLOCK_InitOsc0
                0x00002898       0x94 ./drivers/fsl_clock.o
                0x00002898                CLOCK_InitOsc0
 .text.CLOCK_SetPbeMode
                0x0000292c       0xb0 ./drivers/fsl_clock.o
                0x0000292c                CLOCK_SetPbeMode
 .text.CLOCK_BootToPeeMode
                0x000029dc       0x70 ./drivers/fsl_clock.o
                0x000029dc                CLOCK_BootToPeeMode
 .text.__assertion_failed
                0x00002a4c       0x1c ./drivers/fsl_common.o
                0x00002a4c                __assertion_failed
 .text.CLOCK_EnableClock
                0x00002a68       0x34 ./drivers/fsl_lpsci.o
 .text.LPSCI_GetInstance
                0x00002a9c       0x48 ./drivers/fsl_lpsci.o
                0x00002a9c                LPSCI_GetInstance
 .text.LPSCI_Init
                0x00002ae4      0x258 ./drivers/fsl_lpsci.o
                0x00002ae4                LPSCI_Init
 .text.LPSCI_GetDefaultConfig
                0x00002d3c       0x44 ./drivers/fsl_lpsci.o
                0x00002d3c                LPSCI_GetDefaultConfig
 .text.LPSCI_ClearStatusFlags
                0x00002d80       0x94 ./drivers/fsl_lpsci.o
                0x00002d80                LPSCI_ClearStatusFlags
 .text.LPSCI_WriteBlocking
                0x00002e14       0x4c ./drivers/fsl_lpsci.o
                0x00002e14                LPSCI_WriteBlocking
 .text.LPSCI_ReadBlocking
                0x00002e60       0xc0 ./drivers/fsl_lpsci.o
                0x00002e60                LPSCI_ReadBlocking
 .text.UART0_DriverIRQHandler
                0x00002f20       0x24 ./drivers/fsl_lpsci.o
                0x00002f20                UART0_DriverIRQHandler
 .text.CLOCK_EnableClock
                0x00002f44       0x34 ./drivers/fsl_uart.o
 .text.UART_GetInstance
                0x00002f78       0x54 ./drivers/fsl_uart.o
                0x00002f78                UART_GetInstance
 .text.UART_Init
                0x00002fcc      0x1e0 ./drivers/fsl_uart.o
                0x00002fcc                UART_Init
 .text.UART_GetDefaultConfig
                0x000031ac       0x44 ./drivers/fsl_uart.o
                0x000031ac                UART_GetDefaultConfig
 .text.UART_ReadBlocking
                0x000031f0       0x98 ./drivers/fsl_uart.o
                0x000031f0                UART_ReadBlocking
 .text.UART1_DriverIRQHandler
                0x00003288       0x24 ./drivers/fsl_uart.o
                0x00003288                UART1_DriverIRQHandler
 .text.UART2_DriverIRQHandler
                0x000032ac       0x24 ./drivers/fsl_uart.o
                0x000032ac                UART2_DriverIRQHandler
 .text.CLOCK_SetLpsci0Clock
                0x000032d0       0x38 ./board/board.o
 .text.BOARD_InitDebugConsole
                0x00003308       0x30 ./board/board.o
                0x00003308                BOARD_InitDebugConsole
 .text.CLOCK_SetSimSafeDivs
                0x00003338       0x20 ./board/clock_config.o
 .text.CLOCK_SetXtal0Freq
                0x00003358       0x1c ./board/clock_config.o
 .text.CLOCK_CONFIG_SetFllExtRefDiv
                0x00003374       0x3c ./board/clock_config.o
 .text.BOARD_BootClockRUN
                0x000033b0       0x64 ./board/clock_config.o
                0x000033b0                BOARD_BootClockRUN
 .text.CLOCK_EnableClock
                0x00003414       0x34 ./board/pin_mux.o
 .text.PORT_SetPinMux
                0x00003448       0x40 ./board/pin_mux.o
 .text.BOARD_InitPins
                0x00003488       0x4c ./board/pin_mux.o
                0x00003488                BOARD_InitPins
 .text.SystemInit
                0x000034d4       0x18 ./CMSIS/system_MKL25Z4.o
                0x000034d4                SystemInit
 .text._initio  0x000034ec       0x7c /Applications/MCUXpressoIDE_11.9.0_2144/ide/plugins/com.nxp.mcuxpresso.tools.macosx_11.9.0.202307121226/tools/bin/../lib/gcc/arm-none-eabi/12.3.1/../../../../arm-none-eabi/lib/thumb/v6-m/nofp/libcr_c.a(initio.o)
                0x000034ec                _initio
 .text.setvbuf  0x00003568       0x4c /Applications/MCUXpressoIDE_11.9.0_2144/ide/plugins/com.nxp.mcuxpresso.tools.macosx_11.9.0.202307121226/tools/bin/../lib/gcc/arm-none-eabi/12.3.1/../../../../arm-none-eabi/lib/thumb/v6-m/nofp/libcr_c.a(setvbuf.o)
                0x00003568                setvbuf
 .text.strlen   0x000035b4       0x5c /Applications/MCUXpressoIDE_11.9.0_2144/ide/plugins/com.nxp.mcuxpresso.tools.macosx_11.9.0.202307121226/tools/bin/../lib/gcc/arm-none-eabi/12.3.1/../../../../arm-none-eabi/lib/thumb/v6-m/nofp/libcr_c.a(strlen.o)
                0x000035b4                strlen
 .text._fdopen  0x00003610       0x74 /Applications/MCUXpressoIDE_11.9.0_2144/ide/plugins/com.nxp.mcuxpresso.tools.macosx_11.9.0.202307121226/tools/bin/../lib/gcc/arm-none-eabi/12.3.1/../../../../arm-none-eabi/lib/thumb/v6-m/nofp/libcr_c.a(_fdopen.o)
                0x00003610                _fdopen
 .text.fclose   0x00003684       0x5c /Applications/MCUXpressoIDE_11.9.0_2144/ide/plugins/com.nxp.mcuxpresso.tools.macosx_11.9.0.202307121226/tools/bin/../lib/gcc/arm-none-eabi/12.3.1/../../../../arm-none-eabi/lib/thumb/v6-m/nofp/libcr_c.a(fclose.o)
                0x00003684                fclose
 .text.fflush   0x000036e0       0x40 /Applications/MCUXpressoIDE_11.9.0_2144/ide/plugins/com.nxp.mcuxpresso.tools.macosx_11.9.0.202307121226/tools/bin/../lib/gcc/arm-none-eabi/12.3.1/../../../../arm-none-eabi/lib/thumb/v6-m/nofp/libcr_c.a(fflush.o)
                0x000036e0                fflush
 .text.fseek    0x00003720       0xec /Applications/MCUXpressoIDE_11.9.0_2144/ide/plugins/com.nxp.mcuxpresso.tools.macosx_11.9.0.202307121226/tools/bin/../lib/gcc/arm-none-eabi/12.3.1/../../../../arm-none-eabi/lib/thumb/v6-m/nofp/libcr_c.a(fseek.o)
                0x00003720                fseek
 .text.ftell    0x0000380c       0x4c /Applications/MCUXpressoIDE_11.9.0_2144/ide/plugins/com.nxp.mcuxpresso.tools.macosx_11.9.0.202307121226/tools/bin/../lib/gcc/arm-none-eabi/12.3.1/../../../../arm-none-eabi/lib/thumb/v6-m/nofp/libcr_c.a(ftell.o)
                0x0000380c                ftell
 .text._do_fflush
                0x00003858       0x48 /Applications/MCUXpressoIDE_11.9.0_2144/ide/plugins/com.nxp.mcuxpresso.tools.macosx_11.9.0.202307121226/tools/bin/../lib/gcc/arm-none-eabi/12.3.1/../../../../arm-none-eabi/lib/thumb/v6-m/nofp/libcr_c.a(_do_fflush.o)
                0x00003858                _do_fflush
 .text._fflush  0x000038a0       0x5c /Applications/MCUXpressoIDE_11.9.0_2144/ide/plugins/com.nxp.mcuxpresso.tools.macosx_11.9.0.202307121226/tools/bin/../lib/gcc/arm-none-eabi/12.3.1/../../../../arm-none-eabi/lib/thumb/v6-m/nofp/libcr_c.a(_fflush.o)
                0x000038a0                _fflush
 .text._Cwritebuf
                0x000038fc       0x68 /Applications/MCUXpressoIDE_11.9.0_2144/ide/plugins/com.nxp.mcuxpresso.tools.macosx_11.9.0.202307121226/tools/bin/../lib/gcc/arm-none-eabi/12.3.1/../../../../arm-none-eabi/lib/thumb/v6-m/nofp/libcr_c.a(_writebuf.o)
                0x000038fc                _Cwritebuf
 .text._deferredlazyseek
                0x00003964       0x40 /Applications/MCUXpressoIDE_11.9.0_2144/ide/plugins/com.nxp.mcuxpresso.tools.macosx_11.9.0.202307121226/tools/bin/../lib/gcc/arm-none-eabi/12.3.1/../../../../arm-none-eabi/lib/thumb/v6-m/nofp/libcr_c.a(_deferredlazyseek.o)
                0x00003964                _deferredlazyseek
 .text.UART_EnableTx
                0x000039a4       0x40 ./utilities/fsl_debug_console.o
 .text.UART_EnableRx
                0x000039e4       0x40 ./utilities/fsl_debug_console.o
 .text.LPSCI_EnableTx
                0x00003a24       0x40 ./utilities/fsl_debug_console.o
 .text.LPSCI_EnableRx
                0x00003a64       0x40 ./utilities/fsl_debug_console.o
 .text.DbgConsole_PrintfPaddingCharacter
                0x00003aa4       0x48 ./utilities/fsl_debug_console.o
 .text.DbgConsole_ConvertRadixNumToString
                0x00003aec      0x114 ./utilities/fsl_debug_console.o
 .text.DbgConsole_PrintfFormattedData
                0x00003c00      0x33a ./utilities/fsl_debug_console.o
 .text.vListInitialise
                0x00003f3a       0x3c ./freertos/list.o
                0x00003f3a                vListInitialise
 .text.vListInitialiseItem
                0x00003f76       0x16 ./freertos/list.o
                0x00003f76                vListInitialiseItem
 .text.vListInsertEnd
                0x00003f8c       0x44 ./freertos/list.o
                0x00003f8c                vListInsertEnd
 .text.vListInsert
                0x00003fd0       0x6c ./freertos/list.o
                0x00003fd0                vListInsert
 .text.uxListRemove
                0x0000403c       0x50 ./freertos/list.o
                0x0000403c                uxListRemove
 .text.SVC_Handler
                0x0000408c        0xa ./freertos/port.o
                0x0000408c                SVC_Handler
 .text.ulSetInterruptMaskFromISR
                0x00004096        0xc ./freertos/port.o
                0x00004096                ulSetInterruptMaskFromISR
 .text.vClearInterruptMaskFromISR
                0x000040a2        0x8 ./freertos/port.o
                0x000040a2                vClearInterruptMaskFromISR
 .text.xQueueGenericReset
                0x000040aa       0xaa ./freertos/queue.o
                0x000040aa                xQueueGenericReset
 .text.xQueueGenericCreate
                0x00004154       0x66 ./freertos/queue.o
                0x00004154                xQueueGenericCreate
 .text.prvInitialiseNewQueue
                0x000041ba       0x4e ./freertos/queue.o
 .text.prvInitialiseMutex
                0x00004208       0x34 ./freertos/queue.o
 .text.xQueueCreateMutex
                0x0000423c       0x38 ./freertos/queue.o
                0x0000423c                xQueueCreateMutex
 .text.xQueueGenericSend
                0x00004274      0x190 ./freertos/queue.o
                0x00004274                xQueueGenericSend
 .text.xQueueGenericSendFromISR
                0x00004404       0xe8 ./freertos/queue.o
                0x00004404                xQueueGenericSendFromISR
 .text.xQueueGenericReceive
                0x000044ec      0x1ce ./freertos/queue.o
                0x000044ec                xQueueGenericReceive
 .text.prvCopyDataToQueue
                0x000046ba       0xd6 ./freertos/queue.o
 .text.prvCopyDataFromQueue
                0x00004790       0x4c ./freertos/queue.o
 .text.prvUnlockQueue
                0x000047dc       0xbc ./freertos/queue.o
 .text.prvIsQueueEmpty
                0x00004898       0x2c ./freertos/queue.o
 .text.prvIsQueueFull
                0x000048c4       0x30 ./freertos/queue.o
 .text.vQueueWaitForMessageRestricted
                0x000048f4       0x66 ./freertos/queue.o
                0x000048f4                vQueueWaitForMessageRestricted
 .text.xTaskCreate
                0x0000495a       0x90 ./freertos/tasks.o
                0x0000495a                xTaskCreate
 .text.prvDeleteTCB
                0x000049ea       0x22 ./freertos/tasks.o
 .text.prvTimerTask
                0x00004a0c       0x2a ./freertos/timers.o
 .text.OSC_SetExtRefClkConfig
                0x00004a36       0x3e ./drivers/fsl_clock.o
 .text.OSC_SetCapLoad
                0x00004a74       0x42 ./drivers/fsl_clock.o
 .text.CLOCK_GetPll0RefFreq
                0x00004ab6       0x10 ./drivers/fsl_clock.o
 .text.CLOCK_SetExternalRefClkConfig
                0x00004ac6       0x16 ./drivers/fsl_clock.o
                0x00004ac6                CLOCK_SetExternalRefClkConfig
 .text.LPSCI_GetStatusFlags
                0x00004adc       0x26 ./drivers/fsl_lpsci.o
                0x00004adc                LPSCI_GetStatusFlags
 .text.UART_GetStatusFlags
                0x00004b02       0x26 ./drivers/fsl_uart.o
                0x00004b02                UART_GetStatusFlags
 .text.UART_WriteBlocking
                0x00004b28       0x3c ./drivers/fsl_uart.o
                0x00004b28                UART_WriteBlocking
 .text.__main   0x00004b64        0xc /Applications/MCUXpressoIDE_11.9.0_2144/ide/plugins/com.nxp.mcuxpresso.tools.macosx_11.9.0.202307121226/tools/bin/../lib/gcc/arm-none-eabi/12.3.1/../../../../arm-none-eabi/lib/thumb/v6-m/nofp/libcr_nohost_nf.a(_cr__main.o)
                0x00004b64                __main
 .text.memcpy   0x00004b70        0x8 /Applications/MCUXpressoIDE_11.9.0_2144/ide/plugins/com.nxp.mcuxpresso.tools.macosx_11.9.0.202307121226/tools/bin/../lib/gcc/arm-none-eabi/12.3.1/../../../../arm-none-eabi/lib/thumb/v6-m/nofp/libcr_c.a(memcpy.o)
                0x00004b70                memcpy
 .text.memset   0x00004b78        0x8 /Applications/MCUXpressoIDE_11.9.0_2144/ide/plugins/com.nxp.mcuxpresso.tools.macosx_11.9.0.202307121226/tools/bin/../lib/gcc/arm-none-eabi/12.3.1/../../../../arm-none-eabi/lib/thumb/v6-m/nofp/libcr_c.a(memset.o)
                0x00004b78                memset
 .text.remove   0x00004b80       0x12 /Applications/MCUXpressoIDE_11.9.0_2144/ide/plugins/com.nxp.mcuxpresso.tools.macosx_11.9.0.202307121226/tools/bin/../lib/gcc/arm-none-eabi/12.3.1/../../../../arm-none-eabi/lib/thumb/v6-m/nofp/libcr_c.a(remove.o)
                0x00004b80                remove
 .text.free     0x00004b92       0x2c /Applications/MCUXpressoIDE_11.9.0_2144/ide/plugins/com.nxp.mcuxpresso.tools.macosx_11.9.0.202307121226/tools/bin/../lib/gcc/arm-none-eabi/12.3.1/../../../../arm-none-eabi/lib/thumb/v6-m/nofp/libcr_c.a(alloc.o)
                0x00004b92                free
 .text.__aeabi_division_idivmod
                0x00004bbe       0x78 /Applications/MCUXpressoIDE_11.9.0_2144/ide/plugins/com.nxp.mcuxpresso.tools.macosx_11.9.0.202307121226/tools/bin/../lib/gcc/arm-none-eabi/12.3.1/thumb/v6-m/nofp/libcr_eabihelpers.a(division_32.o)
                0x00004bbe                __aeabi_idiv
                0x00004bbe                __aeabi_idivmod
                0x00004bc4                __aeabi_uidiv
                0x00004bc4                __aeabi_uidivmod
 .text.__aeabi_division_idiv0
                0x00004c36        0x2 /Applications/MCUXpressoIDE_11.9.0_2144/ide/plugins/com.nxp.mcuxpresso.tools.macosx_11.9.0.202307121226/tools/bin/../lib/gcc/arm-none-eabi/12.3.1/thumb/v6-m/nofp/libcr_eabihelpers.a(division_idiv0.o)
                0x00004c36                __aeabi_idiv0
 .text.__aeabi_memcpy
                0x00004c38       0x2c /Applications/MCUXpressoIDE_11.9.0_2144/ide/plugins/com.nxp.mcuxpresso.tools.macosx_11.9.0.202307121226/tools/bin/../lib/gcc/arm-none-eabi/12.3.1/thumb/v6-m/nofp/libcr_eabihelpers.a(memcpy.o)
                0x00004c38                __aeabi_memcpy
                0x00004c38                __aeabi_memcpy4
                0x00004c38                __aeabi_memcpy8
 .text.__aeabi_memset_lowlevel
                0x00004c64       0x2a /Applications/MCUXpressoIDE_11.9.0_2144/ide/plugins/com.nxp.mcuxpresso.tools.macosx_11.9.0.202307121226/tools/bin/../lib/gcc/arm-none-eabi/12.3.1/thumb/v6-m/nofp/libcr_eabihelpers.a(memcpy.o)
                0x00004c64                __aeabi_lowlevel_memset
 .text.__sys_close
                0x00004c8e        0x6 /Applications/MCUXpressoIDE_11.9.0_2144/ide/plugins/com.nxp.mcuxpresso.tools.macosx_11.9.0.202307121226/tools/bin/../lib/gcc/arm-none-eabi/12.3.1/../../../../arm-none-eabi/lib/thumb/v6-m/nofp/libcr_nohost_nf.a(__sys_close.o)
                0x00004c8e                __sys_close
 .text.__sys_flen
                0x00004c94        0x6 /Applications/MCUXpressoIDE_11.9.0_2144/ide/plugins/com.nxp.mcuxpresso.tools.macosx_11.9.0.202307121226/tools/bin/../lib/gcc/arm-none-eabi/12.3.1/../../../../arm-none-eabi/lib/thumb/v6-m/nofp/libcr_nohost_nf.a(__sys_flen.o)
                0x00004c94                __sys_flen
 .text.__sys_istty
                0x00004c9a        0x6 /Applications/MCUXpressoIDE_11.9.0_2144/ide/plugins/com.nxp.mcuxpresso.tools.macosx_11.9.0.202307121226/tools/bin/../lib/gcc/arm-none-eabi/12.3.1/../../../../arm-none-eabi/lib/thumb/v6-m/nofp/libcr_nohost_nf.a(__sys_istty.o)
                0x00004c9a                __sys_istty
 .text.__sys_remove
                0x00004ca0        0x6 /Applications/MCUXpressoIDE_11.9.0_2144/ide/plugins/com.nxp.mcuxpresso.tools.macosx_11.9.0.202307121226/tools/bin/../lib/gcc/arm-none-eabi/12.3.1/../../../../arm-none-eabi/lib/thumb/v6-m/nofp/libcr_nohost_nf.a(__sys_remove.o)
                0x00004ca0                __sys_remove
 .text.__sys_seek
                0x00004ca6        0x6 /Applications/MCUXpressoIDE_11.9.0_2144/ide/plugins/com.nxp.mcuxpresso.tools.macosx_11.9.0.202307121226/tools/bin/../lib/gcc/arm-none-eabi/12.3.1/../../../../arm-none-eabi/lib/thumb/v6-m/nofp/libcr_nohost_nf.a(__sys_seek.o)
                0x00004ca6                __sys_seek
 .text.__sys_tmpnam
                0x00004cac        0x6 /Applications/MCUXpressoIDE_11.9.0_2144/ide/plugins/com.nxp.mcuxpresso.tools.macosx_11.9.0.202307121226/tools/bin/../lib/gcc/arm-none-eabi/12.3.1/../../../../arm-none-eabi/lib/thumb/v6-m/nofp/libcr_nohost_nf.a(__sys_tmpnam.o)
                0x00004cac                __sys_tmpnam
 .text.__sys_write
                0x00004cb2        0x4 /Applications/MCUXpressoIDE_11.9.0_2144/ide/plugins/com.nxp.mcuxpresso.tools.macosx_11.9.0.202307121226/tools/bin/../lib/gcc/arm-none-eabi/12.3.1/../../../../arm-none-eabi/lib/thumb/v6-m/nofp/libcr_nohost_nf.a(__sys_write.o)
                0x00004cb2                __sys_write
 *freertos*/tasks.o(SORT_BY_ALIGNMENT(.rodata*))
 *fill*         0x00004cb6        0x2 ff
 .rodata.vTaskStartScheduler.str1.4
                0x00004cb8        0x5 ./freertos/tasks.o
 *fill*         0x00004cbd        0x3 ff
 .rodata.xTaskGenericNotify
                0x00004cc0       0x14 ./freertos/tasks.o
 .rodata.xTaskGenericNotifyFromISR
                0x00004cd4       0x14 ./freertos/tasks.o
 .rodata        0x00004ce8       0x10 ./freertos/tasks.o
                0x00004ce8                FreeRTOSDebugConfig
 *(SORT_BY_ALIGNMENT(.rodata) SORT_BY_ALIGNMENT(.rodata.*) SORT_BY_ALIGNMENT(.constdata) SORT_BY_ALIGNMENT(.constdata.*))
 .rodata.str1.4
                0x00004cf8       0x83 ./source/freertos_hello.o
 *fill*         0x00004d7b        0x1 ff
 .rodata.createSemaphore.str1.4
                0x00004d7c       0x5b ./source/freertos_hello.o
 *fill*         0x00004dd7        0x1 ff
 .rodata.task1.str1.4
                0x00004dd8       0x40 ./source/freertos_hello.o
 .rodata.task2.str1.4
                0x00004e18       0x38 ./source/freertos_hello.o
 .rodata.senderTask.str1.4
                0x00004e50       0x35 ./source/freertos_hello.o
 *fill*         0x00004e85        0x3 ff
 .rodata.receiverTask.str1.4
                0x00004e88       0x36 ./source/freertos_hello.o
 *fill*         0x00004ebe        0x2 ff
 .rodata.xTimerCreateTimerTask.str1.4
                0x00004ec0        0x8 ./freertos/timers.o
 .rodata.prvProcessReceivedCommands
                0x00004ec8       0x28 ./freertos/timers.o
 .rodata.prvCheckForValidListAndQueue.str1.4
                0x00004ef0        0x5 ./freertos/timers.o
 *fill*         0x00004ef5        0x3 ff
 .rodata.CLOCK_GetMcgExtClkFreq.str1.4
                0x00004ef8       0x1e ./drivers/fsl_clock.o
 *fill*         0x00004f16        0x2 ff
 .rodata.CLOCK_GetPll0Freq.str1.4
                0x00004f18       0x1d ./drivers/fsl_clock.o
 *fill*         0x00004f35        0x3 ff
 .rodata.CLOCK_EnablePll0.str1.4
                0x00004f38       0x19 ./drivers/fsl_clock.o
 *fill*         0x00004f51        0x3 ff
 .rodata.CLOCK_SetPbeMode.str1.4
                0x00004f54       0x1a ./drivers/fsl_clock.o
 *fill*         0x00004f6e        0x2 ff
 .rodata.CLOCK_BootToPeeMode.str1.4
                0x00004f70       0x1a ./drivers/fsl_clock.o
 *fill*         0x00004f8a        0x2 ff
 .rodata.fllFactorTable.1
                0x00004f8c       0x10 ./drivers/fsl_clock.o
 .rodata.__assertion_failed.str1.4
                0x00004f9c        0x4 ./drivers/fsl_common.o
 .rodata.LPSCI_GetInstance.str1.4
                0x00004fa0       0x36 ./drivers/fsl_lpsci.o
 *fill*         0x00004fd6        0x2 ff
 .rodata.LPSCI_Init.str1.4
                0x00004fd8       0x43 ./drivers/fsl_lpsci.o
 *fill*         0x0000501b        0x1 ff
 .rodata.LPSCI_GetDefaultConfig.str1.4
                0x0000501c       0x19 ./drivers/fsl_lpsci.o
 *fill*         0x00005035        0x3 ff
 .rodata.LPSCI_WriteBlocking.str1.4
                0x00005038       0x17 ./drivers/fsl_lpsci.o
 *fill*         0x0000504f        0x1 ff
 .rodata.LPSCI_ReadBlocking.str1.4
                0x00005050       0x17 ./drivers/fsl_lpsci.o
 *fill*         0x00005067        0x1 ff
 .rodata.s_uartBases
                0x00005068        0xc ./drivers/fsl_uart.o
 .rodata.s_uartClock
                0x00005074        0xc ./drivers/fsl_uart.o
 .rodata.UART_GetInstance.str1.4
                0x00005080       0x2b ./drivers/fsl_uart.o
 *fill*         0x000050ab        0x1 ff
 .rodata.UART_Init.str1.4
                0x000050ac       0x3e ./drivers/fsl_uart.o
 *fill*         0x000050ea        0x2 ff
 .rodata.UART_GetDefaultConfig.str1.4
                0x000050ec       0x18 ./drivers/fsl_uart.o
 .rodata.UART_ReadBlocking.str1.4
                0x00005104       0x16 ./drivers/fsl_uart.o
 *fill*         0x0000511a        0x2 ff
 .rodata.mcgConfig_BOARD_BootClockRUN
                0x0000511c        0xa ./board/clock_config.o
                0x0000511c                mcgConfig_BOARD_BootClockRUN
 *fill*         0x00005126        0x2 ff
 .rodata.simConfig_BOARD_BootClockRUN
                0x00005128        0x8 ./board/clock_config.o
                0x00005128                simConfig_BOARD_BootClockRUN
 .rodata.oscConfig_BOARD_BootClockRUN
                0x00005130        0x8 ./board/clock_config.o
                0x00005130                oscConfig_BOARD_BootClockRUN
 .rodata.__num_Ciob_streams
                0x00005138        0x4 /Applications/MCUXpressoIDE_11.9.0_2144/ide/plugins/com.nxp.mcuxpresso.tools.macosx_11.9.0.202307121226/tools/bin/../lib/gcc/arm-none-eabi/12.3.1/../../../../arm-none-eabi/lib/thumb/v6-m/nofp/libcr_nohost_nf.a(__ciob.o)
                0x00005138                __num_Ciob_streams
 .rodata._initio.str1.1
                0x0000513c        0x4 /Applications/MCUXpressoIDE_11.9.0_2144/ide/plugins/com.nxp.mcuxpresso.tools.macosx_11.9.0.202307121226/tools/bin/../lib/gcc/arm-none-eabi/12.3.1/../../../../arm-none-eabi/lib/thumb/v6-m/nofp/libcr_c.a(initio.o)
                0x00005140                        . = ALIGN (0x4)

.glue_7         0x00005140        0x0
 .glue_7        0x00005140        0x0 linker stubs

.glue_7t        0x00005140        0x0
 .glue_7t       0x00005140        0x0 linker stubs

.vfp11_veneer   0x00005140        0x0
 .vfp11_veneer  0x00005140        0x0 linker stubs

.v4_bx          0x00005140        0x0
 .v4_bx         0x00005140        0x0 linker stubs

.iplt           0x00005140        0x0
 .iplt          0x00005140        0x0 ./utilities/fsl_debug_console.o

.rel.dyn        0x00005140        0x0
 .rel.iplt      0x00005140        0x0 ./utilities/fsl_debug_console.o

.ARM.extab
 *(SORT_BY_ALIGNMENT(.ARM.extab*) SORT_BY_ALIGNMENT(.gnu.linkonce.armextab.*))

.ARM.exidx      0x00005140        0x0
                0x00005140                        __exidx_start = .
 *(SORT_BY_ALIGNMENT(.ARM.exidx*) SORT_BY_ALIGNMENT(.gnu.linkonce.armexidx.*))
                0x00005140                        __exidx_end = .
                0x00005140                        _etext = .

.m_usb_data
 *(SORT_BY_ALIGNMENT(m_usb_bdt))

.mtb_buffer_default
                0x1ffff000       0x80
 *(SORT_BY_ALIGNMENT(.mtb*))
 .mtb.$RAM1     0x1ffff000       0x80 ./source/mtb.o
                0x1ffff000                __mtb_buffer__

.uninit_RESERVED
                0x1ffff080        0x0
                0x1ffff080                        _start_uninit_RESERVED = .
 *(SORT_BY_ALIGNMENT(.bss.$RESERVED*))
                0x1ffff080                        . = ALIGN (0x4)
                0x1ffff080                        _end_uninit_RESERVED = .

.data           0x1ffff080       0x6c load address 0x00005140
 FILL mask 0xff
                0x1ffff080                        _data = .
                [!provide]                        PROVIDE (__start_data_RAM = .)
                [!provide]                        PROVIDE (__start_data_SRAM = .)
 *(SORT_BY_ALIGNMENT(vtable))
 *(SORT_BY_ALIGNMENT(.ramfunc*))
 *(SORT_BY_ALIGNMENT(CodeQuickAccess))
 *(SORT_BY_ALIGNMENT(DataQuickAccess))
 *(SORT_BY_ALIGNMENT(RamFunction))
 *(SORT_BY_ALIGNMENT(.data*))
 .data.Tasks_List
                0x1ffff080       0x60 ./source/freertos_hello.o
                0x1ffff080                Tasks_List
 .data.uxCriticalNesting
                0x1ffff0e0        0x4 ./freertos/port.o
 .data.s_slowIrcFreq
                0x1ffff0e4        0x4 ./drivers/fsl_clock.o
 .data.SystemCoreClock
                0x1ffff0e8        0x4 ./CMSIS/system_MKL25Z4.o
                0x1ffff0e8                SystemCoreClock
                0x1ffff0ec                        . = ALIGN (0x4)
                0x1ffff0ec                        _edata = .
                [!provide]                        PROVIDE (__end_data_RAM = .)
                [!provide]                        PROVIDE (__end_data_SRAM = .)

.igot.plt       0x1ffff0ec        0x0 load address 0x000051ac
 .igot.plt      0x1ffff0ec        0x0 ./utilities/fsl_debug_console.o

.bss            0x1ffff0ec     0x2a88
                0x1ffff0ec                        _bss = .
                [!provide]                        PROVIDE (__start_bss_RAM = .)
                [!provide]                        PROVIDE (__start_bss_SRAM = .)
 *(SORT_BY_ALIGNMENT(.bss*))
 .bss.s_debugConsole
                0x1ffff0ec       0x10 ./utilities/fsl_debug_console.o
 .bss.xSemaphoreMutex
                0x1ffff0fc        0x4 ./source/freertos_hello.o
                0x1ffff0fc                xSemaphoreMutex
 .bss.msgQueue1
                0x1ffff100        0x4 ./source/freertos_hello.o
                0x1ffff100                msgQueue1
 .bss.value.0   0x1ffff104        0x4 ./source/freertos_hello.o
 .bss.ucHeap    0x1ffff108     0x2800 ./freertos/heap_4.o
 .bss.xStart    0x20001908        0x8 ./freertos/heap_4.o
 .bss.pxEnd     0x20001910        0x4 ./freertos/heap_4.o
 .bss.xFreeBytesRemaining
                0x20001914        0x4 ./freertos/heap_4.o
 .bss.xMinimumEverFreeBytesRemaining
                0x20001918        0x4 ./freertos/heap_4.o
 .bss.xBlockAllocatedBit
                0x2000191c        0x4 ./freertos/heap_4.o
 .bss.xQueueRegistry
                0x20001920       0x40 ./freertos/queue.o
                0x20001920                xQueueRegistry
 .bss.pxCurrentTCB
                0x20001960        0x4 ./freertos/tasks.o
                0x20001960                pxCurrentTCB
 .bss.pxReadyTasksLists
                0x20001964       0x64 ./freertos/tasks.o
 .bss.xDelayedTaskList1
                0x200019c8       0x14 ./freertos/tasks.o
 .bss.xDelayedTaskList2
                0x200019dc       0x14 ./freertos/tasks.o
 .bss.pxDelayedTaskList
                0x200019f0        0x4 ./freertos/tasks.o
 .bss.pxOverflowDelayedTaskList
                0x200019f4        0x4 ./freertos/tasks.o
 .bss.xPendingReadyList
                0x200019f8       0x14 ./freertos/tasks.o
 .bss.xTasksWaitingTermination
                0x20001a0c       0x14 ./freertos/tasks.o
 .bss.uxDeletedTasksWaitingCleanUp
                0x20001a20        0x4 ./freertos/tasks.o
 .bss.xSuspendedTaskList
                0x20001a24       0x14 ./freertos/tasks.o
 .bss.uxCurrentNumberOfTasks
                0x20001a38        0x4 ./freertos/tasks.o
 .bss.xTickCount
                0x20001a3c        0x4 ./freertos/tasks.o
 .bss.uxTopReadyPriority
                0x20001a40        0x4 ./freertos/tasks.o
 .bss.xSchedulerRunning
                0x20001a44        0x4 ./freertos/tasks.o
 .bss.uxPendedTicks
                0x20001a48        0x4 ./freertos/tasks.o
 .bss.xYieldPending
                0x20001a4c        0x4 ./freertos/tasks.o
 .bss.xNumOfOverflows
                0x20001a50        0x4 ./freertos/tasks.o
 .bss.uxTaskNumber
                0x20001a54        0x4 ./freertos/tasks.o
 .bss.xNextTaskUnblockTime
                0x20001a58        0x4 ./freertos/tasks.o
 .bss.xIdleTaskHandle
                0x20001a5c        0x4 ./freertos/tasks.o
 .bss.uxSchedulerSuspended
                0x20001a60        0x4 ./freertos/tasks.o
 .bss.xActiveTimerList1
                0x20001a64       0x14 ./freertos/timers.o
 .bss.xActiveTimerList2
                0x20001a78       0x14 ./freertos/timers.o
 .bss.pxCurrentTimerList
                0x20001a8c        0x4 ./freertos/timers.o
 .bss.pxOverflowTimerList
                0x20001a90        0x4 ./freertos/timers.o
 .bss.xTimerQueue
                0x20001a94        0x4 ./freertos/timers.o
 .bss.xTimerTaskHandle
                0x20001a98        0x4 ./freertos/timers.o
 .bss.xLastTime.0
                0x20001a9c        0x4 ./freertos/timers.o
 .bss.g_xtal0Freq
                0x20001aa0        0x4 ./drivers/fsl_clock.o
                0x20001aa0                g_xtal0Freq
 .bss.s_lpsciHandle
                0x20001aa4        0x4 ./drivers/fsl_lpsci.o
 .bss.s_lpsciIsr
                0x20001aa8        0x4 ./drivers/fsl_lpsci.o
 .bss.s_uartHandle
                0x20001aac        0xc ./drivers/fsl_uart.o
 .bss.s_uartIsr
                0x20001ab8        0x4 ./drivers/fsl_uart.o
 .bss.errno     0x20001abc        0x4 /Applications/MCUXpressoIDE_11.9.0_2144/ide/plugins/com.nxp.mcuxpresso.tools.macosx_11.9.0.202307121226/tools/bin/../lib/gcc/arm-none-eabi/12.3.1/../../../../arm-none-eabi/lib/thumb/v6-m/nofp/libcr_c.a(errno.o)
                0x20001abc                errno
 .bss.__Ciob    0x20001ac0       0xb4 /Applications/MCUXpressoIDE_11.9.0_2144/ide/plugins/com.nxp.mcuxpresso.tools.macosx_11.9.0.202307121226/tools/bin/../lib/gcc/arm-none-eabi/12.3.1/../../../../arm-none-eabi/lib/thumb/v6-m/nofp/libcr_nohost_nf.a(__ciob.o)
                0x20001ac0                __Ciob
 *(SORT_BY_ALIGNMENT(COMMON))
                0x20001b74                        . = ALIGN (0x4)
                0x20001b74                        _ebss = .
                [!provide]                        PROVIDE (__end_bss_RAM = .)
                [!provide]                        PROVIDE (__end_bss_SRAM = .)
                [!provide]                        PROVIDE (end = .)

.noinit         0x20001b74        0x0
                0x20001b74                        _noinit = .
                [!provide]                        PROVIDE (__start_noinit_RAM = .)
                [!provide]                        PROVIDE (__start_noinit_SRAM = .)
 *(SORT_BY_ALIGNMENT(.noinit*))
                0x20001b74                        . = ALIGN (0x4)
                0x20001b74                        _end_noinit = .
                [!provide]                        PROVIDE (__end_noinit_RAM = .)
                [!provide]                        PROVIDE (__end_noinit_SRAM = .)
                0x00000400                        _HeapSize = 0x400

.heap           0x20001b74      0x400
                0x20001b74                        _pvHeapStart = .
                0x20001f74                        . = (. + _HeapSize)
 *fill*         0x20001b74      0x400 
                0x20001f74                        . = ALIGN (0x4)
                0x20001f74                        _pvHeapLimit = .
                0x00000400                        _StackSize = 0x400

.heap2stackfill
                0x20001f74      0x400
                0x20002374                        . = (. + _StackSize)
 *fill*         0x20001f74      0x400 

.stack          0x20002c00        0x0
                0x20002c00                        _vStackBase = .
                0x20002c00                        . = ALIGN (0x4)
                0x20003000                        _vStackTop = (. + _StackSize)
                0x00000000                        _image_start = LOADADDR (.text)
                0x000051ac                        _image_end = (LOADADDR (.data) + SIZEOF (.data))
                0x000051ac                        _image_size = (_image_end - _image_start)
OUTPUT(FreeRtosHello_rtos_examples_freertos_hello.axf elf32-littlearm)
LOAD linker stubs

.debug_info     0x00000000     0xe98b
 .debug_info    0x00000000      0xf51 ./utilities/fsl_debug_console.o
 .debug_info    0x00000f51      0x687 ./startup/startup_mkl25z4.o
 .debug_info    0x000015d8      0x5a6 ./source/freertos_hello.o
 .debug_info    0x00001b7e      0x3de ./source/led.o
 .debug_info    0x00001f5c       0x4f ./source/mtb.o
 .debug_info    0x00001fab       0x38 ./source/semihost_hardfault.o
 .debug_info    0x00001fe3       0xb0 ./freertos/fsl_tickless_lptmr.o
 .debug_info    0x00002093      0x31a ./freertos/heap_4.o
 .debug_info    0x000023ad      0x2af ./freertos/list.o
 .debug_info    0x0000265c      0x247 ./freertos/port.o
 .debug_info    0x000028a3     0x108c ./freertos/queue.o
 .debug_info    0x0000392f     0x19f4 ./freertos/tasks.o
 .debug_info    0x00005323      0xd73 ./freertos/timers.o
 .debug_info    0x00006096     0x1a75 ./drivers/fsl_clock.o
 .debug_info    0x00007b0b      0x406 ./drivers/fsl_common.o
 .debug_info    0x00007f11     0x1448 ./drivers/fsl_lpsci.o
 .debug_info    0x00009359     0x13e9 ./drivers/fsl_uart.o
 .debug_info    0x0000a742      0x3da ./board/board.o
 .debug_info    0x0000ab1c      0xb8f ./board/clock_config.o
 .debug_info    0x0000b6ab      0x531 ./board/pin_mux.o
 .debug_info    0x0000bbdc      0x3fd ./CMSIS/system_MKL25Z4.o
 .debug_info    0x0000bfd9       0x85 /Applications/MCUXpressoIDE_11.9.0_2144/ide/plugins/com.nxp.mcuxpresso.tools.macosx_11.9.0.202307121226/tools/bin/../lib/gcc/arm-none-eabi/12.3.1/../../../../arm-none-eabi/lib/thumb/v6-m/nofp/libcr_nohost_nf.a(_cr__main.o)
 .debug_info    0x0000c05e      0x119 /Applications/MCUXpressoIDE_11.9.0_2144/ide/plugins/com.nxp.mcuxpresso.tools.macosx_11.9.0.202307121226/tools/bin/../lib/gcc/arm-none-eabi/12.3.1/../../../../arm-none-eabi/lib/thumb/v6-m/nofp/libcr_c.a(memcpy.o)
 .debug_info    0x0000c177       0xe3 /Applications/MCUXpressoIDE_11.9.0_2144/ide/plugins/com.nxp.mcuxpresso.tools.macosx_11.9.0.202307121226/tools/bin/../lib/gcc/arm-none-eabi/12.3.1/../../../../arm-none-eabi/lib/thumb/v6-m/nofp/libcr_c.a(memset.o)
 .debug_info    0x0000c25a      0x353 /Applications/MCUXpressoIDE_11.9.0_2144/ide/plugins/com.nxp.mcuxpresso.tools.macosx_11.9.0.202307121226/tools/bin/../lib/gcc/arm-none-eabi/12.3.1/../../../../arm-none-eabi/lib/thumb/v6-m/nofp/libcr_c.a(initio.o)
 .debug_info    0x0000c5ad      0x1f6 /Applications/MCUXpressoIDE_11.9.0_2144/ide/plugins/com.nxp.mcuxpresso.tools.macosx_11.9.0.202307121226/tools/bin/../lib/gcc/arm-none-eabi/12.3.1/../../../../arm-none-eabi/lib/thumb/v6-m/nofp/libcr_c.a(setvbuf.o)
 .debug_info    0x0000c7a3       0xd6 /Applications/MCUXpressoIDE_11.9.0_2144/ide/plugins/com.nxp.mcuxpresso.tools.macosx_11.9.0.202307121226/tools/bin/../lib/gcc/arm-none-eabi/12.3.1/../../../../arm-none-eabi/lib/thumb/v6-m/nofp/libcr_c.a(strlen.o)
 .debug_info    0x0000c879      0x244 /Applications/MCUXpressoIDE_11.9.0_2144/ide/plugins/com.nxp.mcuxpresso.tools.macosx_11.9.0.202307121226/tools/bin/../lib/gcc/arm-none-eabi/12.3.1/../../../../arm-none-eabi/lib/thumb/v6-m/nofp/libcr_c.a(_fdopen.o)
 .debug_info    0x0000cabd      0x31e /Applications/MCUXpressoIDE_11.9.0_2144/ide/plugins/com.nxp.mcuxpresso.tools.macosx_11.9.0.202307121226/tools/bin/../lib/gcc/arm-none-eabi/12.3.1/../../../../arm-none-eabi/lib/thumb/v6-m/nofp/libcr_c.a(fclose.o)
 .debug_info    0x0000cddb      0x203 /Applications/MCUXpressoIDE_11.9.0_2144/ide/plugins/com.nxp.mcuxpresso.tools.macosx_11.9.0.202307121226/tools/bin/../lib/gcc/arm-none-eabi/12.3.1/../../../../arm-none-eabi/lib/thumb/v6-m/nofp/libcr_c.a(fflush.o)
 .debug_info    0x0000cfde      0x278 /Applications/MCUXpressoIDE_11.9.0_2144/ide/plugins/com.nxp.mcuxpresso.tools.macosx_11.9.0.202307121226/tools/bin/../lib/gcc/arm-none-eabi/12.3.1/../../../../arm-none-eabi/lib/thumb/v6-m/nofp/libcr_c.a(fseek.o)
 .debug_info    0x0000d256      0x190 /Applications/MCUXpressoIDE_11.9.0_2144/ide/plugins/com.nxp.mcuxpresso.tools.macosx_11.9.0.202307121226/tools/bin/../lib/gcc/arm-none-eabi/12.3.1/../../../../arm-none-eabi/lib/thumb/v6-m/nofp/libcr_c.a(ftell.o)
 .debug_info    0x0000d3e6      0x1c9 /Applications/MCUXpressoIDE_11.9.0_2144/ide/plugins/com.nxp.mcuxpresso.tools.macosx_11.9.0.202307121226/tools/bin/../lib/gcc/arm-none-eabi/12.3.1/../../../../arm-none-eabi/lib/thumb/v6-m/nofp/libcr_c.a(remove.o)
 .debug_info    0x0000d5af      0x23a /Applications/MCUXpressoIDE_11.9.0_2144/ide/plugins/com.nxp.mcuxpresso.tools.macosx_11.9.0.202307121226/tools/bin/../lib/gcc/arm-none-eabi/12.3.1/../../../../arm-none-eabi/lib/thumb/v6-m/nofp/libcr_c.a(_do_fflush.o)
 .debug_info    0x0000d7e9      0x1e3 /Applications/MCUXpressoIDE_11.9.0_2144/ide/plugins/com.nxp.mcuxpresso.tools.macosx_11.9.0.202307121226/tools/bin/../lib/gcc/arm-none-eabi/12.3.1/../../../../arm-none-eabi/lib/thumb/v6-m/nofp/libcr_c.a(_fflush.o)
 .debug_info    0x0000d9cc      0x283 /Applications/MCUXpressoIDE_11.9.0_2144/ide/plugins/com.nxp.mcuxpresso.tools.macosx_11.9.0.202307121226/tools/bin/../lib/gcc/arm-none-eabi/12.3.1/../../../../arm-none-eabi/lib/thumb/v6-m/nofp/libcr_c.a(_writebuf.o)
 .debug_info    0x0000dc4f      0x50c /Applications/MCUXpressoIDE_11.9.0_2144/ide/plugins/com.nxp.mcuxpresso.tools.macosx_11.9.0.202307121226/tools/bin/../lib/gcc/arm-none-eabi/12.3.1/../../../../arm-none-eabi/lib/thumb/v6-m/nofp/libcr_c.a(alloc.o)
 .debug_info    0x0000e15b       0x44 /Applications/MCUXpressoIDE_11.9.0_2144/ide/plugins/com.nxp.mcuxpresso.tools.macosx_11.9.0.202307121226/tools/bin/../lib/gcc/arm-none-eabi/12.3.1/../../../../arm-none-eabi/lib/thumb/v6-m/nofp/libcr_c.a(errno.o)
 .debug_info    0x0000e19f      0x35d /Applications/MCUXpressoIDE_11.9.0_2144/ide/plugins/com.nxp.mcuxpresso.tools.macosx_11.9.0.202307121226/tools/bin/../lib/gcc/arm-none-eabi/12.3.1/../../../../arm-none-eabi/lib/thumb/v6-m/nofp/libcr_c.a(_deferredlazyseek.o)
 .debug_info    0x0000e4fc      0x18b /Applications/MCUXpressoIDE_11.9.0_2144/ide/plugins/com.nxp.mcuxpresso.tools.macosx_11.9.0.202307121226/tools/bin/../lib/gcc/arm-none-eabi/12.3.1/../../../../arm-none-eabi/lib/thumb/v6-m/nofp/libcr_nohost_nf.a(__ciob.o)
 .debug_info    0x0000e687       0x5c /Applications/MCUXpressoIDE_11.9.0_2144/ide/plugins/com.nxp.mcuxpresso.tools.macosx_11.9.0.202307121226/tools/bin/../lib/gcc/arm-none-eabi/12.3.1/../../../../arm-none-eabi/lib/thumb/v6-m/nofp/libcr_nohost_nf.a(__sys_close.o)
 .debug_info    0x0000e6e3       0x5c /Applications/MCUXpressoIDE_11.9.0_2144/ide/plugins/com.nxp.mcuxpresso.tools.macosx_11.9.0.202307121226/tools/bin/../lib/gcc/arm-none-eabi/12.3.1/../../../../arm-none-eabi/lib/thumb/v6-m/nofp/libcr_nohost_nf.a(__sys_flen.o)
 .debug_info    0x0000e73f       0x5c /Applications/MCUXpressoIDE_11.9.0_2144/ide/plugins/com.nxp.mcuxpresso.tools.macosx_11.9.0.202307121226/tools/bin/../lib/gcc/arm-none-eabi/12.3.1/../../../../arm-none-eabi/lib/thumb/v6-m/nofp/libcr_nohost_nf.a(__sys_istty.o)
 .debug_info    0x0000e79b       0x7c /Applications/MCUXpressoIDE_11.9.0_2144/ide/plugins/com.nxp.mcuxpresso.tools.macosx_11.9.0.202307121226/tools/bin/../lib/gcc/arm-none-eabi/12.3.1/../../../../arm-none-eabi/lib/thumb/v6-m/nofp/libcr_nohost_nf.a(__sys_remove.o)
 .debug_info    0x0000e817       0x6a /Applications/MCUXpressoIDE_11.9.0_2144/ide/plugins/com.nxp.mcuxpresso.tools.macosx_11.9.0.202307121226/tools/bin/../lib/gcc/arm-none-eabi/12.3.1/../../../../arm-none-eabi/lib/thumb/v6-m/nofp/libcr_nohost_nf.a(__sys_seek.o)
 .debug_info    0x0000e881       0x85 /Applications/MCUXpressoIDE_11.9.0_2144/ide/plugins/com.nxp.mcuxpresso.tools.macosx_11.9.0.202307121226/tools/bin/../lib/gcc/arm-none-eabi/12.3.1/../../../../arm-none-eabi/lib/thumb/v6-m/nofp/libcr_nohost_nf.a(__sys_tmpnam.o)
 .debug_info    0x0000e906       0x85 /Applications/MCUXpressoIDE_11.9.0_2144/ide/plugins/com.nxp.mcuxpresso.tools.macosx_11.9.0.202307121226/tools/bin/../lib/gcc/arm-none-eabi/12.3.1/../../../../arm-none-eabi/lib/thumb/v6-m/nofp/libcr_nohost_nf.a(__sys_write.o)

.debug_abbrev   0x00000000     0x3c82
 .debug_abbrev  0x00000000      0x2fa ./utilities/fsl_debug_console.o
 .debug_abbrev  0x000002fa      0x177 ./startup/startup_mkl25z4.o
 .debug_abbrev  0x00000471      0x1d5 ./source/freertos_hello.o
 .debug_abbrev  0x00000646      0x109 ./source/led.o
 .debug_abbrev  0x0000074f       0x43 ./source/mtb.o
 .debug_abbrev  0x00000792       0x2e ./source/semihost_hardfault.o
 .debug_abbrev  0x000007c0       0x66 ./freertos/fsl_tickless_lptmr.o
 .debug_abbrev  0x00000826      0x19a ./freertos/heap_4.o
 .debug_abbrev  0x000009c0       0xe8 ./freertos/list.o
 .debug_abbrev  0x00000aa8      0x19d ./freertos/port.o
 .debug_abbrev  0x00000c45      0x295 ./freertos/queue.o
 .debug_abbrev  0x00000eda      0x34a ./freertos/tasks.o
 .debug_abbrev  0x00001224      0x27f ./freertos/timers.o
 .debug_abbrev  0x000014a3      0x373 ./drivers/fsl_clock.o
 .debug_abbrev  0x00001816      0x27b ./drivers/fsl_common.o
 .debug_abbrev  0x00001a91      0x303 ./drivers/fsl_lpsci.o
 .debug_abbrev  0x00001d94      0x31d ./drivers/fsl_uart.o
 .debug_abbrev  0x000020b1      0x14b ./board/board.o
 .debug_abbrev  0x000021fc      0x231 ./board/clock_config.o
 .debug_abbrev  0x0000242d      0x186 ./board/pin_mux.o
 .debug_abbrev  0x000025b3      0x12b ./CMSIS/system_MKL25Z4.o
 .debug_abbrev  0x000026de       0x62 /Applications/MCUXpressoIDE_11.9.0_2144/ide/plugins/com.nxp.mcuxpresso.tools.macosx_11.9.0.202307121226/tools/bin/../lib/gcc/arm-none-eabi/12.3.1/../../../../arm-none-eabi/lib/thumb/v6-m/nofp/libcr_nohost_nf.a(_cr__main.o)
 .debug_abbrev  0x00002740       0xb3 /Applications/MCUXpressoIDE_11.9.0_2144/ide/plugins/com.nxp.mcuxpresso.tools.macosx_11.9.0.202307121226/tools/bin/../lib/gcc/arm-none-eabi/12.3.1/../../../../arm-none-eabi/lib/thumb/v6-m/nofp/libcr_c.a(memcpy.o)
 .debug_abbrev  0x000027f3       0xa5 /Applications/MCUXpressoIDE_11.9.0_2144/ide/plugins/com.nxp.mcuxpresso.tools.macosx_11.9.0.202307121226/tools/bin/../lib/gcc/arm-none-eabi/12.3.1/../../../../arm-none-eabi/lib/thumb/v6-m/nofp/libcr_c.a(memset.o)
 .debug_abbrev  0x00002898      0x14b /Applications/MCUXpressoIDE_11.9.0_2144/ide/plugins/com.nxp.mcuxpresso.tools.macosx_11.9.0.202307121226/tools/bin/../lib/gcc/arm-none-eabi/12.3.1/../../../../arm-none-eabi/lib/thumb/v6-m/nofp/libcr_c.a(initio.o)
 .debug_abbrev  0x000029e3       0xe1 /Applications/MCUXpressoIDE_11.9.0_2144/ide/plugins/com.nxp.mcuxpresso.tools.macosx_11.9.0.202307121226/tools/bin/../lib/gcc/arm-none-eabi/12.3.1/../../../../arm-none-eabi/lib/thumb/v6-m/nofp/libcr_c.a(setvbuf.o)
 .debug_abbrev  0x00002ac4       0xa5 /Applications/MCUXpressoIDE_11.9.0_2144/ide/plugins/com.nxp.mcuxpresso.tools.macosx_11.9.0.202307121226/tools/bin/../lib/gcc/arm-none-eabi/12.3.1/../../../../arm-none-eabi/lib/thumb/v6-m/nofp/libcr_c.a(strlen.o)
 .debug_abbrev  0x00002b69      0x119 /Applications/MCUXpressoIDE_11.9.0_2144/ide/plugins/com.nxp.mcuxpresso.tools.macosx_11.9.0.202307121226/tools/bin/../lib/gcc/arm-none-eabi/12.3.1/../../../../arm-none-eabi/lib/thumb/v6-m/nofp/libcr_c.a(_fdopen.o)
 .debug_abbrev  0x00002c82      0x158 /Applications/MCUXpressoIDE_11.9.0_2144/ide/plugins/com.nxp.mcuxpresso.tools.macosx_11.9.0.202307121226/tools/bin/../lib/gcc/arm-none-eabi/12.3.1/../../../../arm-none-eabi/lib/thumb/v6-m/nofp/libcr_c.a(fclose.o)
 .debug_abbrev  0x00002dda      0x122 /Applications/MCUXpressoIDE_11.9.0_2144/ide/plugins/com.nxp.mcuxpresso.tools.macosx_11.9.0.202307121226/tools/bin/../lib/gcc/arm-none-eabi/12.3.1/../../../../arm-none-eabi/lib/thumb/v6-m/nofp/libcr_c.a(fflush.o)
 .debug_abbrev  0x00002efc      0x11b /Applications/MCUXpressoIDE_11.9.0_2144/ide/plugins/com.nxp.mcuxpresso.tools.macosx_11.9.0.202307121226/tools/bin/../lib/gcc/arm-none-eabi/12.3.1/../../../../arm-none-eabi/lib/thumb/v6-m/nofp/libcr_c.a(fseek.o)
 .debug_abbrev  0x00003017       0xc2 /Applications/MCUXpressoIDE_11.9.0_2144/ide/plugins/com.nxp.mcuxpresso.tools.macosx_11.9.0.202307121226/tools/bin/../lib/gcc/arm-none-eabi/12.3.1/../../../../arm-none-eabi/lib/thumb/v6-m/nofp/libcr_c.a(ftell.o)
 .debug_abbrev  0x000030d9       0xed /Applications/MCUXpressoIDE_11.9.0_2144/ide/plugins/com.nxp.mcuxpresso.tools.macosx_11.9.0.202307121226/tools/bin/../lib/gcc/arm-none-eabi/12.3.1/../../../../arm-none-eabi/lib/thumb/v6-m/nofp/libcr_c.a(remove.o)
 .debug_abbrev  0x000031c6      0x12c /Applications/MCUXpressoIDE_11.9.0_2144/ide/plugins/com.nxp.mcuxpresso.tools.macosx_11.9.0.202307121226/tools/bin/../lib/gcc/arm-none-eabi/12.3.1/../../../../arm-none-eabi/lib/thumb/v6-m/nofp/libcr_c.a(_do_fflush.o)
 .debug_abbrev  0x000032f2       0xf1 /Applications/MCUXpressoIDE_11.9.0_2144/ide/plugins/com.nxp.mcuxpresso.tools.macosx_11.9.0.202307121226/tools/bin/../lib/gcc/arm-none-eabi/12.3.1/../../../../arm-none-eabi/lib/thumb/v6-m/nofp/libcr_c.a(_fflush.o)
 .debug_abbrev  0x000033e3      0x126 /Applications/MCUXpressoIDE_11.9.0_2144/ide/plugins/com.nxp.mcuxpresso.tools.macosx_11.9.0.202307121226/tools/bin/../lib/gcc/arm-none-eabi/12.3.1/../../../../arm-none-eabi/lib/thumb/v6-m/nofp/libcr_c.a(_writebuf.o)
 .debug_abbrev  0x00003509      0x27b /Applications/MCUXpressoIDE_11.9.0_2144/ide/plugins/com.nxp.mcuxpresso.tools.macosx_11.9.0.202307121226/tools/bin/../lib/gcc/arm-none-eabi/12.3.1/../../../../arm-none-eabi/lib/thumb/v6-m/nofp/libcr_c.a(alloc.o)
 .debug_abbrev  0x00003784       0x44 /Applications/MCUXpressoIDE_11.9.0_2144/ide/plugins/com.nxp.mcuxpresso.tools.macosx_11.9.0.202307121226/tools/bin/../lib/gcc/arm-none-eabi/12.3.1/../../../../arm-none-eabi/lib/thumb/v6-m/nofp/libcr_c.a(errno.o)
 .debug_abbrev  0x000037c8      0x147 /Applications/MCUXpressoIDE_11.9.0_2144/ide/plugins/com.nxp.mcuxpresso.tools.macosx_11.9.0.202307121226/tools/bin/../lib/gcc/arm-none-eabi/12.3.1/../../../../arm-none-eabi/lib/thumb/v6-m/nofp/libcr_c.a(_deferredlazyseek.o)
 .debug_abbrev  0x0000390f       0xb5 /Applications/MCUXpressoIDE_11.9.0_2144/ide/plugins/com.nxp.mcuxpresso.tools.macosx_11.9.0.202307121226/tools/bin/../lib/gcc/arm-none-eabi/12.3.1/../../../../arm-none-eabi/lib/thumb/v6-m/nofp/libcr_nohost_nf.a(__ciob.o)
 .debug_abbrev  0x000039c4       0x51 /Applications/MCUXpressoIDE_11.9.0_2144/ide/plugins/com.nxp.mcuxpresso.tools.macosx_11.9.0.202307121226/tools/bin/../lib/gcc/arm-none-eabi/12.3.1/../../../../arm-none-eabi/lib/thumb/v6-m/nofp/libcr_nohost_nf.a(__sys_close.o)
 .debug_abbrev  0x00003a15       0x51 /Applications/MCUXpressoIDE_11.9.0_2144/ide/plugins/com.nxp.mcuxpresso.tools.macosx_11.9.0.202307121226/tools/bin/../lib/gcc/arm-none-eabi/12.3.1/../../../../arm-none-eabi/lib/thumb/v6-m/nofp/libcr_nohost_nf.a(__sys_flen.o)
 .debug_abbrev  0x00003a66       0x51 /Applications/MCUXpressoIDE_11.9.0_2144/ide/plugins/com.nxp.mcuxpresso.tools.macosx_11.9.0.202307121226/tools/bin/../lib/gcc/arm-none-eabi/12.3.1/../../../../arm-none-eabi/lib/thumb/v6-m/nofp/libcr_nohost_nf.a(__sys_istty.o)
 .debug_abbrev  0x00003ab7       0x7d /Applications/MCUXpressoIDE_11.9.0_2144/ide/plugins/com.nxp.mcuxpresso.tools.macosx_11.9.0.202307121226/tools/bin/../lib/gcc/arm-none-eabi/12.3.1/../../../../arm-none-eabi/lib/thumb/v6-m/nofp/libcr_nohost_nf.a(__sys_remove.o)
 .debug_abbrev  0x00003b34       0x62 /Applications/MCUXpressoIDE_11.9.0_2144/ide/plugins/com.nxp.mcuxpresso.tools.macosx_11.9.0.202307121226/tools/bin/../lib/gcc/arm-none-eabi/12.3.1/../../../../arm-none-eabi/lib/thumb/v6-m/nofp/libcr_nohost_nf.a(__sys_seek.o)
 .debug_abbrev  0x00003b96       0x76 /Applications/MCUXpressoIDE_11.9.0_2144/ide/plugins/com.nxp.mcuxpresso.tools.macosx_11.9.0.202307121226/tools/bin/../lib/gcc/arm-none-eabi/12.3.1/../../../../arm-none-eabi/lib/thumb/v6-m/nofp/libcr_nohost_nf.a(__sys_tmpnam.o)
 .debug_abbrev  0x00003c0c       0x76 /Applications/MCUXpressoIDE_11.9.0_2144/ide/plugins/com.nxp.mcuxpresso.tools.macosx_11.9.0.202307121226/tools/bin/../lib/gcc/arm-none-eabi/12.3.1/../../../../arm-none-eabi/lib/thumb/v6-m/nofp/libcr_nohost_nf.a(__sys_write.o)

.debug_aranges  0x00000000     0x1028
 .debug_aranges
                0x00000000       0x90 ./utilities/fsl_debug_console.o
 .debug_aranges
                0x00000090      0x160 ./startup/startup_mkl25z4.o
 .debug_aranges
                0x000001f0       0x48 ./source/freertos_hello.o
 .debug_aranges
                0x00000238       0x30 ./source/led.o
 .debug_aranges
                0x00000268       0x18 ./source/mtb.o
 .debug_aranges
                0x00000280       0x20 ./source/semihost_hardfault.o
 .debug_aranges
                0x000002a0       0x20 ./freertos/fsl_tickless_lptmr.o
 .debug_aranges
                0x000002c0       0x50 ./freertos/heap_4.o
 .debug_aranges
                0x00000310       0x40 ./freertos/list.o
 .debug_aranges
                0x00000350       0x80 ./freertos/port.o
 .debug_aranges
                0x000003d0      0x118 ./freertos/queue.o
 .debug_aranges
                0x000004e8      0x1e8 ./freertos/tasks.o
 .debug_aranges
                0x000006d0       0xc8 ./freertos/timers.o
 .debug_aranges
                0x00000798      0x1d8 ./drivers/fsl_clock.o
 .debug_aranges
                0x00000970       0x38 ./drivers/fsl_common.o
 .debug_aranges
                0x000009a8      0x118 ./drivers/fsl_lpsci.o
 .debug_aranges
                0x00000ac0      0x130 ./drivers/fsl_uart.o
 .debug_aranges
                0x00000bf0       0x28 ./board/board.o
 .debug_aranges
                0x00000c18       0x50 ./board/clock_config.o
 .debug_aranges
                0x00000c68       0x30 ./board/pin_mux.o
 .debug_aranges
                0x00000c98       0x28 ./CMSIS/system_MKL25Z4.o
 .debug_aranges
                0x00000cc0       0x20 /Applications/MCUXpressoIDE_11.9.0_2144/ide/plugins/com.nxp.mcuxpresso.tools.macosx_11.9.0.202307121226/tools/bin/../lib/gcc/arm-none-eabi/12.3.1/../../../../arm-none-eabi/lib/thumb/v6-m/nofp/libcr_nohost_nf.a(_cr__main.o)
 .debug_aranges
                0x00000ce0       0x20 /Applications/MCUXpressoIDE_11.9.0_2144/ide/plugins/com.nxp.mcuxpresso.tools.macosx_11.9.0.202307121226/tools/bin/../lib/gcc/arm-none-eabi/12.3.1/../../../../arm-none-eabi/lib/thumb/v6-m/nofp/libcr_c.a(memcpy.o)
 .debug_aranges
                0x00000d00       0x20 /Applications/MCUXpressoIDE_11.9.0_2144/ide/plugins/com.nxp.mcuxpresso.tools.macosx_11.9.0.202307121226/tools/bin/../lib/gcc/arm-none-eabi/12.3.1/../../../../arm-none-eabi/lib/thumb/v6-m/nofp/libcr_c.a(memset.o)
 .debug_aranges
                0x00000d20       0x28 /Applications/MCUXpressoIDE_11.9.0_2144/ide/plugins/com.nxp.mcuxpresso.tools.macosx_11.9.0.202307121226/tools/bin/../lib/gcc/arm-none-eabi/12.3.1/../../../../arm-none-eabi/lib/thumb/v6-m/nofp/libcr_c.a(initio.o)
 .debug_aranges
                0x00000d48       0x20 /Applications/MCUXpressoIDE_11.9.0_2144/ide/plugins/com.nxp.mcuxpresso.tools.macosx_11.9.0.202307121226/tools/bin/../lib/gcc/arm-none-eabi/12.3.1/../../../../arm-none-eabi/lib/thumb/v6-m/nofp/libcr_c.a(setvbuf.o)
 .debug_aranges
                0x00000d68       0x20 /Applications/MCUXpressoIDE_11.9.0_2144/ide/plugins/com.nxp.mcuxpresso.tools.macosx_11.9.0.202307121226/tools/bin/../lib/gcc/arm-none-eabi/12.3.1/../../../../arm-none-eabi/lib/thumb/v6-m/nofp/libcr_c.a(strlen.o)
 .debug_aranges
                0x00000d88       0x20 /Applications/MCUXpressoIDE_11.9.0_2144/ide/plugins/com.nxp.mcuxpresso.tools.macosx_11.9.0.202307121226/tools/bin/../lib/gcc/arm-none-eabi/12.3.1/../../../../arm-none-eabi/lib/thumb/v6-m/nofp/libcr_c.a(_fdopen.o)
 .debug_aranges
                0x00000da8       0x20 /Applications/MCUXpressoIDE_11.9.0_2144/ide/plugins/com.nxp.mcuxpresso.tools.macosx_11.9.0.202307121226/tools/bin/../lib/gcc/arm-none-eabi/12.3.1/../../../../arm-none-eabi/lib/thumb/v6-m/nofp/libcr_c.a(fclose.o)
 .debug_aranges
                0x00000dc8       0x20 /Applications/MCUXpressoIDE_11.9.0_2144/ide/plugins/com.nxp.mcuxpresso.tools.macosx_11.9.0.202307121226/tools/bin/../lib/gcc/arm-none-eabi/12.3.1/../../../../arm-none-eabi/lib/thumb/v6-m/nofp/libcr_c.a(fflush.o)
 .debug_aranges
                0x00000de8       0x20 /Applications/MCUXpressoIDE_11.9.0_2144/ide/plugins/com.nxp.mcuxpresso.tools.macosx_11.9.0.202307121226/tools/bin/../lib/gcc/arm-none-eabi/12.3.1/../../../../arm-none-eabi/lib/thumb/v6-m/nofp/libcr_c.a(fseek.o)
 .debug_aranges
                0x00000e08       0x20 /Applications/MCUXpressoIDE_11.9.0_2144/ide/plugins/com.nxp.mcuxpresso.tools.macosx_11.9.0.202307121226/tools/bin/../lib/gcc/arm-none-eabi/12.3.1/../../../../arm-none-eabi/lib/thumb/v6-m/nofp/libcr_c.a(ftell.o)
 .debug_aranges
                0x00000e28       0x28 /Applications/MCUXpressoIDE_11.9.0_2144/ide/plugins/com.nxp.mcuxpresso.tools.macosx_11.9.0.202307121226/tools/bin/../lib/gcc/arm-none-eabi/12.3.1/../../../../arm-none-eabi/lib/thumb/v6-m/nofp/libcr_c.a(remove.o)
 .debug_aranges
                0x00000e50       0x20 /Applications/MCUXpressoIDE_11.9.0_2144/ide/plugins/com.nxp.mcuxpresso.tools.macosx_11.9.0.202307121226/tools/bin/../lib/gcc/arm-none-eabi/12.3.1/../../../../arm-none-eabi/lib/thumb/v6-m/nofp/libcr_c.a(_do_fflush.o)
 .debug_aranges
                0x00000e70       0x20 /Applications/MCUXpressoIDE_11.9.0_2144/ide/plugins/com.nxp.mcuxpresso.tools.macosx_11.9.0.202307121226/tools/bin/../lib/gcc/arm-none-eabi/12.3.1/../../../../arm-none-eabi/lib/thumb/v6-m/nofp/libcr_c.a(_fflush.o)
 .debug_aranges
                0x00000e90       0x20 /Applications/MCUXpressoIDE_11.9.0_2144/ide/plugins/com.nxp.mcuxpresso.tools.macosx_11.9.0.202307121226/tools/bin/../lib/gcc/arm-none-eabi/12.3.1/../../../../arm-none-eabi/lib/thumb/v6-m/nofp/libcr_c.a(_writebuf.o)
 .debug_aranges
                0x00000eb0       0x40 /Applications/MCUXpressoIDE_11.9.0_2144/ide/plugins/com.nxp.mcuxpresso.tools.macosx_11.9.0.202307121226/tools/bin/../lib/gcc/arm-none-eabi/12.3.1/../../../../arm-none-eabi/lib/thumb/v6-m/nofp/libcr_c.a(alloc.o)
 .debug_aranges
                0x00000ef0       0x18 /Applications/MCUXpressoIDE_11.9.0_2144/ide/plugins/com.nxp.mcuxpresso.tools.macosx_11.9.0.202307121226/tools/bin/../lib/gcc/arm-none-eabi/12.3.1/../../../../arm-none-eabi/lib/thumb/v6-m/nofp/libcr_c.a(errno.o)
 .debug_aranges
                0x00000f08       0x28 /Applications/MCUXpressoIDE_11.9.0_2144/ide/plugins/com.nxp.mcuxpresso.tools.macosx_11.9.0.202307121226/tools/bin/../lib/gcc/arm-none-eabi/12.3.1/../../../../arm-none-eabi/lib/thumb/v6-m/nofp/libcr_c.a(_deferredlazyseek.o)
 .debug_aranges
                0x00000f30       0x18 /Applications/MCUXpressoIDE_11.9.0_2144/ide/plugins/com.nxp.mcuxpresso.tools.macosx_11.9.0.202307121226/tools/bin/../lib/gcc/arm-none-eabi/12.3.1/../../../../arm-none-eabi/lib/thumb/v6-m/nofp/libcr_nohost_nf.a(__ciob.o)
 .debug_aranges
                0x00000f48       0x20 /Applications/MCUXpressoIDE_11.9.0_2144/ide/plugins/com.nxp.mcuxpresso.tools.macosx_11.9.0.202307121226/tools/bin/../lib/gcc/arm-none-eabi/12.3.1/../../../../arm-none-eabi/lib/thumb/v6-m/nofp/libcr_nohost_nf.a(__sys_close.o)
 .debug_aranges
                0x00000f68       0x20 /Applications/MCUXpressoIDE_11.9.0_2144/ide/plugins/com.nxp.mcuxpresso.tools.macosx_11.9.0.202307121226/tools/bin/../lib/gcc/arm-none-eabi/12.3.1/../../../../arm-none-eabi/lib/thumb/v6-m/nofp/libcr_nohost_nf.a(__sys_flen.o)
 .debug_aranges
                0x00000f88       0x20 /Applications/MCUXpressoIDE_11.9.0_2144/ide/plugins/com.nxp.mcuxpresso.tools.macosx_11.9.0.202307121226/tools/bin/../lib/gcc/arm-none-eabi/12.3.1/../../../../arm-none-eabi/lib/thumb/v6-m/nofp/libcr_nohost_nf.a(__sys_istty.o)
 .debug_aranges
                0x00000fa8       0x20 /Applications/MCUXpressoIDE_11.9.0_2144/ide/plugins/com.nxp.mcuxpresso.tools.macosx_11.9.0.202307121226/tools/bin/../lib/gcc/arm-none-eabi/12.3.1/../../../../arm-none-eabi/lib/thumb/v6-m/nofp/libcr_nohost_nf.a(__sys_remove.o)
 .debug_aranges
                0x00000fc8       0x20 /Applications/MCUXpressoIDE_11.9.0_2144/ide/plugins/com.nxp.mcuxpresso.tools.macosx_11.9.0.202307121226/tools/bin/../lib/gcc/arm-none-eabi/12.3.1/../../../../arm-none-eabi/lib/thumb/v6-m/nofp/libcr_nohost_nf.a(__sys_seek.o)
 .debug_aranges
                0x00000fe8       0x20 /Applications/MCUXpressoIDE_11.9.0_2144/ide/plugins/com.nxp.mcuxpresso.tools.macosx_11.9.0.202307121226/tools/bin/../lib/gcc/arm-none-eabi/12.3.1/../../../../arm-none-eabi/lib/thumb/v6-m/nofp/libcr_nohost_nf.a(__sys_tmpnam.o)
 .debug_aranges
                0x00001008       0x20 /Applications/MCUXpressoIDE_11.9.0_2144/ide/plugins/com.nxp.mcuxpresso.tools.macosx_11.9.0.202307121226/tools/bin/../lib/gcc/arm-none-eabi/12.3.1/../../../../arm-none-eabi/lib/thumb/v6-m/nofp/libcr_nohost_nf.a(__sys_write.o)

.debug_ranges   0x00000000      0xde0
 .debug_ranges  0x00000000       0x80 ./utilities/fsl_debug_console.o
 .debug_ranges  0x00000080      0x150 ./startup/startup_mkl25z4.o
 .debug_ranges  0x000001d0       0x38 ./source/freertos_hello.o
 .debug_ranges  0x00000208       0x20 ./source/led.o
 .debug_ranges  0x00000228       0x10 ./source/semihost_hardfault.o
 .debug_ranges  0x00000238       0x10 ./freertos/fsl_tickless_lptmr.o
 .debug_ranges  0x00000248       0x40 ./freertos/heap_4.o
 .debug_ranges  0x00000288       0x30 ./freertos/list.o
 .debug_ranges  0x000002b8       0x70 ./freertos/port.o
 .debug_ranges  0x00000328      0x108 ./freertos/queue.o
 .debug_ranges  0x00000430      0x1d8 ./freertos/tasks.o
 .debug_ranges  0x00000608       0xb8 ./freertos/timers.o
 .debug_ranges  0x000006c0      0x1c8 ./drivers/fsl_clock.o
 .debug_ranges  0x00000888       0x28 ./drivers/fsl_common.o
 .debug_ranges  0x000008b0      0x108 ./drivers/fsl_lpsci.o
 .debug_ranges  0x000009b8      0x120 ./drivers/fsl_uart.o
 .debug_ranges  0x00000ad8       0x18 ./board/board.o
 .debug_ranges  0x00000af0       0x40 ./board/clock_config.o
 .debug_ranges  0x00000b30       0x20 ./board/pin_mux.o
 .debug_ranges  0x00000b50       0x18 ./CMSIS/system_MKL25Z4.o
 .debug_ranges  0x00000b68       0x10 /Applications/MCUXpressoIDE_11.9.0_2144/ide/plugins/com.nxp.mcuxpresso.tools.macosx_11.9.0.202307121226/tools/bin/../lib/gcc/arm-none-eabi/12.3.1/../../../../arm-none-eabi/lib/thumb/v6-m/nofp/libcr_nohost_nf.a(_cr__main.o)
 .debug_ranges  0x00000b78       0x10 /Applications/MCUXpressoIDE_11.9.0_2144/ide/plugins/com.nxp.mcuxpresso.tools.macosx_11.9.0.202307121226/tools/bin/../lib/gcc/arm-none-eabi/12.3.1/../../../../arm-none-eabi/lib/thumb/v6-m/nofp/libcr_c.a(memcpy.o)
 .debug_ranges  0x00000b88       0x10 /Applications/MCUXpressoIDE_11.9.0_2144/ide/plugins/com.nxp.mcuxpresso.tools.macosx_11.9.0.202307121226/tools/bin/../lib/gcc/arm-none-eabi/12.3.1/../../../../arm-none-eabi/lib/thumb/v6-m/nofp/libcr_c.a(memset.o)
 .debug_ranges  0x00000b98       0x38 /Applications/MCUXpressoIDE_11.9.0_2144/ide/plugins/com.nxp.mcuxpresso.tools.macosx_11.9.0.202307121226/tools/bin/../lib/gcc/arm-none-eabi/12.3.1/../../../../arm-none-eabi/lib/thumb/v6-m/nofp/libcr_c.a(initio.o)
 .debug_ranges  0x00000bd0       0x10 /Applications/MCUXpressoIDE_11.9.0_2144/ide/plugins/com.nxp.mcuxpresso.tools.macosx_11.9.0.202307121226/tools/bin/../lib/gcc/arm-none-eabi/12.3.1/../../../../arm-none-eabi/lib/thumb/v6-m/nofp/libcr_c.a(setvbuf.o)
 .debug_ranges  0x00000be0       0x28 /Applications/MCUXpressoIDE_11.9.0_2144/ide/plugins/com.nxp.mcuxpresso.tools.macosx_11.9.0.202307121226/tools/bin/../lib/gcc/arm-none-eabi/12.3.1/../../../../arm-none-eabi/lib/thumb/v6-m/nofp/libcr_c.a(strlen.o)
 .debug_ranges  0x00000c08       0x10 /Applications/MCUXpressoIDE_11.9.0_2144/ide/plugins/com.nxp.mcuxpresso.tools.macosx_11.9.0.202307121226/tools/bin/../lib/gcc/arm-none-eabi/12.3.1/../../../../arm-none-eabi/lib/thumb/v6-m/nofp/libcr_c.a(_fdopen.o)
 .debug_ranges  0x00000c18       0x10 /Applications/MCUXpressoIDE_11.9.0_2144/ide/plugins/com.nxp.mcuxpresso.tools.macosx_11.9.0.202307121226/tools/bin/../lib/gcc/arm-none-eabi/12.3.1/../../../../arm-none-eabi/lib/thumb/v6-m/nofp/libcr_c.a(fclose.o)
 .debug_ranges  0x00000c28       0x28 /Applications/MCUXpressoIDE_11.9.0_2144/ide/plugins/com.nxp.mcuxpresso.tools.macosx_11.9.0.202307121226/tools/bin/../lib/gcc/arm-none-eabi/12.3.1/../../../../arm-none-eabi/lib/thumb/v6-m/nofp/libcr_c.a(fflush.o)
 .debug_ranges  0x00000c50       0x10 /Applications/MCUXpressoIDE_11.9.0_2144/ide/plugins/com.nxp.mcuxpresso.tools.macosx_11.9.0.202307121226/tools/bin/../lib/gcc/arm-none-eabi/12.3.1/../../../../arm-none-eabi/lib/thumb/v6-m/nofp/libcr_c.a(fseek.o)
 .debug_ranges  0x00000c60       0x10 /Applications/MCUXpressoIDE_11.9.0_2144/ide/plugins/com.nxp.mcuxpresso.tools.macosx_11.9.0.202307121226/tools/bin/../lib/gcc/arm-none-eabi/12.3.1/../../../../arm-none-eabi/lib/thumb/v6-m/nofp/libcr_c.a(ftell.o)
 .debug_ranges  0x00000c70       0x18 /Applications/MCUXpressoIDE_11.9.0_2144/ide/plugins/com.nxp.mcuxpresso.tools.macosx_11.9.0.202307121226/tools/bin/../lib/gcc/arm-none-eabi/12.3.1/../../../../arm-none-eabi/lib/thumb/v6-m/nofp/libcr_c.a(remove.o)
 .debug_ranges  0x00000c88       0x28 /Applications/MCUXpressoIDE_11.9.0_2144/ide/plugins/com.nxp.mcuxpresso.tools.macosx_11.9.0.202307121226/tools/bin/../lib/gcc/arm-none-eabi/12.3.1/../../../../arm-none-eabi/lib/thumb/v6-m/nofp/libcr_c.a(_do_fflush.o)
 .debug_ranges  0x00000cb0       0x10 /Applications/MCUXpressoIDE_11.9.0_2144/ide/plugins/com.nxp.mcuxpresso.tools.macosx_11.9.0.202307121226/tools/bin/../lib/gcc/arm-none-eabi/12.3.1/../../../../arm-none-eabi/lib/thumb/v6-m/nofp/libcr_c.a(_fflush.o)
 .debug_ranges  0x00000cc0       0x10 /Applications/MCUXpressoIDE_11.9.0_2144/ide/plugins/com.nxp.mcuxpresso.tools.macosx_11.9.0.202307121226/tools/bin/../lib/gcc/arm-none-eabi/12.3.1/../../../../arm-none-eabi/lib/thumb/v6-m/nofp/libcr_c.a(_writebuf.o)
 .debug_ranges  0x00000cd0       0x50 /Applications/MCUXpressoIDE_11.9.0_2144/ide/plugins/com.nxp.mcuxpresso.tools.macosx_11.9.0.202307121226/tools/bin/../lib/gcc/arm-none-eabi/12.3.1/../../../../arm-none-eabi/lib/thumb/v6-m/nofp/libcr_c.a(alloc.o)
 .debug_ranges  0x00000d20       0x50 /Applications/MCUXpressoIDE_11.9.0_2144/ide/plugins/com.nxp.mcuxpresso.tools.macosx_11.9.0.202307121226/tools/bin/../lib/gcc/arm-none-eabi/12.3.1/../../../../arm-none-eabi/lib/thumb/v6-m/nofp/libcr_c.a(_deferredlazyseek.o)
 .debug_ranges  0x00000d70       0x10 /Applications/MCUXpressoIDE_11.9.0_2144/ide/plugins/com.nxp.mcuxpresso.tools.macosx_11.9.0.202307121226/tools/bin/../lib/gcc/arm-none-eabi/12.3.1/../../../../arm-none-eabi/lib/thumb/v6-m/nofp/libcr_nohost_nf.a(__sys_close.o)
 .debug_ranges  0x00000d80       0x10 /Applications/MCUXpressoIDE_11.9.0_2144/ide/plugins/com.nxp.mcuxpresso.tools.macosx_11.9.0.202307121226/tools/bin/../lib/gcc/arm-none-eabi/12.3.1/../../../../arm-none-eabi/lib/thumb/v6-m/nofp/libcr_nohost_nf.a(__sys_flen.o)
 .debug_ranges  0x00000d90       0x10 /Applications/MCUXpressoIDE_11.9.0_2144/ide/plugins/com.nxp.mcuxpresso.tools.macosx_11.9.0.202307121226/tools/bin/../lib/gcc/arm-none-eabi/12.3.1/../../../../arm-none-eabi/lib/thumb/v6-m/nofp/libcr_nohost_nf.a(__sys_istty.o)
 .debug_ranges  0x00000da0       0x10 /Applications/MCUXpressoIDE_11.9.0_2144/ide/plugins/com.nxp.mcuxpresso.tools.macosx_11.9.0.202307121226/tools/bin/../lib/gcc/arm-none-eabi/12.3.1/../../../../arm-none-eabi/lib/thumb/v6-m/nofp/libcr_nohost_nf.a(__sys_remove.o)
 .debug_ranges  0x00000db0       0x10 /Applications/MCUXpressoIDE_11.9.0_2144/ide/plugins/com.nxp.mcuxpresso.tools.macosx_11.9.0.202307121226/tools/bin/../lib/gcc/arm-none-eabi/12.3.1/../../../../arm-none-eabi/lib/thumb/v6-m/nofp/libcr_nohost_nf.a(__sys_seek.o)
 .debug_ranges  0x00000dc0       0x10 /Applications/MCUXpressoIDE_11.9.0_2144/ide/plugins/com.nxp.mcuxpresso.tools.macosx_11.9.0.202307121226/tools/bin/../lib/gcc/arm-none-eabi/12.3.1/../../../../arm-none-eabi/lib/thumb/v6-m/nofp/libcr_nohost_nf.a(__sys_tmpnam.o)
 .debug_ranges  0x00000dd0       0x10 /Applications/MCUXpressoIDE_11.9.0_2144/ide/plugins/com.nxp.mcuxpresso.tools.macosx_11.9.0.202307121226/tools/bin/../lib/gcc/arm-none-eabi/12.3.1/../../../../arm-none-eabi/lib/thumb/v6-m/nofp/libcr_nohost_nf.a(__sys_write.o)

.debug_line     0x00000000     0x9b23
 .debug_line    0x00000000      0xc06 ./utilities/fsl_debug_console.o
 .debug_line    0x00000c06      0x310 ./startup/startup_mkl25z4.o
 .debug_line    0x00000f16      0x4a9 ./source/freertos_hello.o
 .debug_line    0x000013bf      0x229 ./source/led.o
 .debug_line    0x000015e8       0x30 ./source/mtb.o
 .debug_line    0x00001618       0x59 ./source/semihost_hardfault.o
 .debug_line    0x00001671      0x108 ./freertos/fsl_tickless_lptmr.o
 .debug_line    0x00001779      0x3f2 ./freertos/heap_4.o
 .debug_line    0x00001b6b      0x1ee ./freertos/list.o
 .debug_line    0x00001d59      0x2b5 ./freertos/port.o
 .debug_line    0x0000200e      0xc07 ./freertos/queue.o
 .debug_line    0x00002c15     0x14d1 ./freertos/tasks.o
 .debug_line    0x000040e6      0x6b1 ./freertos/timers.o
 .debug_line    0x00004797     0x1213 ./drivers/fsl_clock.o
 .debug_line    0x000059aa      0x302 ./drivers/fsl_common.o
 .debug_line    0x00005cac      0xd0a ./drivers/fsl_lpsci.o
 .debug_line    0x000069b6      0xce6 ./drivers/fsl_uart.o
 .debug_line    0x0000769c      0x2ba ./board/board.o
 .debug_line    0x00007956      0x313 ./board/clock_config.o
 .debug_line    0x00007c69      0x256 ./board/pin_mux.o
 .debug_line    0x00007ebf      0x218 ./CMSIS/system_MKL25Z4.o
 .debug_line    0x000080d7       0xcd /Applications/MCUXpressoIDE_11.9.0_2144/ide/plugins/com.nxp.mcuxpresso.tools.macosx_11.9.0.202307121226/tools/bin/../lib/gcc/arm-none-eabi/12.3.1/../../../../arm-none-eabi/lib/thumb/v6-m/nofp/libcr_nohost_nf.a(_cr__main.o)
 .debug_line    0x000081a4       0xa2 /Applications/MCUXpressoIDE_11.9.0_2144/ide/plugins/com.nxp.mcuxpresso.tools.macosx_11.9.0.202307121226/tools/bin/../lib/gcc/arm-none-eabi/12.3.1/../../../../arm-none-eabi/lib/thumb/v6-m/nofp/libcr_c.a(memcpy.o)
 .debug_line    0x00008246       0x82 /Applications/MCUXpressoIDE_11.9.0_2144/ide/plugins/com.nxp.mcuxpresso.tools.macosx_11.9.0.202307121226/tools/bin/../lib/gcc/arm-none-eabi/12.3.1/../../../../arm-none-eabi/lib/thumb/v6-m/nofp/libcr_c.a(memset.o)
 .debug_line    0x000082c8      0x126 /Applications/MCUXpressoIDE_11.9.0_2144/ide/plugins/com.nxp.mcuxpresso.tools.macosx_11.9.0.202307121226/tools/bin/../lib/gcc/arm-none-eabi/12.3.1/../../../../arm-none-eabi/lib/thumb/v6-m/nofp/libcr_c.a(initio.o)
 .debug_line    0x000083ee       0xf7 /Applications/MCUXpressoIDE_11.9.0_2144/ide/plugins/com.nxp.mcuxpresso.tools.macosx_11.9.0.202307121226/tools/bin/../lib/gcc/arm-none-eabi/12.3.1/../../../../arm-none-eabi/lib/thumb/v6-m/nofp/libcr_c.a(setvbuf.o)
 .debug_line    0x000084e5      0x11b /Applications/MCUXpressoIDE_11.9.0_2144/ide/plugins/com.nxp.mcuxpresso.tools.macosx_11.9.0.202307121226/tools/bin/../lib/gcc/arm-none-eabi/12.3.1/../../../../arm-none-eabi/lib/thumb/v6-m/nofp/libcr_c.a(strlen.o)
 .debug_line    0x00008600      0x15f /Applications/MCUXpressoIDE_11.9.0_2144/ide/plugins/com.nxp.mcuxpresso.tools.macosx_11.9.0.202307121226/tools/bin/../lib/gcc/arm-none-eabi/12.3.1/../../../../arm-none-eabi/lib/thumb/v6-m/nofp/libcr_c.a(_fdopen.o)
 .debug_line    0x0000875f      0x107 /Applications/MCUXpressoIDE_11.9.0_2144/ide/plugins/com.nxp.mcuxpresso.tools.macosx_11.9.0.202307121226/tools/bin/../lib/gcc/arm-none-eabi/12.3.1/../../../../arm-none-eabi/lib/thumb/v6-m/nofp/libcr_c.a(fclose.o)
 .debug_line    0x00008866       0xcf /Applications/MCUXpressoIDE_11.9.0_2144/ide/plugins/com.nxp.mcuxpresso.tools.macosx_11.9.0.202307121226/tools/bin/../lib/gcc/arm-none-eabi/12.3.1/../../../../arm-none-eabi/lib/thumb/v6-m/nofp/libcr_c.a(fflush.o)
 .debug_line    0x00008935      0x242 /Applications/MCUXpressoIDE_11.9.0_2144/ide/plugins/com.nxp.mcuxpresso.tools.macosx_11.9.0.202307121226/tools/bin/../lib/gcc/arm-none-eabi/12.3.1/../../../../arm-none-eabi/lib/thumb/v6-m/nofp/libcr_c.a(fseek.o)
 .debug_line    0x00008b77      0x10c /Applications/MCUXpressoIDE_11.9.0_2144/ide/plugins/com.nxp.mcuxpresso.tools.macosx_11.9.0.202307121226/tools/bin/../lib/gcc/arm-none-eabi/12.3.1/../../../../arm-none-eabi/lib/thumb/v6-m/nofp/libcr_c.a(ftell.o)
 .debug_line    0x00008c83       0xe2 /Applications/MCUXpressoIDE_11.9.0_2144/ide/plugins/com.nxp.mcuxpresso.tools.macosx_11.9.0.202307121226/tools/bin/../lib/gcc/arm-none-eabi/12.3.1/../../../../arm-none-eabi/lib/thumb/v6-m/nofp/libcr_c.a(remove.o)
 .debug_line    0x00008d65      0x118 /Applications/MCUXpressoIDE_11.9.0_2144/ide/plugins/com.nxp.mcuxpresso.tools.macosx_11.9.0.202307121226/tools/bin/../lib/gcc/arm-none-eabi/12.3.1/../../../../arm-none-eabi/lib/thumb/v6-m/nofp/libcr_c.a(_do_fflush.o)
 .debug_line    0x00008e7d      0x11f /Applications/MCUXpressoIDE_11.9.0_2144/ide/plugins/com.nxp.mcuxpresso.tools.macosx_11.9.0.202307121226/tools/bin/../lib/gcc/arm-none-eabi/12.3.1/../../../../arm-none-eabi/lib/thumb/v6-m/nofp/libcr_c.a(_fflush.o)
 .debug_line    0x00008f9c      0x139 /Applications/MCUXpressoIDE_11.9.0_2144/ide/plugins/com.nxp.mcuxpresso.tools.macosx_11.9.0.202307121226/tools/bin/../lib/gcc/arm-none-eabi/12.3.1/../../../../arm-none-eabi/lib/thumb/v6-m/nofp/libcr_c.a(_writebuf.o)
 .debug_line    0x000090d5      0x3db /Applications/MCUXpressoIDE_11.9.0_2144/ide/plugins/com.nxp.mcuxpresso.tools.macosx_11.9.0.202307121226/tools/bin/../lib/gcc/arm-none-eabi/12.3.1/../../../../arm-none-eabi/lib/thumb/v6-m/nofp/libcr_c.a(alloc.o)
 .debug_line    0x000094b0       0x4e /Applications/MCUXpressoIDE_11.9.0_2144/ide/plugins/com.nxp.mcuxpresso.tools.macosx_11.9.0.202307121226/tools/bin/../lib/gcc/arm-none-eabi/12.3.1/../../../../arm-none-eabi/lib/thumb/v6-m/nofp/libcr_c.a(errno.o)
 .debug_line    0x000094fe      0x305 /Applications/MCUXpressoIDE_11.9.0_2144/ide/plugins/com.nxp.mcuxpresso.tools.macosx_11.9.0.202307121226/tools/bin/../lib/gcc/arm-none-eabi/12.3.1/../../../../arm-none-eabi/lib/thumb/v6-m/nofp/libcr_c.a(_deferredlazyseek.o)
 .debug_line    0x00009803       0xf2 /Applications/MCUXpressoIDE_11.9.0_2144/ide/plugins/com.nxp.mcuxpresso.tools.macosx_11.9.0.202307121226/tools/bin/../lib/gcc/arm-none-eabi/12.3.1/../../../../arm-none-eabi/lib/thumb/v6-m/nofp/libcr_nohost_nf.a(__ciob.o)
 .debug_line    0x000098f5       0x50 /Applications/MCUXpressoIDE_11.9.0_2144/ide/plugins/com.nxp.mcuxpresso.tools.macosx_11.9.0.202307121226/tools/bin/../lib/gcc/arm-none-eabi/12.3.1/../../../../arm-none-eabi/lib/thumb/v6-m/nofp/libcr_nohost_nf.a(__sys_close.o)
 .debug_line    0x00009945       0x4f /Applications/MCUXpressoIDE_11.9.0_2144/ide/plugins/com.nxp.mcuxpresso.tools.macosx_11.9.0.202307121226/tools/bin/../lib/gcc/arm-none-eabi/12.3.1/../../../../arm-none-eabi/lib/thumb/v6-m/nofp/libcr_nohost_nf.a(__sys_flen.o)
 .debug_line    0x00009994       0x50 /Applications/MCUXpressoIDE_11.9.0_2144/ide/plugins/com.nxp.mcuxpresso.tools.macosx_11.9.0.202307121226/tools/bin/../lib/gcc/arm-none-eabi/12.3.1/../../../../arm-none-eabi/lib/thumb/v6-m/nofp/libcr_nohost_nf.a(__sys_istty.o)
 .debug_line    0x000099e4       0x51 /Applications/MCUXpressoIDE_11.9.0_2144/ide/plugins/com.nxp.mcuxpresso.tools.macosx_11.9.0.202307121226/tools/bin/../lib/gcc/arm-none-eabi/12.3.1/../../../../arm-none-eabi/lib/thumb/v6-m/nofp/libcr_nohost_nf.a(__sys_remove.o)
 .debug_line    0x00009a35       0x4f /Applications/MCUXpressoIDE_11.9.0_2144/ide/plugins/com.nxp.mcuxpresso.tools.macosx_11.9.0.202307121226/tools/bin/../lib/gcc/arm-none-eabi/12.3.1/../../../../arm-none-eabi/lib/thumb/v6-m/nofp/libcr_nohost_nf.a(__sys_seek.o)
 .debug_line    0x00009a84       0x51 /Applications/MCUXpressoIDE_11.9.0_2144/ide/plugins/com.nxp.mcuxpresso.tools.macosx_11.9.0.202307121226/tools/bin/../lib/gcc/arm-none-eabi/12.3.1/../../../../arm-none-eabi/lib/thumb/v6-m/nofp/libcr_nohost_nf.a(__sys_tmpnam.o)
 .debug_line    0x00009ad5       0x4e /Applications/MCUXpressoIDE_11.9.0_2144/ide/plugins/com.nxp.mcuxpresso.tools.macosx_11.9.0.202307121226/tools/bin/../lib/gcc/arm-none-eabi/12.3.1/../../../../arm-none-eabi/lib/thumb/v6-m/nofp/libcr_nohost_nf.a(__sys_write.o)

.debug_str      0x00000000     0x5c99
 .debug_str     0x00000000      0xd47 ./utilities/fsl_debug_console.o
                                0xdd0 (size before relaxing)
 .debug_str     0x00000d47      0x39d ./startup/startup_mkl25z4.o
                                0x50c (size before relaxing)
 .debug_str     0x000010e4      0x1e8 ./source/freertos_hello.o
                                0x894 (size before relaxing)
 .debug_str     0x000012cc      0x129 ./source/led.o
                                0x343 (size before relaxing)
 .debug_str     0x000013f5       0x1f ./source/mtb.o
                                0x18d (size before relaxing)
 .debug_str     0x00001414       0x1f ./source/semihost_hardfault.o
                                0x18d (size before relaxing)
 .debug_str     0x00001433       0x48 ./freertos/fsl_tickless_lptmr.o
                                0x248 (size before relaxing)
 .debug_str     0x0000147b      0x1f2 ./freertos/heap_4.o
                                0x3f8 (size before relaxing)
 .debug_str     0x0000166d      0x125 ./freertos/list.o
                                0x342 (size before relaxing)
 .debug_str     0x00001792      0x134 ./freertos/port.o
                                0x39e (size before relaxing)
 .debug_str     0x000018c6      0x610 ./freertos/queue.o
                                0xa29 (size before relaxing)
 .debug_str     0x00001ed6      0xa5a ./freertos/tasks.o
                               0x1103 (size before relaxing)
 .debug_str     0x00002930      0x4c7 ./freertos/timers.o
                                0x9a2 (size before relaxing)
 .debug_str     0x00002df7      0xfd0 ./drivers/fsl_clock.o
                               0x1800 (size before relaxing)
 .debug_str     0x00003dc7      0x2ef ./drivers/fsl_common.o
                                0x503 (size before relaxing)
 .debug_str     0x000040b6      0x973 ./drivers/fsl_lpsci.o
                               0x15b6 (size before relaxing)
 .debug_str     0x00004a29      0x7c8 ./drivers/fsl_uart.o
                               0x15c2 (size before relaxing)
 .debug_str     0x000051f1       0x35 ./board/board.o
                                0x34e (size before relaxing)
 .debug_str     0x00005226      0x2e8 ./board/clock_config.o
                                0xe6e (size before relaxing)
 .debug_str     0x0000550e      0x12b ./board/pin_mux.o
                                0x5ac (size before relaxing)
 .debug_str     0x00005639       0x44 ./CMSIS/system_MKL25Z4.o
                                0x339 (size before relaxing)
 .debug_str     0x0000567d      0x129 /Applications/MCUXpressoIDE_11.9.0_2144/ide/plugins/com.nxp.mcuxpresso.tools.macosx_11.9.0.202307121226/tools/bin/../lib/gcc/arm-none-eabi/12.3.1/../../../../arm-none-eabi/lib/thumb/v6-m/nofp/libcr_nohost_nf.a(_cr__main.o)
                                0x16e (size before relaxing)
 .debug_str     0x000057a6       0x6f /Applications/MCUXpressoIDE_11.9.0_2144/ide/plugins/com.nxp.mcuxpresso.tools.macosx_11.9.0.202307121226/tools/bin/../lib/gcc/arm-none-eabi/12.3.1/../../../../arm-none-eabi/lib/thumb/v6-m/nofp/libcr_c.a(memcpy.o)
                                0x1bc (size before relaxing)
 .debug_str     0x00005815       0x31 /Applications/MCUXpressoIDE_11.9.0_2144/ide/plugins/com.nxp.mcuxpresso.tools.macosx_11.9.0.202307121226/tools/bin/../lib/gcc/arm-none-eabi/12.3.1/../../../../arm-none-eabi/lib/thumb/v6-m/nofp/libcr_c.a(memset.o)
                                0x16e (size before relaxing)
 .debug_str     0x00005846       0xdf /Applications/MCUXpressoIDE_11.9.0_2144/ide/plugins/com.nxp.mcuxpresso.tools.macosx_11.9.0.202307121226/tools/bin/../lib/gcc/arm-none-eabi/12.3.1/../../../../arm-none-eabi/lib/thumb/v6-m/nofp/libcr_c.a(initio.o)
                                0x242 (size before relaxing)
 .debug_str     0x00005925       0x1d /Applications/MCUXpressoIDE_11.9.0_2144/ide/plugins/com.nxp.mcuxpresso.tools.macosx_11.9.0.202307121226/tools/bin/../lib/gcc/arm-none-eabi/12.3.1/../../../../arm-none-eabi/lib/thumb/v6-m/nofp/libcr_c.a(setvbuf.o)
                                0x221 (size before relaxing)
 .debug_str     0x00005942       0x26 /Applications/MCUXpressoIDE_11.9.0_2144/ide/plugins/com.nxp.mcuxpresso.tools.macosx_11.9.0.202307121226/tools/bin/../lib/gcc/arm-none-eabi/12.3.1/../../../../arm-none-eabi/lib/thumb/v6-m/nofp/libcr_c.a(strlen.o)
                                0x168 (size before relaxing)