Archive member included to satisfy reference by file (symbol)

c:/nxp/mcuxpressoide_11.9.0_2144/ide/plugins/com.nxp.mcuxpresso.tools.win32_11.9.0.202307121226/tools/bin/../lib/gcc/arm-none-eabi/12.3.1/../../../../arm-none-eabi/lib/thumb/v6-m/nofp\libcr_nohost_nf.a(_cr__main.o)
                              ./startup/startup_mkl25z4.o (__main)
c:/nxp/mcuxpressoide_11.9.0_2144/ide/plugins/com.nxp.mcuxpresso.tools.win32_11.9.0.202307121226/tools/bin/../lib/gcc/arm-none-eabi/12.3.1/../../../../arm-none-eabi/lib/thumb/v6-m/nofp\libcr_c.a(memcpy.o)
                              ./freertos/queue.o (memcpy)
c:/nxp/mcuxpressoide_11.9.0_2144/ide/plugins/com.nxp.mcuxpresso.tools.win32_11.9.0.202307121226/tools/bin/../lib/gcc/arm-none-eabi/12.3.1/../../../../arm-none-eabi/lib/thumb/v6-m/nofp\libcr_c.a(memset.o)
                              ./freertos/tasks.o (memset)
c:/nxp/mcuxpressoide_11.9.0_2144/ide/plugins/com.nxp.mcuxpresso.tools.win32_11.9.0.202307121226/tools/bin/../lib/gcc/arm-none-eabi/12.3.1/../../../../arm-none-eabi/lib/thumb/v6-m/nofp\libcr_c.a(initio.o)
                              c:/nxp/mcuxpressoide_11.9.0_2144/ide/plugins/com.nxp.mcuxpresso.tools.win32_11.9.0.202307121226/tools/bin/../lib/gcc/arm-none-eabi/12.3.1/../../../../arm-none-eabi/lib/thumb/v6-m/nofp\libcr_nohost_nf.a(_cr__main.o) (_initio)
c:/nxp/mcuxpressoide_11.9.0_2144/ide/plugins/com.nxp.mcuxpresso.tools.win32_11.9.0.202307121226/tools/bin/../lib/gcc/arm-none-eabi/12.3.1/../../../../arm-none-eabi/lib/thumb/v6-m/nofp\libcr_c.a(setvbuf.o)
                              c:/nxp/mcuxpressoide_11.9.0_2144/ide/plugins/com.nxp.mcuxpresso.tools.win32_11.9.0.202307121226/tools/bin/../lib/gcc/arm-none-eabi/12.3.1/../../../../arm-none-eabi/lib/thumb/v6-m/nofp\libcr_c.a(initio.o) (setvbuf)
c:/nxp/mcuxpressoide_11.9.0_2144/ide/plugins/com.nxp.mcuxpresso.tools.win32_11.9.0.202307121226/tools/bin/../lib/gcc/arm-none-eabi/12.3.1/../../../../arm-none-eabi/lib/thumb/v6-m/nofp\libcr_c.a(strlen.o)
                              ./utilities/fsl_debug_console.o (strlen)
c:/nxp/mcuxpressoide_11.9.0_2144/ide/plugins/com.nxp.mcuxpresso.tools.win32_11.9.0.202307121226/tools/bin/../lib/gcc/arm-none-eabi/12.3.1/../../../../arm-none-eabi/lib/thumb/v6-m/nofp\libcr_c.a(_fdopen.o)
                              c:/nxp/mcuxpressoide_11.9.0_2144/ide/plugins/com.nxp.mcuxpresso.tools.win32_11.9.0.202307121226/tools/bin/../lib/gcc/arm-none-eabi/12.3.1/../../../../arm-none-eabi/lib/thumb/v6-m/nofp\libcr_c.a(initio.o) (_fdopen)
c:/nxp/mcuxpressoide_11.9.0_2144/ide/plugins/com.nxp.mcuxpresso.tools.win32_11.9.0.202307121226/tools/bin/../lib/gcc/arm-none-eabi/12.3.1/../../../../arm-none-eabi/lib/thumb/v6-m/nofp\libcr_c.a(fclose.o)
                              c:/nxp/mcuxpressoide_11.9.0_2144/ide/plugins/com.nxp.mcuxpresso.tools.win32_11.9.0.202307121226/tools/bin/../lib/gcc/arm-none-eabi/12.3.1/../../../../arm-none-eabi/lib/thumb/v6-m/nofp\libcr_c.a(initio.o) (fclose)
c:/nxp/mcuxpressoide_11.9.0_2144/ide/plugins/com.nxp.mcuxpresso.tools.win32_11.9.0.202307121226/tools/bin/../lib/gcc/arm-none-eabi/12.3.1/../../../../arm-none-eabi/lib/thumb/v6-m/nofp\libcr_c.a(fflush.o)
                              c:/nxp/mcuxpressoide_11.9.0_2144/ide/plugins/com.nxp.mcuxpresso.tools.win32_11.9.0.202307121226/tools/bin/../lib/gcc/arm-none-eabi/12.3.1/../../../../arm-none-eabi/lib/thumb/v6-m/nofp\libcr_c.a(fclose.o) (fflush)
c:/nxp/mcuxpressoide_11.9.0_2144/ide/plugins/com.nxp.mcuxpresso.tools.win32_11.9.0.202307121226/tools/bin/../lib/gcc/arm-none-eabi/12.3.1/../../../../arm-none-eabi/lib/thumb/v6-m/nofp\libcr_c.a(fseek.o)
                              c:/nxp/mcuxpressoide_11.9.0_2144/ide/plugins/com.nxp.mcuxpresso.tools.win32_11.9.0.202307121226/tools/bin/../lib/gcc/arm-none-eabi/12.3.1/../../../../arm-none-eabi/lib/thumb/v6-m/nofp\libcr_c.a(_fdopen.o) (fseek)
c:/nxp/mcuxpressoide_11.9.0_2144/ide/plugins/com.nxp.mcuxpresso.tools.win32_11.9.0.202307121226/tools/bin/../lib/gcc/arm-none-eabi/12.3.1/../../../../arm-none-eabi/lib/thumb/v6-m/nofp\libcr_c.a(ftell.o)
                              c:/nxp/mcuxpressoide_11.9.0_2144/ide/plugins/com.nxp.mcuxpresso.tools.win32_11.9.0.202307121226/tools/bin/../lib/gcc/arm-none-eabi/12.3.1/../../../../arm-none-eabi/lib/thumb/v6-m/nofp\libcr_c.a(fseek.o) (ftell)
c:/nxp/mcuxpressoide_11.9.0_2144/ide/plugins/com.nxp.mcuxpresso.tools.win32_11.9.0.202307121226/tools/bin/../lib/gcc/arm-none-eabi/12.3.1/../../../../arm-none-eabi/lib/thumb/v6-m/nofp\libcr_c.a(remove.o)
                              c:/nxp/mcuxpressoide_11.9.0_2144/ide/plugins/com.nxp.mcuxpresso.tools.win32_11.9.0.202307121226/tools/bin/../lib/gcc/arm-none-eabi/12.3.1/../../../../arm-none-eabi/lib/thumb/v6-m/nofp\libcr_c.a(fclose.o) (remove)
c:/nxp/mcuxpressoide_11.9.0_2144/ide/plugins/com.nxp.mcuxpresso.tools.win32_11.9.0.202307121226/tools/bin/../lib/gcc/arm-none-eabi/12.3.1/../../../../arm-none-eabi/lib/thumb/v6-m/nofp\libcr_c.a(_do_fflush.o)
[...]
Memory Configuration

Name             Origin             Length             Attributes
PROGRAM_FLASH    0x00000000         0x00020000         xr
SRAM             0x1ffff000         0x00004000         xrw
*default*        0x00000000         0xffffffff

Linker script and memory map

LOAD ./utilities/fsl_debug_console.o
LOAD ./startup/startup_mkl25z4.o
LOAD ./source/MMA8451Q.o
LOAD ./source/blinkenlights_utils.o
LOAD ./source/freertos_hello.o
LOAD ./source/i2c.o
LOAD ./source/led.o
LOAD ./source/mtb.o
LOAD ./source/semihost_hardfault.o
LOAD ./freertos/croutine.o
LOAD ./freertos/event_groups.o
LOAD ./freertos/fsl_tickless_lptmr.o
LOAD ./freertos/fsl_tickless_systick.o
LOAD ./freertos/heap_4.o
LOAD ./freertos/list.o
LOAD ./freertos/port.o
LOAD ./freertos/queue.o
LOAD ./freertos/tasks.o
LOAD ./freertos/timers.o
LOAD ./drivers/fsl_clock.o
LOAD ./drivers/fsl_common.o
LOAD ./drivers/fsl_flash.o
LOAD ./drivers/fsl_gpio.o
LOAD ./drivers/fsl_i2c.o
LOAD ./drivers/fsl_i2c_freertos.o
LOAD ./drivers/fsl_lpsci.o
LOAD ./drivers/fsl_lpsci_freertos.o
LOAD ./drivers/fsl_smc.o
LOAD ./drivers/fsl_uart.o
LOAD ./drivers/fsl_uart_freertos.o
LOAD ./board/board.o
LOAD ./board/clock_config.o
LOAD ./board/pin_mux.o
LOAD ./CMSIS/system_MKL25Z4.o
START GROUP
LOAD c:/nxp/mcuxpressoide_11.9.0_2144/ide/plugins/com.nxp.mcuxpresso.tools.win32_11.9.0.202307121226/tools/bin/../lib/gcc/arm-none-eabi/12.3.1/../../../../arm-none-eabi/lib/thumb/v6-m/nofp\libcr_nohost_nf.a
LOAD c:/nxp/mcuxpressoide_11.9.0_2144/ide/plugins/com.nxp.mcuxpresso.tools.win32_11.9.0.202307121226/tools/bin/../lib/gcc/arm-none-eabi/12.3.1/../../../../arm-none-eabi/lib/thumb/v6-m/nofp\libcr_c.a
LOAD c:/nxp/mcuxpressoide_11.9.0_2144/ide/plugins/com.nxp.mcuxpresso.tools.win32_11.9.0.202307121226/tools/bin/../lib/gcc/arm-none-eabi/12.3.1/thumb/v6-m/nofp\libcr_eabihelpers.a
LOAD c:/nxp/mcuxpressoide_11.9.0_2144/ide/plugins/com.nxp.mcuxpresso.tools.win32_11.9.0.202307121226/tools/bin/../lib/gcc/arm-none-eabi/12.3.1/thumb/v6-m/nofp\libgcc.a
END GROUP
                0x00000000                        __base_PROGRAM_FLASH = 0x0
                0x00000000                        __base_Flash = 0x0
                0x00020000                        __top_PROGRAM_FLASH = 0x20000
                0x00020000                        __top_Flash = 0x20000
                0x1ffff000                        __base_SRAM = 0x1ffff000
                0x1ffff000                        __base_RAM = 0x1ffff000
                0x20003000                        __top_SRAM = 0x20003000
                0x20003000                        __top_RAM = 0x20003000

.text           0x00000000     0x5c30
 FILL mask 0xff
                0x00000000                        __vectors_start__ = ABSOLUTE (.)
 *(SORT_BY_ALIGNMENT(.isr_vector))
 .isr_vector    0x00000000       0xc0 ./startup/startup_mkl25z4.o
                0x00000000                g_pfnVectors
                0x00000000                __Vectors
                0x000000c0                        . = ALIGN (0x4)
                0x000000c0                        __section_table_start = .
                0x000000c0                        __data_section_table = .
                0x000000c0        0x4 LONG 0x5c30 LOADADDR (.data)
                0x000000c4        0x4 LONG 0x1ffff080 ADDR (.data)
                0x000000c8        0x4 LONG 0x6c SIZEOF (.data)
                0x000000cc                        __data_section_table_end = .
                0x000000cc                        __bss_section_table = .
                0x000000cc        0x4 LONG 0x1ffff0ec ADDR (.bss)
                0x000000d0        0x4 LONG 0x2ab8 SIZEOF (.bss)
                0x000000d4                        __bss_section_table_end = .
                0x000000d4                        __section_table_end = .
 *(SORT_BY_ALIGNMENT(.after_vectors*))
 .after_vectors.reset
                0x000000d4       0x4c ./startup/startup_mkl25z4.o
                0x000000d4                ResetISR
 .after_vectors.init_data
                0x00000120       0x12 ./startup/startup_mkl25z4.o
                0x00000120                data_init
 .after_vectors.init_bss
                0x00000132       0x10 ./startup/startup_mkl25z4.o
                0x00000132                bss_init
 .after_vectors
                0x00000142      0x10c ./startup/startup_mkl25z4.o
                0x00000142                NMI_Handler
                0x0000014c                PORTD_DriverIRQHandler
                0x0000014c                DMA0_DriverIRQHandler
                0x0000014c                SPI1_DriverIRQHandler
                0x0000014c                LPTMR0_DriverIRQHandler
                0x0000014c                Reserved39_DriverIRQHandler
                0x0000014c                PIT_DriverIRQHandler
                0x0000014c                DMA2_DriverIRQHandler
                0x0000014c                CMP0_DriverIRQHandler
                0x0000014c                ADC0_DriverIRQHandler
                0x0000014c                TPM2_DriverIRQHandler
                0x0000014c                SPI0_DriverIRQHandler
                0x0000014c                TPM0_DriverIRQHandler
                0x0000014c                TSI0_DriverIRQHandler
                0x0000014c                RTC_Seconds_DriverIRQHandler
                0x0000014c                DMA1_DriverIRQHandler
                0x0000014c                RTC_DriverIRQHandler
                0x0000014c                LLWU_DriverIRQHandler
                0x0000014c                MCG_DriverIRQHandler
                0x0000014c                TPM1_DriverIRQHandler
                0x0000014c                PORTA_DriverIRQHandler
                0x0000014c                Reserved45_DriverIRQHandler
                0x0000014c                FTFA_DriverIRQHandler
                0x0000014c                IntDefaultHandler
                0x0000014c                USB0_DriverIRQHandler
                0x0000014c                DAC0_DriverIRQHandler
                0x0000014c                DMA3_DriverIRQHandler
                0x0000014c                LVD_LVW_DriverIRQHandler
                0x0000014c                Reserved20_DriverIRQHandler
                0x0000014e                DMA0_IRQHandler
                0x00000156                DMA1_IRQHandler
                0x0000015e                DMA2_IRQHandler
                0x00000166                DMA3_IRQHandler
                0x0000016e                Reserved20_IRQHandler
                0x00000176                FTFA_IRQHandler
                0x0000017e                LVD_LVW_IRQHandler
                0x00000186                LLWU_IRQHandler
                0x0000018e                I2C0_IRQHandler
                0x00000196                I2C1_IRQHandler
                0x0000019e                SPI0_IRQHandler
                0x000001a6                SPI1_IRQHandler
                0x000001ae                UART0_IRQHandler
                0x000001b6                UART1_IRQHandler
                0x000001be                UART2_IRQHandler
                0x000001c6                ADC0_IRQHandler
                0x000001ce                CMP0_IRQHandler
                0x000001d6                TPM0_IRQHandler
                0x000001de                TPM1_IRQHandler
                0x000001e6                TPM2_IRQHandler
                0x000001ee                RTC_IRQHandler
                0x000001f6                RTC_Seconds_IRQHandler
                0x000001fe                PIT_IRQHandler
                0x00000206                Reserved39_IRQHandler
                0x0000020e                USB0_IRQHandler
                0x00000216                DAC0_IRQHandler
                0x0000021e                TSI0_IRQHandler
                0x00000226                MCG_IRQHandler
                0x0000022e                LPTMR0_IRQHandler
                0x00000236                Reserved45_IRQHandler
                0x00000246                PORTD_IRQHandler
                0x00000400                        . = 0x400
 *fill*         0x0000024e      0x1b2 ff
                0x00000400                        PROVIDE (__FLASH_CONFIG_START__ = .)
 *(SORT_BY_ALIGNMENT(.FlashConfig))
 .FlashConfig   0x00000400       0x10 ./startup/startup_mkl25z4.o
                0x00000400                Flash_Config
                0x00000410                        PROVIDE (__FLASH_CONFIG_END__ = .)
                0x00000001                        ASSERT (! ((__FLASH_CONFIG_START__ == __FLASH_CONFIG_END__)), Linker Flash Config Support Enabled, but no .FlashConfig section provided within application)
 *(SORT_BY_ALIGNMENT(.text*))
 .text.vPortStartFirstTask
                0x00000410       0x38 ./freertos/port.o
 *fill*         0x00000448        0x8 ff
 .text.PendSV_Handler
                0x00000450       0x48 ./freertos/port.o
                0x00000450                PendSV_Handler
 .text.DbgConsole_Init
                0x00000498       0xf4 ./utilities/fsl_debug_console.o
                0x00000498                DbgConsole_Init
 .text.DbgConsole_Printf
                0x0000058c       0x44 ./utilities/fsl_debug_console.o
                0x0000058c                DbgConsole_Printf
 .text.DbgConsole_Putchar
                0x000005d0       0x34 ./utilities/fsl_debug_console.o
                0x000005d0                DbgConsole_Putchar
 .text.NVIC_EnableIRQ
                0x00000604       0x2c ./source/MMA8451Q.o
 .text.NVIC_DisableIRQ
                0x00000630       0x30 ./source/MMA8451Q.o
 .text.NVIC_ClearPendingIRQ
                0x00000660       0x30 ./source/MMA8451Q.o
 .text.MCU_Init
                0x00000690       0x94 ./source/MMA8451Q.o
                0x00000690                MCU_Init
 .text.Calibrate
                0x00000724      0x158 ./source/MMA8451Q.o
                0x00000724                Calibrate
 .text.PORTA_IRQHandler
                0x0000087c       0x28 ./source/MMA8451Q.o
                0x0000087c                PORTA_IRQHandler
 .text.RunMMA8451Q
                0x000008a4      0x138 ./source/MMA8451Q.o
                0x000008a4                RunMMA8451Q
 .text.main     0x000009dc       0xd4 ./source/freertos_hello.o
                0x000009dc                main
 .text.createSemaphore
                0x00000ab0       0x58 ./source/freertos_hello.o
 .text.task1    0x00000b08       0x80 ./source/freertos_hello.o
 .text.task2    0x00000b88       0x7c ./source/freertos_hello.o
 .text.senderTask
                0x00000c04       0x64 ./source/freertos_hello.o
 .text.receiverTask
                0x00000c68       0x58 ./source/freertos_hello.o
 .text.I2C_WriteRegister
                0x00000cc0       0xe8 ./source/i2c.o
                0x00000cc0                I2C_WriteRegister
 .text.I2C_ReadRegister
                0x00000da8      0x14c ./source/i2c.o
                0x00000da8                I2C_ReadRegister
 .text.I2C_ReadMultiRegisters
                0x00000ef4      0x1e8 ./source/i2c.o
                0x00000ef4                I2C_ReadMultiRegisters
 .text.LED_Init
                0x000010dc       0xe8 ./source/led.o
                0x000010dc                LED_Init
 .text.ControlRedLed
                0x000011c4       0x4c ./source/led.o
                0x000011c4                ControlRedLed
 .text.ControlGreenLed
                0x00001210       0x4c ./source/led.o
                0x00001210                ControlGreenLed
 .text.HardFault_Handler
                0x0000125c       0x30 ./source/semihost_hardfault.o
                0x0000125c                HardFault_Handler
 .text.prvSetupTimerInterrupt
                0x0000128c       0x40 ./freertos/fsl_tickless_lptmr.o
                0x0000128c                prvSetupTimerInterrupt
 .text.pvPortMalloc
                0x000012cc      0x150 ./freertos/heap_4.o
                0x000012cc                pvPortMalloc
 .text.vPortFree
                0x0000141c       0x94 ./freertos/heap_4.o
                0x0000141c                vPortFree
 .text.prvHeapInit
                0x000014b0       0xc0 ./freertos/heap_4.o
 .text.prvInsertBlockIntoFreeList
                0x00001570       0xb0 ./freertos/heap_4.o
 .text.pxPortInitialiseStack
                0x00001620       0x54 ./freertos/port.o
                0x00001620                pxPortInitialiseStack
 .text.prvTaskExitError
                0x00001674       0x1c ./freertos/port.o
 .text.xPortStartScheduler
                0x00001690       0x44 ./freertos/port.o
                0x00001690                xPortStartScheduler
 .text.vPortYield
                0x000016d4       0x20 ./freertos/port.o
                0x000016d4                vPortYield
 .text.vPortEnterCritical
                0x000016f4       0x24 ./freertos/port.o
                0x000016f4                vPortEnterCritical
 .text.vPortExitCritical
                0x00001718       0x30 ./freertos/port.o
                0x00001718                vPortExitCritical
 .text.SysTick_Handler
                0x00001748       0x34 ./freertos/port.o
                0x00001748                SysTick_Handler
 .text.vQueueAddToRegistry
                0x0000177c       0x50 ./freertos/queue.o
                0x0000177c                vQueueAddToRegistry
 .text.prvInitialiseNewTask
                0x000017cc      0x124 ./freertos/tasks.o
 .text.prvAddNewTaskToReadyList
                0x000018f0       0xd0 ./freertos/tasks.o
 .text.vTaskDelay
                0x000019c0       0x4c ./freertos/tasks.o
                0x000019c0                vTaskDelay
 .text.vTaskStartScheduler
                0x00001a0c       0x7c ./freertos/tasks.o
                0x00001a0c                vTaskStartScheduler
 .text.vTaskSuspendAll
                0x00001a88       0x18 ./freertos/tasks.o
                0x00001a88                vTaskSuspendAll
 .text.xTaskResumeAll
                0x00001aa0      0x118 ./freertos/tasks.o
                0x00001aa0                xTaskResumeAll
 .text.xTaskGetTickCount
                0x00001bb8       0x1c ./freertos/tasks.o
                0x00001bb8                xTaskGetTickCount
 .text.xTaskIncrementTick
                0x00001bd4      0x150 ./freertos/tasks.o
                0x00001bd4                xTaskIncrementTick
 .text.vTaskSwitchContext
                0x00001d24       0xa4 ./freertos/tasks.o
                0x00001d24                vTaskSwitchContext
 .text.vTaskPlaceOnEventList
                0x00001dc8       0x40 ./freertos/tasks.o
                0x00001dc8                vTaskPlaceOnEventList
 .text.vTaskPlaceOnEventListRestricted
                0x00001e08       0x50 ./freertos/tasks.o
                0x00001e08                vTaskPlaceOnEventListRestricted
 .text.xTaskRemoveFromEventList
                0x00001e58       0xbc ./freertos/tasks.o
                0x00001e58                xTaskRemoveFromEventList
 .text.vTaskSetTimeOutState
                0x00001f14       0x34 ./freertos/tasks.o
                0x00001f14                vTaskSetTimeOutState
 .text.xTaskCheckForTimeOut
                0x00001f48       0xa0 ./freertos/tasks.o
                0x00001f48                xTaskCheckForTimeOut
 .text.vTaskMissedYield
                0x00001fe8       0x14 ./freertos/tasks.o
                0x00001fe8                vTaskMissedYield
 .text.prvIdleTask
                0x00001ffc       0x20 ./freertos/tasks.o
 .text.prvInitialiseTaskLists
                0x0000201c       0x88 ./freertos/tasks.o
 .text.prvCheckTasksWaitingTermination
                0x000020a4       0x78 ./freertos/tasks.o
 .text.prvResetNextTaskUnblockTime
                0x0000211c       0x48 ./freertos/tasks.o
 .text.xTaskGetSchedulerState
                0x00002164       0x38 ./freertos/tasks.o
                0x00002164                xTaskGetSchedulerState
 .text.vTaskPriorityInherit
                0x0000219c       0xbc ./freertos/tasks.o
                0x0000219c                vTaskPriorityInherit
 .text.xTaskPriorityDisinherit
                0x00002258       0xbc ./freertos/tasks.o
                0x00002258                xTaskPriorityDisinherit
 .text.pvTaskIncrementMutexHeldCount
                0x00002314       0x24 ./freertos/tasks.o
                0x00002314                pvTaskIncrementMutexHeldCount
 .text.xTaskGenericNotify
                0x00002338      0x11c ./freertos/tasks.o
                0x00002338                xTaskGenericNotify
 .text.xTaskGenericNotifyFromISR
                0x00002454      0x158 ./freertos/tasks.o
                0x00002454                xTaskGenericNotifyFromISR
 .text.prvAddCurrentTaskToDelayedList
                0x000025ac       0xa8 ./freertos/tasks.o
 .text.xTimerCreateTimerTask
                0x00002654       0x54 ./freertos/timers.o
                0x00002654                xTimerCreateTimerTask
 .text.xTimerGenericCommand
                0x000026a8       0x98 ./freertos/timers.o
                0x000026a8                xTimerGenericCommand
 .text.prvProcessExpiredTimer
                0x00002740       0x74 ./freertos/timers.o
 .text.prvProcessTimerOrBlockTask
                0x000027b4       0x8c ./freertos/timers.o
 .text.prvGetNextExpireTime
                0x00002840       0x40 ./freertos/timers.o
 .text.prvSampleTimeNow
                0x00002880       0x40 ./freertos/timers.o
 .text.prvInsertTimerInActiveList
                0x000028c0       0x84 ./freertos/timers.o
 .text.prvProcessReceivedCommands
                0x00002944      0x134 ./freertos/timers.o
 .text.prvSwitchTimerLists
                0x00002a78       0xb8 ./freertos/timers.o
 .text.prvCheckForValidListAndQueue
                0x00002b30       0x74 ./freertos/timers.o
 .text.CLOCK_SetEr32kClock
                0x00002ba4       0x34 ./drivers/fsl_clock.o
 .text.CLOCK_SetPllFllSelClock
                0x00002bd8       0x38 ./drivers/fsl_clock.o
 .text.CLOCK_GetMcgExtClkFreq
                0x00002c10       0x28 ./drivers/fsl_clock.o
 .text.CLOCK_GetFllExtRefClkFreq
                0x00002c38       0xa8 ./drivers/fsl_clock.o
 .text.CLOCK_GetFllRefClkFreq
                0x00002ce0       0x2c ./drivers/fsl_clock.o
 .text.CLOCK_GetOscRangeFromFreq
                0x00002d0c       0x4c ./drivers/fsl_clock.o
 .text.CLOCK_GetPllFllSelClkFreq
                0x00002d58       0x4c ./drivers/fsl_clock.o
                0x00002d58                CLOCK_GetPllFllSelClkFreq
 .text.CLOCK_SetSimConfig
                0x00002da4       0x38 ./drivers/fsl_clock.o
                0x00002da4                CLOCK_SetSimConfig
 .text.CLOCK_GetFllFreq
                0x00002ddc       0x84 ./drivers/fsl_clock.o
                0x00002ddc                CLOCK_GetFllFreq
 .text.CLOCK_GetPll0Freq
                0x00002e60       0x70 ./drivers/fsl_clock.o
                0x00002e60                CLOCK_GetPll0Freq
 .text.CLOCK_SetInternalRefClkConfig
                0x00002ed0      0x124 ./drivers/fsl_clock.o
                0x00002ed0                CLOCK_SetInternalRefClkConfig
 .text.CLOCK_EnablePll0
                0x00002ff4       0x94 ./drivers/fsl_clock.o
                0x00002ff4                CLOCK_EnablePll0
 .text.CLOCK_InitOsc0
                0x00003088       0x94 ./drivers/fsl_clock.o
                0x00003088                CLOCK_InitOsc0
 .text.CLOCK_SetPbeMode
                0x0000311c       0xb0 ./drivers/fsl_clock.o
                0x0000311c                CLOCK_SetPbeMode
 .text.CLOCK_BootToPeeMode
                0x000031cc       0x70 ./drivers/fsl_clock.o
                0x000031cc                CLOCK_BootToPeeMode
 .text.__assertion_failed
                0x0000323c       0x1c ./drivers/fsl_common.o
                0x0000323c                __assertion_failed
 .text.I2C_TransferCommonIRQHandler
                0x00003258       0x58 ./drivers/fsl_i2c.o
 .text.I2C0_DriverIRQHandler
                0x000032b0       0x20 ./drivers/fsl_i2c.o
                0x000032b0                I2C0_DriverIRQHandler
 .text.I2C1_DriverIRQHandler
                0x000032d0       0x20 ./drivers/fsl_i2c.o
                0x000032d0                I2C1_DriverIRQHandler
 .text.CLOCK_EnableClock
                0x000032f0       0x34 ./drivers/fsl_lpsci.o
 .text.LPSCI_GetInstance
                0x00003324       0x48 ./drivers/fsl_lpsci.o
                0x00003324                LPSCI_GetInstance
 .text.LPSCI_Init
                0x0000336c      0x258 ./drivers/fsl_lpsci.o
                0x0000336c                LPSCI_Init
 .text.LPSCI_GetDefaultConfig
                0x000035c4       0x44 ./drivers/fsl_lpsci.o
                0x000035c4                LPSCI_GetDefaultConfig
 .text.LPSCI_ClearStatusFlags
                0x00003608       0x94 ./drivers/fsl_lpsci.o
                0x00003608                LPSCI_ClearStatusFlags
 .text.LPSCI_WriteBlocking
                0x0000369c       0x4c ./drivers/fsl_lpsci.o
                0x0000369c                LPSCI_WriteBlocking
 .text.LPSCI_ReadBlocking
                0x000036e8       0xc0 ./drivers/fsl_lpsci.o
                0x000036e8                LPSCI_ReadBlocking
 .text.UART0_DriverIRQHandler
                0x000037a8       0x24 ./drivers/fsl_lpsci.o
                0x000037a8                UART0_DriverIRQHandler
 .text.CLOCK_EnableClock
                0x000037cc       0x34 ./drivers/fsl_uart.o
 .text.UART_GetInstance
                0x00003800       0x54 ./drivers/fsl_uart.o
                0x00003800                UART_GetInstance
 .text.UART_Init
                0x00003854      0x1e0 ./drivers/fsl_uart.o
                0x00003854                UART_Init
 .text.UART_GetDefaultConfig
                0x00003a34       0x44 ./drivers/fsl_uart.o
                0x00003a34                UART_GetDefaultConfig
 .text.UART_ReadBlocking
                0x00003a78       0x98 ./drivers/fsl_uart.o
                0x00003a78                UART_ReadBlocking
 .text.UART1_DriverIRQHandler
                0x00003b10       0x24 ./drivers/fsl_uart.o
                0x00003b10                UART1_DriverIRQHandler
 .text.UART2_DriverIRQHandler
                0x00003b34       0x24 ./drivers/fsl_uart.o
                0x00003b34                UART2_DriverIRQHandler
 .text.CLOCK_SetLpsci0Clock
                0x00003b58       0x38 ./board/board.o
 .text.BOARD_InitDebugConsole
                0x00003b90       0x30 ./board/board.o
                0x00003b90                BOARD_InitDebugConsole
 .text.CLOCK_SetSimSafeDivs
                0x00003bc0       0x20 ./board/clock_config.o
 .text.CLOCK_SetXtal0Freq
                0x00003be0       0x1c ./board/clock_config.o
 .text.CLOCK_CONFIG_SetFllExtRefDiv
                0x00003bfc       0x3c ./board/clock_config.o
 .text.BOARD_BootClockRUN
                0x00003c38       0x64 ./board/clock_config.o
                0x00003c38                BOARD_BootClockRUN
 .text.CLOCK_EnableClock
                0x00003c9c       0x34 ./board/pin_mux.o
 .text.PORT_SetPinMux
                0x00003cd0       0x40 ./board/pin_mux.o
 .text.BOARD_InitPins
                0x00003d10       0x80 ./board/pin_mux.o
                0x00003d10                BOARD_InitPins
 .text.SystemInit
                0x00003d90       0x18 ./CMSIS/system_MKL25Z4.o
                0x00003d90                SystemInit
 .text._initio  0x00003da8       0x7c c:/nxp/mcuxpressoide_11.9.0_2144/ide/plugins/com.nxp.mcuxpresso.tools.win32_11.9.0.202307121226/tools/bin/../lib/gcc/arm-none-eabi/12.3.1/../../../../arm-none-eabi/lib/thumb/v6-m/nofp\libcr_c.a(initio.o)
                0x00003da8                _initio
 .text.setvbuf  0x00003e24       0x4c c:/nxp/mcuxpressoide_11.9.0_2144/ide/plugins/com.nxp.mcuxpresso.tools.win32_11.9.0.202307121226/tools/bin/../lib/gcc/arm-none-eabi/12.3.1/../../../../arm-none-eabi/lib/thumb/v6-m/nofp\libcr_c.a(setvbuf.o)
                0x00003e24                setvbuf
 .text.strlen   0x00003e70       0x5c c:/nxp/mcuxpressoide_11.9.0_2144/ide/plugins/com.nxp.mcuxpresso.tools.win32_11.9.0.202307121226/tools/bin/../lib/gcc/arm-none-eabi/12.3.1/../../../../arm-none-eabi/lib/thumb/v6-m/nofp\libcr_c.a(strlen.o)
                0x00003e70                strlen
 .text._fdopen  0x00003ecc       0x74 c:/nxp/mcuxpressoide_11.9.0_2144/ide/plugins/com.nxp.mcuxpresso.tools.win32_11.9.0.202307121226/tools/bin/../lib/gcc/arm-none-eabi/12.3.1/../../../../arm-none-eabi/lib/thumb/v6-m/nofp\libcr_c.a(_fdopen.o)
                0x00003ecc                _fdopen
 .text.fclose   0x00003f40       0x5c c:/nxp/mcuxpressoide_11.9.0_2144/ide/plugins/com.nxp.mcuxpresso.tools.win32_11.9.0.202307121226/tools/bin/../lib/gcc/arm-none-eabi/12.3.1/../../../../arm-none-eabi/lib/thumb/v6-m/nofp\libcr_c.a(fclose.o)
                0x00003f40                fclose
 .text.fflush   0x00003f9c       0x40 c:/nxp/mcuxpressoide_11.9.0_2144/ide/plugins/com.nxp.mcuxpresso.tools.win32_11.9.0.202307121226/tools/bin/../lib/gcc/arm-none-eabi/12.3.1/../../../../arm-none-eabi/lib/thumb/v6-m/nofp\libcr_c.a(fflush.o)
                0x00003f9c                fflush
 .text.fseek    0x00003fdc       0xec c:/nxp/mcuxpressoide_11.9.0_2144/ide/plugins/com.nxp.mcuxpresso.tools.win32_11.9.0.202307121226/tools/bin/../lib/gcc/arm-none-eabi/12.3.1/../../../../arm-none-eabi/lib/thumb/v6-m/nofp\libcr_c.a(fseek.o)
                0x00003fdc                fseek
 .text.ftell    0x000040c8       0x4c c:/nxp/mcuxpressoide_11.9.0_2144/ide/plugins/com.nxp.mcuxpresso.tools.win32_11.9.0.202307121226/tools/bin/../lib/gcc/arm-none-eabi/12.3.1/../../../../arm-none-eabi/lib/thumb/v6-m/nofp\libcr_c.a(ftell.o)
                0x000040c8                ftell
 .text._do_fflush
                0x00004114       0x48 c:/nxp/mcuxpressoide_11.9.0_2144/ide/plugins/com.nxp.mcuxpresso.tools.win32_11.9.0.202307121226/tools/bin/../lib/gcc/arm-none-eabi/12.3.1/../../../../arm-none-eabi/lib/thumb/v6-m/nofp\libcr_c.a(_do_fflush.o)
                0x00004114                _do_fflush
 .text._fflush  0x0000415c       0x5c c:/nxp/mcuxpressoide_11.9.0_2144/ide/plugins/com.nxp.mcuxpresso.tools.win32_11.9.0.202307121226/tools/bin/../lib/gcc/arm-none-eabi/12.3.1/../../../../arm-none-eabi/lib/thumb/v6-m/nofp\libcr_c.a(_fflush.o)
                0x0000415c                _fflush
 .text._Cwritebuf
                0x000041b8       0x68 c:/nxp/mcuxpressoide_11.9.0_2144/ide/plugins/com.nxp.mcuxpresso.tools.win32_11.9.0.202307121226/tools/bin/../lib/gcc/arm-none-eabi/12.3.1/../../../../arm-none-eabi/lib/thumb/v6-m/nofp\libcr_c.a(_writebuf.o)
                0x000041b8                _Cwritebuf
 .text._deferredlazyseek
                0x00004220       0x40 c:/nxp/mcuxpressoide_11.9.0_2144/ide/plugins/com.nxp.mcuxpresso.tools.win32_11.9.0.202307121226/tools/bin/../lib/gcc/arm-none-eabi/12.3.1/../../../../arm-none-eabi/lib/thumb/v6-m/nofp\libcr_c.a(_deferredlazyseek.o)
                0x00004220                _deferredlazyseek
 .text.__aeabi_fdiv
                0x00004260       0xe4 c:/nxp/mcuxpressoide_11.9.0_2144/ide/plugins/com.nxp.mcuxpresso.tools.win32_11.9.0.202307121226/tools/bin/../lib/gcc/arm-none-eabi/12.3.1/thumb/v6-m/nofp\libcr_eabihelpers.a(float.o)
                0x00004260                __aeabi_fdiv
 .text.__aeabi_f2d
                0x00004344       0x40 c:/nxp/mcuxpressoide_11.9.0_2144/ide/plugins/com.nxp.mcuxpresso.tools.win32_11.9.0.202307121226/tools/bin/../lib/gcc/arm-none-eabi/12.3.1/thumb/v6-m/nofp\libcr_eabihelpers.a(float.o)
                0x00004344                __aeabi_f2d
 .text.UART_EnableTx
                0x00004384       0x40 ./utilities/fsl_debug_console.o
 .text.UART_EnableRx
                0x000043c4       0x40 ./utilities/fsl_debug_console.o
 .text.LPSCI_EnableTx
                0x00004404       0x40 ./utilities/fsl_debug_console.o
 .text.LPSCI_EnableRx
                0x00004444       0x40 ./utilities/fsl_debug_console.o
 .text.DbgConsole_PrintfPaddingCharacter
                0x00004484       0x48 ./utilities/fsl_debug_console.o
 .text.DbgConsole_ConvertRadixNumToString
                0x000044cc      0x114 ./utilities/fsl_debug_console.o
 .text.DbgConsole_PrintfFormattedData
                0x000045e0      0x33a ./utilities/fsl_debug_console.o
 .text.Accelerometer_Init
                0x0000491a       0x58 ./source/MMA8451Q.o
                0x0000491a                Accelerometer_Init
 .text.Pause    0x00004972       0x28 ./source/i2c.o
                0x00004972                Pause
 .text.vListInitialise
                0x0000499a       0x3c ./freertos/list.o
                0x0000499a                vListInitialise
 .text.vListInitialiseItem
                0x000049d6       0x16 ./freertos/list.o
                0x000049d6                vListInitialiseItem
 .text.vListInsertEnd
                0x000049ec       0x44 ./freertos/list.o
                0x000049ec                vListInsertEnd
 .text.vListInsert
                0x00004a30       0x6c ./freertos/list.o
                0x00004a30                vListInsert
 .text.uxListRemove
                0x00004a9c       0x50 ./freertos/list.o
                0x00004a9c                uxListRemove
 .text.SVC_Handler
                0x00004aec        0xa ./freertos/port.o
                0x00004aec                SVC_Handler
 .text.ulSetInterruptMaskFromISR
                0x00004af6        0xc ./freertos/port.o
                0x00004af6                ulSetInterruptMaskFromISR
 .text.vClearInterruptMaskFromISR
                0x00004b02        0x8 ./freertos/port.o
                0x00004b02                vClearInterruptMaskFromISR
 .text.xQueueGenericReset
                0x00004b0a       0xaa ./freertos/queue.o
                0x00004b0a                xQueueGenericReset
 .text.xQueueGenericCreate
                0x00004bb4       0x66 ./freertos/queue.o
                0x00004bb4                xQueueGenericCreate
 .text.prvInitialiseNewQueue
                0x00004c1a       0x4e ./freertos/queue.o
 .text.prvInitialiseMutex
                0x00004c68       0x34 ./freertos/queue.o
 .text.xQueueCreateMutex
                0x00004c9c       0x38 ./freertos/queue.o
                0x00004c9c                xQueueCreateMutex
 .text.xQueueGenericSend
                0x00004cd4      0x190 ./freertos/queue.o
                0x00004cd4                xQueueGenericSend
 .text.xQueueGenericSendFromISR
                0x00004e64       0xe8 ./freertos/queue.o
                0x00004e64                xQueueGenericSendFromISR
 .text.xQueueGenericReceive
                0x00004f4c      0x1ce ./freertos/queue.o
                0x00004f4c                xQueueGenericReceive
 .text.prvCopyDataToQueue
                0x0000511a       0xd6 ./freertos/queue.o
 .text.prvCopyDataFromQueue
                0x000051f0       0x4c ./freertos/queue.o
 .text.prvUnlockQueue
                0x0000523c       0xbc ./freertos/queue.o
 .text.prvIsQueueEmpty
                0x000052f8       0x2c ./freertos/queue.o
 .text.prvIsQueueFull
                0x00005324       0x30 ./freertos/queue.o
 .text.vQueueWaitForMessageRestricted
                0x00005354       0x66 ./freertos/queue.o
                0x00005354                vQueueWaitForMessageRestricted
 .text.xTaskCreate
                0x000053ba       0x90 ./freertos/tasks.o
                0x000053ba                xTaskCreate
 .text.prvDeleteTCB
                0x0000544a       0x22 ./freertos/tasks.o
 .text.prvTimerTask
                0x0000546c       0x2a ./freertos/timers.o
 .text.OSC_SetExtRefClkConfig
                0x00005496       0x3e ./drivers/fsl_clock.o
 .text.OSC_SetCapLoad
                0x000054d4       0x42 ./drivers/fsl_clock.o
 .text.CLOCK_GetPll0RefFreq
                0x00005516       0x10 ./drivers/fsl_clock.o
 .text.CLOCK_SetExternalRefClkConfig
                0x00005526       0x16 ./drivers/fsl_clock.o
                0x00005526                CLOCK_SetExternalRefClkConfig
 .text.LPSCI_GetStatusFlags
                0x0000553c       0x26 ./drivers/fsl_lpsci.o
                0x0000553c                LPSCI_GetStatusFlags
 .text.UART_GetStatusFlags
                0x00005562       0x26 ./drivers/fsl_uart.o
                0x00005562                UART_GetStatusFlags
 .text.UART_WriteBlocking
                0x00005588       0x3c ./drivers/fsl_uart.o
                0x00005588                UART_WriteBlocking
 .text.__main   0x000055c4        0xc c:/nxp/mcuxpressoide_11.9.0_2144/ide/plugins/com.nxp.mcuxpresso.tools.win32_11.9.0.202307121226/tools/bin/../lib/gcc/arm-none-eabi/12.3.1/../../../../arm-none-eabi/lib/thumb/v6-m/nofp\libcr_nohost_nf.a(_cr__main.o)
                0x000055c4                __main
 .text.memcpy   0x000055d0        0x8 c:/nxp/mcuxpressoide_11.9.0_2144/ide/plugins/com.nxp.mcuxpresso.tools.win32_11.9.0.202307121226/tools/bin/../lib/gcc/arm-none-eabi/12.3.1/../../../../arm-none-eabi/lib/thumb/v6-m/nofp\libcr_c.a(memcpy.o)
                0x000055d0                memcpy
 .text.memset   0x000055d8        0x8 c:/nxp/mcuxpressoide_11.9.0_2144/ide/plugins/com.nxp.mcuxpresso.tools.win32_11.9.0.202307121226/tools/bin/../lib/gcc/arm-none-eabi/12.3.1/../../../../arm-none-eabi/lib/thumb/v6-m/nofp\libcr_c.a(memset.o)
                0x000055d8                memset
 .text.remove   0x000055e0       0x12 c:/nxp/mcuxpressoide_11.9.0_2144/ide/plugins/com.nxp.mcuxpresso.tools.win32_11.9.0.202307121226/tools/bin/../lib/gcc/arm-none-eabi/12.3.1/../../../../arm-none-eabi/lib/thumb/v6-m/nofp\libcr_c.a(remove.o)
                0x000055e0                remove
 .text.free     0x000055f2       0x2c c:/nxp/mcuxpressoide_11.9.0_2144/ide/plugins/com.nxp.mcuxpresso.tools.win32_11.9.0.202307121226/tools/bin/../lib/gcc/arm-none-eabi/12.3.1/../../../../arm-none-eabi/lib/thumb/v6-m/nofp\libcr_c.a(alloc.o)
                0x000055f2                free
 .text.__aeabi_division_idivmod
                0x0000561e       0x78 c:/nxp/mcuxpressoide_11.9.0_2144/ide/plugins/com.nxp.mcuxpresso.tools.win32_11.9.0.202307121226/tools/bin/../lib/gcc/arm-none-eabi/12.3.1/thumb/v6-m/nofp\libcr_eabihelpers.a(division_32.o)
                0x0000561e                __aeabi_idivmod
                0x0000561e                __aeabi_idiv
                0x00005624                __aeabi_uidivmod
                0x00005624                __aeabi_uidiv
 .text.__aeabi_division_idiv0
                0x00005696        0x2 c:/nxp/mcuxpressoide_11.9.0_2144/ide/plugins/com.nxp.mcuxpresso.tools.win32_11.9.0.202307121226/tools/bin/../lib/gcc/arm-none-eabi/12.3.1/thumb/v6-m/nofp\libcr_eabihelpers.a(division_idiv0.o)
                0x00005696                __aeabi_idiv0
 .text.__bhs_ui2f
                0x00005698       0x60 c:/nxp/mcuxpressoide_11.9.0_2144/ide/plugins/com.nxp.mcuxpresso.tools.win32_11.9.0.202307121226/tools/bin/../lib/gcc/arm-none-eabi/12.3.1/thumb/v6-m/nofp\libcr_eabihelpers.a(float.o)
                0x00005698                __bhs_ui2f
 .text.__aeabi_i2f
                0x000056f8       0x18 c:/nxp/mcuxpressoide_11.9.0_2144/ide/plugins/com.nxp.mcuxpresso.tools.win32_11.9.0.202307121226/tools/bin/../lib/gcc/arm-none-eabi/12.3.1/thumb/v6-m/nofp\libcr_eabihelpers.a(float.o)
                0x000056f8                __aeabi_i2f
 .text.__aeabi_memcpy
                0x00005710       0x2c c:/nxp/mcuxpressoide_11.9.0_2144/ide/plugins/com.nxp.mcuxpresso.tools.win32_11.9.0.202307121226/tools/bin/../lib/gcc/arm-none-eabi/12.3.1/thumb/v6-m/nofp\libcr_eabihelpers.a(memcpy.o)
                0x00005710                __aeabi_memcpy4
                0x00005710                __aeabi_memcpy8
                0x00005710                __aeabi_memcpy
 .text.__aeabi_memset_lowlevel
                0x0000573c       0x2a c:/nxp/mcuxpressoide_11.9.0_2144/ide/plugins/com.nxp.mcuxpresso.tools.win32_11.9.0.202307121226/tools/bin/../lib/gcc/arm-none-eabi/12.3.1/thumb/v6-m/nofp\libcr_eabihelpers.a(memcpy.o)
                0x0000573c                __aeabi_lowlevel_memset
 .text.__sys_close
                0x00005766        0x6 c:/nxp/mcuxpressoide_11.9.0_2144/ide/plugins/com.nxp.mcuxpresso.tools.win32_11.9.0.202307121226/tools/bin/../lib/gcc/arm-none-eabi/12.3.1/../../../../arm-none-eabi/lib/thumb/v6-m/nofp\libcr_nohost_nf.a(__sys_close.o)
                0x00005766                __sys_close
 .text.__sys_flen
                0x0000576c        0x6 c:/nxp/mcuxpressoide_11.9.0_2144/ide/plugins/com.nxp.mcuxpresso.tools.win32_11.9.0.202307121226/tools/bin/../lib/gcc/arm-none-eabi/12.3.1/../../../../arm-none-eabi/lib/thumb/v6-m/nofp\libcr_nohost_nf.a(__sys_flen.o)
                0x0000576c                __sys_flen
 .text.__sys_istty
                0x00005772        0x6 c:/nxp/mcuxpressoide_11.9.0_2144/ide/plugins/com.nxp.mcuxpresso.tools.win32_11.9.0.202307121226/tools/bin/../lib/gcc/arm-none-eabi/12.3.1/../../../../arm-none-eabi/lib/thumb/v6-m/nofp\libcr_nohost_nf.a(__sys_istty.o)
                0x00005772                __sys_istty
 .text.__sys_remove
                0x00005778        0x6 c:/nxp/mcuxpressoide_11.9.0_2144/ide/plugins/com.nxp.mcuxpresso.tools.win32_11.9.0.202307121226/tools/bin/../lib/gcc/arm-none-eabi/12.3.1/../../../../arm-none-eabi/lib/thumb/v6-m/nofp\libcr_nohost_nf.a(__sys_remove.o)
                0x00005778                __sys_remove
 .text.__sys_seek
                0x0000577e        0x6 c:/nxp/mcuxpressoide_11.9.0_2144/ide/plugins/com.nxp.mcuxpresso.tools.win32_11.9.0.202307121226/tools/bin/../lib/gcc/arm-none-eabi/12.3.1/../../../../arm-none-eabi/lib/thumb/v6-m/nofp\libcr_nohost_nf.a(__sys_seek.o)
                0x0000577e                __sys_seek
 .text.__sys_tmpnam
                0x00005784        0x6 c:/nxp/mcuxpressoide_11.9.0_2144/ide/plugins/com.nxp.mcuxpresso.tools.win32_11.9.0.202307121226/tools/bin/../lib/gcc/arm-none-eabi/12.3.1/../../../../arm-none-eabi/lib/thumb/v6-m/nofp\libcr_nohost_nf.a(__sys_tmpnam.o)
                0x00005784                __sys_tmpnam
 .text.__sys_write
                0x0000578a        0x4 c:/nxp/mcuxpressoide_11.9.0_2144/ide/plugins/com.nxp.mcuxpresso.tools.win32_11.9.0.202307121226/tools/bin/../lib/gcc/arm-none-eabi/12.3.1/../../../../arm-none-eabi/lib/thumb/v6-m/nofp\libcr_nohost_nf.a(__sys_write.o)
                0x0000578a                __sys_write
 *freertos*/tasks.o(SORT_BY_ALIGNMENT(.rodata*))
 *fill*         0x0000578e        0x2 ff
 .rodata.vTaskStartScheduler.str1.4
                0x00005790        0x5 ./freertos/tasks.o
 *fill*         0x00005795        0x3 ff
 .rodata.xTaskGenericNotify
                0x00005798       0x14 ./freertos/tasks.o
 .rodata.xTaskGenericNotifyFromISR
                0x000057ac       0x14 ./freertos/tasks.o
 *(SORT_BY_ALIGNMENT(.rodata) SORT_BY_ALIGNMENT(.rodata.*) SORT_BY_ALIGNMENT(.constdata) SORT_BY_ALIGNMENT(.constdata.*))
 .rodata.RunMMA8451Q.str1.4
                0x000057c0       0x1a ./source/MMA8451Q.o
 *fill*         0x000057da        0x2 ff
 .rodata.str1.4
                0x000057dc       0x83 ./source/freertos_hello.o
 *fill*         0x0000585f        0x1 ff
 .rodata.createSemaphore.str1.4
                0x00005860       0x47 ./source/freertos_hello.o
 *fill*         0x000058a7        0x1 ff
 .rodata.task1.str1.4
                0x000058a8       0x48 ./source/freertos_hello.o
 .rodata.task2.str1.4
                0x000058f0       0x40 ./source/freertos_hello.o
 .rodata.senderTask.str1.4
                0x00005930       0x3d ./source/freertos_hello.o
 *fill*         0x0000596d        0x3 ff
 .rodata.receiverTask.str1.4
                0x00005970       0x3e ./source/freertos_hello.o
 *fill*         0x000059ae        0x2 ff
 .rodata.xTimerCreateTimerTask.str1.4
                0x000059b0        0x8 ./freertos/timers.o
 .rodata.prvProcessReceivedCommands
                0x000059b8       0x28 ./freertos/timers.o
 .rodata.prvCheckForValidListAndQueue.str1.4
                0x000059e0        0x5 ./freertos/timers.o
 *fill*         0x000059e5        0x3 ff
 .rodata.CLOCK_GetMcgExtClkFreq.str1.4
                0x000059e8       0x1e ./drivers/fsl_clock.o
 *fill*         0x00005a06        0x2 ff
 .rodata.CLOCK_GetPll0Freq.str1.4
                0x00005a08       0x1d ./drivers/fsl_clock.o
 *fill*         0x00005a25        0x3 ff
 .rodata.CLOCK_EnablePll0.str1.4
                0x00005a28       0x19 ./drivers/fsl_clock.o
 *fill*         0x00005a41        0x3 ff
 .rodata.CLOCK_SetPbeMode.str1.4
                0x00005a44       0x1a ./drivers/fsl_clock.o
 *fill*         0x00005a5e        0x2 ff
 .rodata.CLOCK_BootToPeeMode.str1.4
                0x00005a60       0x1a ./drivers/fsl_clock.o
 *fill*         0x00005a7a        0x2 ff
 .rodata.fllFactorTable.1
                0x00005a7c       0x10 ./drivers/fsl_clock.o
 .rodata.__assertion_failed.str1.4
                0x00005a8c        0x4 ./drivers/fsl_common.o
 .rodata.LPSCI_GetInstance.str1.4
                0x00005a90       0x36 ./drivers/fsl_lpsci.o
 *fill*         0x00005ac6        0x2 ff
 .rodata.LPSCI_Init.str1.4
                0x00005ac8       0x43 ./drivers/fsl_lpsci.o
 *fill*         0x00005b0b        0x1 ff
 .rodata.LPSCI_GetDefaultConfig.str1.4
                0x00005b0c       0x19 ./drivers/fsl_lpsci.o
 *fill*         0x00005b25        0x3 ff
 .rodata.LPSCI_WriteBlocking.str1.4
                0x00005b28       0x17 ./drivers/fsl_lpsci.o
 *fill*         0x00005b3f        0x1 ff
 .rodata.LPSCI_ReadBlocking.str1.4
                0x00005b40       0x17 ./drivers/fsl_lpsci.o
 *fill*         0x00005b57        0x1 ff
 .rodata.s_uartBases
                0x00005b58        0xc ./drivers/fsl_uart.o
 .rodata.s_uartClock
                0x00005b64        0xc ./drivers/fsl_uart.o
 .rodata.UART_GetInstance.str1.4
                0x00005b70       0x2b ./drivers/fsl_uart.o
 *fill*         0x00005b9b        0x1 ff
 .rodata.UART_Init.str1.4
                0x00005b9c       0x3e ./drivers/fsl_uart.o
 *fill*         0x00005bda        0x2 ff
 .rodata.UART_GetDefaultConfig.str1.4
                0x00005bdc       0x18 ./drivers/fsl_uart.o
 .rodata.UART_ReadBlocking.str1.4
                0x00005bf4       0x16 ./drivers/fsl_uart.o
 *fill*         0x00005c0a        0x2 ff
 .rodata.mcgConfig_BOARD_BootClockRUN
                0x00005c0c        0xa ./board/clock_config.o
                0x00005c0c                mcgConfig_BOARD_BootClockRUN
 *fill*         0x00005c16        0x2 ff
 .rodata.simConfig_BOARD_BootClockRUN
                0x00005c18        0x8 ./board/clock_config.o
                0x00005c18                simConfig_BOARD_BootClockRUN
 .rodata.oscConfig_BOARD_BootClockRUN
                0x00005c20        0x8 ./board/clock_config.o
                0x00005c20                oscConfig_BOARD_BootClockRUN
 .rodata.__num_Ciob_streams
                0x00005c28        0x4 c:/nxp/mcuxpressoide_11.9.0_2144/ide/plugins/com.nxp.mcuxpresso.tools.win32_11.9.0.202307121226/tools/bin/../lib/gcc/arm-none-eabi/12.3.1/../../../../arm-none-eabi/lib/thumb/v6-m/nofp\libcr_nohost_nf.a(__ciob.o)
                0x00005c28                __num_Ciob_streams
 .rodata._initio.str1.1
                0x00005c2c        0x4 c:/nxp/mcuxpressoide_11.9.0_2144/ide/plugins/com.nxp.mcuxpresso.tools.win32_11.9.0.202307121226/tools/bin/../lib/gcc/arm-none-eabi/12.3.1/../../../../arm-none-eabi/lib/thumb/v6-m/nofp\libcr_c.a(initio.o)
                0x00005c30                        . = ALIGN (0x4)

.glue_7         0x00005c30        0x0
 .glue_7        0x00005c30        0x0 linker stubs

.glue_7t        0x00005c30        0x0
 .glue_7t       0x00005c30        0x0 linker stubs

.vfp11_veneer   0x00005c30        0x0
 .vfp11_veneer  0x00005c30        0x0 linker stubs

.v4_bx          0x00005c30        0x0
 .v4_bx         0x00005c30        0x0 linker stubs

.iplt           0x00005c30        0x0
 .iplt          0x00005c30        0x0 ./utilities/fsl_debug_console.o

.rel.dyn        0x00005c30        0x0
 .rel.iplt      0x00005c30        0x0 ./utilities/fsl_debug_console.o

.ARM.extab
 *(SORT_BY_ALIGNMENT(.ARM.extab*) SORT_BY_ALIGNMENT(.gnu.linkonce.armextab.*))

.ARM.exidx      0x00005c30        0x0
                0x00005c30                        __exidx_start = .
 *(SORT_BY_ALIGNMENT(.ARM.exidx*) SORT_BY_ALIGNMENT(.gnu.linkonce.armexidx.*))
                0x00005c30                        __exidx_end = .
                0x00005c30                        _etext = .

.m_usb_data
 *(SORT_BY_ALIGNMENT(m_usb_bdt))

.mtb_buffer_default
                0x1ffff000       0x80
 *(SORT_BY_ALIGNMENT(.mtb*))
 .mtb.$RAM1     0x1ffff000       0x80 ./source/mtb.o
                0x1ffff000                __mtb_buffer__

.uninit_RESERVED
                0x1ffff080        0x0
                0x1ffff080                        _start_uninit_RESERVED = .
 *(SORT_BY_ALIGNMENT(.bss.$RESERVED*))
                0x1ffff080                        . = ALIGN (0x4)
                0x1ffff080                        _end_uninit_RESERVED = .

.data           0x1ffff080       0x6c load address 0x00005c30
 FILL mask 0xff
                0x1ffff080                        _data = .
                [!provide]                        PROVIDE (__start_data_RAM = .)
                [!provide]                        PROVIDE (__start_data_SRAM = .)
 *(SORT_BY_ALIGNMENT(vtable))
 *(SORT_BY_ALIGNMENT(.ramfunc*))
 *(SORT_BY_ALIGNMENT(CodeQuickAccess))
 *(SORT_BY_ALIGNMENT(DataQuickAccess))
 *(SORT_BY_ALIGNMENT(RamFunction))
 *(SORT_BY_ALIGNMENT(.data*))
 .data.Tasks_List
                0x1ffff080       0x60 ./source/freertos_hello.o
                0x1ffff080                Tasks_List
 .data.uxCriticalNesting
                0x1ffff0e0        0x4 ./freertos/port.o
 .data.s_slowIrcFreq
                0x1ffff0e4        0x4 ./drivers/fsl_clock.o
 .data.SystemCoreClock
                0x1ffff0e8        0x4 ./CMSIS/system_MKL25Z4.o
                0x1ffff0e8                SystemCoreClock
                0x1ffff0ec                        . = ALIGN (0x4)
                0x1ffff0ec                        _edata = .
                [!provide]                        PROVIDE (__end_data_RAM = .)
                [!provide]                        PROVIDE (__end_data_SRAM = .)

.igot.plt       0x1ffff0ec        0x0 load address 0x00005c9c
 .igot.plt      0x1ffff0ec        0x0 ./utilities/fsl_debug_console.o

.bss            0x1ffff0ec     0x2ab8
                0x1ffff0ec                        _bss = .
                [!provide]                        PROVIDE (__start_bss_RAM = .)
                [!provide]                        PROVIDE (__start_bss_SRAM = .)
 *(SORT_BY_ALIGNMENT(.bss*))
 .bss.s_debugConsole
                0x1ffff0ec       0x10 ./utilities/fsl_debug_console.o
 .bss.AccData   0x1ffff0fc        0x6 ./source/MMA8451Q.o
                0x1ffff0fc                AccData
 *fill*         0x1ffff102        0x2 
 .bss.Xout_g    0x1ffff104        0x4 ./source/MMA8451Q.o
                0x1ffff104                Xout_g
 .bss.Yout_g    0x1ffff108        0x4 ./source/MMA8451Q.o
                0x1ffff108                Yout_g
 .bss.Zout_g    0x1ffff10c        0x4 ./source/MMA8451Q.o
                0x1ffff10c                Zout_g
 .bss.xSemaphoreMutex
                0x1ffff110        0x4 ./source/freertos_hello.o
                0x1ffff110                xSemaphoreMutex
 .bss.msgQueue1
                0x1ffff114        0x4 ./source/freertos_hello.o
                0x1ffff114                msgQueue1
 .bss.value.0   0x1ffff118        0x4 ./source/freertos_hello.o
 .bss.ucHeap    0x1ffff11c     0x2800 ./freertos/heap_4.o
 .bss.xStart    0x2000191c        0x8 ./freertos/heap_4.o
 .bss.pxEnd     0x20001924        0x4 ./freertos/heap_4.o
 .bss.xFreeBytesRemaining
                0x20001928        0x4 ./freertos/heap_4.o
 .bss.xMinimumEverFreeBytesRemaining
                0x2000192c        0x4 ./freertos/heap_4.o
 .bss.xBlockAllocatedBit
                0x20001930        0x4 ./freertos/heap_4.o
 .bss.xQueueRegistry
                0x20001934       0x40 ./freertos/queue.o
                0x20001934                xQueueRegistry
 .bss.pxCurrentTCB
                0x20001974        0x4 ./freertos/tasks.o
                0x20001974                pxCurrentTCB
 .bss.pxReadyTasksLists
                0x20001978       0x64 ./freertos/tasks.o
 .bss.xDelayedTaskList1
                0x200019dc       0x14 ./freertos/tasks.o
 .bss.xDelayedTaskList2
                0x200019f0       0x14 ./freertos/tasks.o
 .bss.pxDelayedTaskList
                0x20001a04        0x4 ./freertos/tasks.o
 .bss.pxOverflowDelayedTaskList
                0x20001a08        0x4 ./freertos/tasks.o
 .bss.xPendingReadyList
                0x20001a0c       0x14 ./freertos/tasks.o
 .bss.xTasksWaitingTermination
                0x20001a20       0x14 ./freertos/tasks.o
 .bss.uxDeletedTasksWaitingCleanUp
                0x20001a34        0x4 ./freertos/tasks.o
 .bss.xSuspendedTaskList
                0x20001a38       0x14 ./freertos/tasks.o
 .bss.uxCurrentNumberOfTasks
                0x20001a4c        0x4 ./freertos/tasks.o
 .bss.xTickCount
                0x20001a50        0x4 ./freertos/tasks.o
 .bss.uxTopReadyPriority
                0x20001a54        0x4 ./freertos/tasks.o
 .bss.xSchedulerRunning
                0x20001a58        0x4 ./freertos/tasks.o
 .bss.uxPendedTicks
                0x20001a5c        0x4 ./freertos/tasks.o
 .bss.xYieldPending
                0x20001a60        0x4 ./freertos/tasks.o
 .bss.xNumOfOverflows
                0x20001a64        0x4 ./freertos/tasks.o
 .bss.uxTaskNumber
                0x20001a68        0x4 ./freertos/tasks.o
 .bss.xNextTaskUnblockTime
                0x20001a6c        0x4 ./freertos/tasks.o
 .bss.xIdleTaskHandle
                0x20001a70        0x4 ./freertos/tasks.o
 .bss.uxSchedulerSuspended
                0x20001a74        0x4 ./freertos/tasks.o
 .bss.xActiveTimerList1
                0x20001a78       0x14 ./freertos/timers.o
 .bss.xActiveTimerList2
                0x20001a8c       0x14 ./freertos/timers.o
 .bss.pxCurrentTimerList
                0x20001aa0        0x4 ./freertos/timers.o
 .bss.pxOverflowTimerList
                0x20001aa4        0x4 ./freertos/timers.o
 .bss.xTimerQueue
                0x20001aa8        0x4 ./freertos/timers.o
 .bss.xTimerTaskHandle
                0x20001aac        0x4 ./freertos/timers.o
 .bss.xLastTime.0
                0x20001ab0        0x4 ./freertos/timers.o
 .bss.g_xtal0Freq
                0x20001ab4        0x4 ./drivers/fsl_clock.o
                0x20001ab4                g_xtal0Freq
 .bss.s_i2cHandle
                0x20001ab8        0x8 ./drivers/fsl_i2c.o
 .bss.s_i2cMasterIsr
                0x20001ac0        0x4 ./drivers/fsl_i2c.o
 .bss.s_i2cSlaveIsr
                0x20001ac4        0x4 ./drivers/fsl_i2c.o
 .bss.s_lpsciHandle
                0x20001ac8        0x4 ./drivers/fsl_lpsci.o
 .bss.s_lpsciIsr
                0x20001acc        0x4 ./drivers/fsl_lpsci.o
 .bss.s_uartHandle
                0x20001ad0        0xc ./drivers/fsl_uart.o
 .bss.s_uartIsr
                0x20001adc        0x4 ./drivers/fsl_uart.o
 .bss.errno     0x20001ae0        0x4 c:/nxp/mcuxpressoide_11.9.0_2144/ide/plugins/com.nxp.mcuxpresso.tools.win32_11.9.0.202307121226/tools/bin/../lib/gcc/arm-none-eabi/12.3.1/../../../../arm-none-eabi/lib/thumb/v6-m/nofp\libcr_c.a(errno.o)
                0x20001ae0                errno
 .bss.__Ciob    0x20001ae4       0xb4 c:/nxp/mcuxpressoide_11.9.0_2144/ide/plugins/com.nxp.mcuxpresso.tools.win32_11.9.0.202307121226/tools/bin/../lib/gcc/arm-none-eabi/12.3.1/../../../../arm-none-eabi/lib/thumb/v6-m/nofp\libcr_nohost_nf.a(__ciob.o)
                0x20001ae4                __Ciob
 .bss.Xout_14_bit
                0x20001b98        0x2 ./source/MMA8451Q.o
                0x20001b98                Xout_14_bit
 .bss.Yout_14_bit
                0x20001b9a        0x2 ./source/MMA8451Q.o
                0x20001b9a                Yout_14_bit
 .bss.Zout_14_bit
                0x20001b9c        0x2 ./source/MMA8451Q.o
                0x20001b9c                Zout_14_bit
 .bss.DataReady
                0x20001b9e        0x1 ./source/MMA8451Q.o
                0x20001b9e                DataReady
 .bss.Xoffset   0x20001b9f        0x1 ./source/MMA8451Q.o
                0x20001b9f                Xoffset
 .bss.Yoffset   0x20001ba0        0x1 ./source/MMA8451Q.o
                0x20001ba0                Yoffset
 .bss.Zoffset   0x20001ba1        0x1 ./source/MMA8451Q.o
                0x20001ba1                Zoffset
 *(SORT_BY_ALIGNMENT(COMMON))
                0x20001ba4                        . = ALIGN (0x4)
 *fill*         0x20001ba2        0x2 
                0x20001ba4                        _ebss = .
                [!provide]                        PROVIDE (__end_bss_RAM = .)
                [!provide]                        PROVIDE (__end_bss_SRAM = .)
                [!provide]                        PROVIDE (end = .)

.noinit         0x20001ba4        0x0
                0x20001ba4                        _noinit = .
                [!provide]                        PROVIDE (__start_noinit_RAM = .)
                [!provide]                        PROVIDE (__start_noinit_SRAM = .)
 *(SORT_BY_ALIGNMENT(.noinit*))
                0x20001ba4                        . = ALIGN (0x4)
                0x20001ba4                        _end_noinit = .
                [!provide]                        PROVIDE (__end_noinit_RAM = .)
                [!provide]                        PROVIDE (__end_noinit_SRAM = .)
                0x00000400                        _HeapSize = 0x400

.heap           0x20001ba4      0x400
                0x20001ba4                        _pvHeapStart = .
                0x20001fa4                        . = (. + _HeapSize)
 *fill*         0x20001ba4      0x400 
                0x20001fa4                        . = ALIGN (0x4)
                0x20001fa4                        _pvHeapLimit = .
                0x00000400                        _StackSize = 0x400

.heap2stackfill
                0x20001fa4      0x400
                0x200023a4                        . = (. + _StackSize)
 *fill*         0x20001fa4      0x400 

.stack          0x20002c00        0x0
                0x20002c00                        _vStackBase = .
                0x20002c00                        . = ALIGN (0x4)
                0x20003000                        _vStackTop = (. + _StackSize)
                0x00000000                        _image_start = LOADADDR (.text)
                0x00005c9c                        _image_end = (LOADADDR (.data) + SIZEOF (.data))
                0x00005c9c                        _image_size = (_image_end - _image_start)
OUTPUT(FreeRtosHello_rtos_examples_freertos_hello.axf elf32-littlearm)
LOAD linker stubs

.debug_info     0x00000000    0x12b0f
 .debug_info    0x00000000      0xf51 ./utilities/fsl_debug_console.o
 .debug_info    0x00000f51      0x687 ./startup/startup_mkl25z4.o
 .debug_info    0x000015d8      0x988 ./source/MMA8451Q.o
 .debug_info    0x00001f60      0x5c6 ./source/freertos_hello.o
 .debug_info    0x00002526      0x258 ./source/i2c.o
 .debug_info    0x0000277e      0x3de ./source/led.o
 .debug_info    0x00002b5c       0x4f ./source/mtb.o
 .debug_info    0x00002bab       0x38 ./source/semihost_hardfault.o
 .debug_info    0x00002be3       0xb0 ./freertos/fsl_tickless_lptmr.o
 .debug_info    0x00002c93      0x31a ./freertos/heap_4.o
 .debug_info    0x00002fad      0x2af ./freertos/list.o
 .debug_info    0x0000325c      0x247 ./freertos/port.o
 .debug_info    0x000034a3     0x108c ./freertos/queue.o
 .debug_info    0x0000452f     0x19a4 ./freertos/tasks.o
 .debug_info    0x00005ed3      0xd73 ./freertos/timers.o
 .debug_info    0x00006c46     0x1a75 ./drivers/fsl_clock.o
 .debug_info    0x000086bb      0x406 ./drivers/fsl_common.o
 .debug_info    0x00008ac1     0x1a79 ./drivers/fsl_i2c.o
 .debug_info    0x0000a53a     0x1448 ./drivers/fsl_lpsci.o
 .debug_info    0x0000b982     0x13e9 ./drivers/fsl_uart.o
 .debug_info    0x0000cd6b      0x3da ./board/board.o
 .debug_info    0x0000d145      0xb9f ./board/clock_config.o
 .debug_info    0x0000dce4      0x543 ./board/pin_mux.o
 .debug_info    0x0000e227      0x3fd ./CMSIS/system_MKL25Z4.o
 .debug_info    0x0000e624       0x85 c:/nxp/mcuxpressoide_11.9.0_2144/ide/plugins/com.nxp.mcuxpresso.tools.win32_11.9.0.202307121226/tools/bin/../lib/gcc/arm-none-eabi/12.3.1/../../../../arm-none-eabi/lib/thumb/v6-m/nofp\libcr_nohost_nf.a(_cr__main.o)
 .debug_info    0x0000e6a9      0x119 c:/nxp/mcuxpressoide_11.9.0_2144/ide/plugins/com.nxp.mcuxpresso.tools.win32_11.9.0.202307121226/tools/bin/../lib/gcc/arm-none-eabi/12.3.1/../../../../arm-none-eabi/lib/thumb/v6-m/nofp\libcr_c.a(memcpy.o)
 .debug_info    0x0000e7c2       0xe3 c:/nxp/mcuxpressoide_11.9.0_2144/ide/plugins/com.nxp.mcuxpresso.tools.win32_11.9.0.202307121226/tools/bin/../lib/gcc/arm-none-eabi/12.3.1/../../../../arm-none-eabi/lib/thumb/v6-m/nofp\libcr_c.a(memset.o)
 .debug_info    0x0000e8a5      0x353 c:/nxp/mcuxpressoide_11.9.0_2144/ide/plugins/com.nxp.mcuxpresso.tools.win32_11.9.0.202307121226/tools/bin/../lib/gcc/arm-none-eabi/12.3.1/../../../../arm-none-eabi/lib/thumb/v6-m/nofp\libcr_c.a(initio.o)
 .debug_info    0x0000ebf8      0x1f6 c:/nxp/mcuxpressoide_11.9.0_2144/ide/plugins/com.nxp.mcuxpresso.tools.win32_11.9.0.202307121226/tools/bin/../lib/gcc/arm-none-eabi/12.3.1/../../../../arm-none-eabi/lib/thumb/v6-m/nofp\libcr_c.a(setvbuf.o)
 .debug_info    0x0000edee       0xd6 c:/nxp/mcuxpressoide_11.9.0_2144/ide/plugins/com.nxp.mcuxpresso.tools.win32_11.9.0.202307121226/tools/bin/../lib/gcc/arm-none-eabi/12.3.1/../../../../arm-none-eabi/lib/thumb/v6-m/nofp\libcr_c.a(strlen.o)
 .debug_info    0x0000eec4      0x244 c:/nxp/mcuxpressoide_11.9.0_2144/ide/plugins/com.nxp.mcuxpresso.tools.win32_11.9.0.202307121226/tools/bin/../lib/gcc/arm-none-eabi/12.3.1/../../../../arm-none-eabi/lib/thumb/v6-m/nofp\libcr_c.a(_fdopen.o)
 .debug_info    0x0000f108      0x31e c:/nxp/mcuxpressoide_11.9.0_2144/ide/plugins/com.nxp.mcuxpresso.tools.win32_11.9.0.202307121226/tools/bin/../lib/gcc/arm-none-eabi/12.3.1/../../../../arm-none-eabi/lib/thumb/v6-m/nofp\libcr_c.a(fclose.o)
 .debug_info    0x0000f426      0x203 c:/nxp/mcuxpressoide_11.9.0_2144/ide/plugins/com.nxp.mcuxpresso.tools.win32_11.9.0.202307121226/tools/bin/../lib/gcc/arm-none-eabi/12.3.1/../../../../arm-none-eabi/lib/thumb/v6-m/nofp\libcr_c.a(fflush.o)
 .debug_info    0x0000f629      0x278 c:/nxp/mcuxpressoide_11.9.0_2144/ide/plugins/com.nxp.mcuxpresso.tools.win32_11.9.0.202307121226/tools/bin/../lib/gcc/arm-none-eabi/12.3.1/../../../../arm-none-eabi/lib/thumb/v6-m/nofp\libcr_c.a(fseek.o)
 .debug_info    0x0000f8a1      0x190 c:/nxp/mcuxpressoide_11.9.0_2144/ide/plugins/com.nxp.mcuxpresso.tools.win32_11.9.0.202307121226/tools/bin/../lib/gcc/arm-none-eabi/12.3.1/../../../../arm-none-eabi/lib/thumb/v6-m/nofp\libcr_c.a(ftell.o)
 .debug_info    0x0000fa31      0x1c9 c:/nxp/mcuxpressoide_11.9.0_2144/ide/plugins/com.nxp.mcuxpresso.tools.win32_11.9.0.202307121226/tools/bin/../lib/gcc/arm-none-eabi/12.3.1/../../../../arm-none-eabi/lib/thumb/v6-m/nofp\libcr_c.a(remove.o)
 .debug_info    0x0000fbfa      0x23a c:/nxp/mcuxpressoide_11.9.0_2144/ide/plugins/com.nxp.mcuxpresso.tools.win32_11.9.0.202307121226/tools/bin/../lib/gcc/arm-none-eabi/12.3.1/../../../../arm-none-eabi/lib/thumb/v6-m/nofp\libcr_c.a(_do_fflush.o)
 .debug_info    0x0000fe34      0x1e3 c:/nxp/mcuxpressoide_11.9.0_2144/ide/plugins/com.nxp.mcuxpresso.tools.win32_11.9.0.202307121226/tools/bin/../lib/gcc/arm-none-eabi/12.3.1/../../../../arm-none-eabi/lib/thumb/v6-m/nofp\libcr_c.a(_fflush.o)
 .debug_info    0x00010017      0x283 c:/nxp/mcuxpressoide_11.9.0_2144/ide/plugins/com.nxp.mcuxpresso.tools.win32_11.9.0.202307121226/tools/bin/../lib/gcc/arm-none-eabi/12.3.1/../../../../arm-none-eabi/lib/thumb/v6-m/nofp\libcr_c.a(_writebuf.o)
 .debug_info    0x0001029a      0x50c c:/nxp/mcuxpressoide_11.9.0_2144/ide/plugins/com.nxp.mcuxpresso.tools.win32_11.9.0.202307121226/tools/bin/../lib/gcc/arm-none-eabi/12.3.1/../../../../arm-none-eabi/lib/thumb/v6-m/nofp\libcr_c.a(alloc.o)
 .debug_info    0x000107a6       0x44 c:/nxp/mcuxpressoide_11.9.0_2144/ide/plugins/com.nxp.mcuxpresso.tools.win32_11.9.0.202307121226/tools/bin/../lib/gcc/arm-none-eabi/12.3.1/../../../../arm-none-eabi/lib/thumb/v6-m/nofp\libcr_c.a(errno.o)
 .debug_info    0x000107ea      0x35d c:/nxp/mcuxpressoide_11.9.0_2144/ide/plugins/com.nxp.mcuxpresso.tools.win32_11.9.0.202307121226/tools/bin/../lib/gcc/arm-none-eabi/12.3.1/../../../../arm-none-eabi/lib/thumb/v6-m/nofp\libcr_c.a(_deferredlazyseek.o)
 .debug_info    0x00010b47     0x1b39 c:/nxp/mcuxpressoide_11.9.0_2144/ide/plugins/com.nxp.mcuxpresso.tools.win32_11.9.0.202307121226/tools/bin/../lib/gcc/arm-none-eabi/12.3.1/thumb/v6-m/nofp\libcr_eabihelpers.a(float.o)
 .debug_info    0x00012680      0x18b c:/nxp/mcuxpressoide_11.9.0_2144/ide/plugins/com.nxp.mcuxpresso.tools.win32_11.9.0.202307121226/tools/bin/../lib/gcc/arm-none-eabi/12.3.1/../../../../arm-none-eabi/lib/thumb/v6-m/nofp\libcr_nohost_nf.a(__ciob.o)
 .debug_info    0x0001280b       0x5c c:/nxp/mcuxpressoide_11.9.0_2144/ide/plugins/com.nxp.mcuxpresso.tools.win32_11.9.0.202307121226/tools/bin/../lib/gcc/arm-none-eabi/12.3.1/../../../../arm-none-eabi/lib/thumb/v6-m/nofp\libcr_nohost_nf.a(__sys_close.o)
 .debug_info    0x00012867       0x5c c:/nxp/mcuxpressoide_11.9.0_2144/ide/plugins/com.nxp.mcuxpresso.tools.win32_11.9.0.202307121226/tools/bin/../lib/gcc/arm-none-eabi/12.3.1/../../../../arm-none-eabi/lib/thumb/v6-m/nofp\libcr_nohost_nf.a(__sys_flen.o)
 .debug_info    0x000128c3       0x5c c:/nxp/mcuxpressoide_11.9.0_2144/ide/plugins/com.nxp.mcuxpresso.tools.win32_11.9.0.202307121226/tools/bin/../lib/gcc/arm-none-eabi/12.3.1/../../../../arm-none-eabi/lib/thumb/v6-m/nofp\libcr_nohost_nf.a(__sys_istty.o)
 .debug_info    0x0001291f       0x7c c:/nxp/mcuxpressoide_11.9.0_2144/ide/plugins/com.nxp.mcuxpresso.tools.win32_11.9.0.202307121226/tools/bin/../lib/gcc/arm-none-eabi/12.3.1/../../../../arm-none-eabi/lib/thumb/v6-m/nofp\libcr_nohost_nf.a(__sys_remove.o)
 .debug_info    0x0001299b       0x6a c:/nxp/mcuxpressoide_11.9.0_2144/ide/plugins/com.nxp.mcuxpresso.tools.win32_11.9.0.202307121226/tools/bin/../lib/gcc/arm-none-eabi/12.3.1/../../../../arm-none-eabi/lib/thumb/v6-m/nofp\libcr_nohost_nf.a(__sys_seek.o)
 .debug_info    0x00012a05       0x85 c:/nxp/mcuxpressoide_11.9.0_2144/ide/plugins/com.nxp.mcuxpresso.tools.win32_11.9.0.202307121226/tools/bin/../lib/gcc/arm-none-eabi/12.3.1/../../../../arm-none-eabi/lib/thumb/v6-m/nofp\libcr_nohost_nf.a(__sys_tmpnam.o)
 .debug_info    0x00012a8a       0x85 c:/nxp/mcuxpressoide_11.9.0_2144/ide/plugins/com.nxp.mcuxpresso.tools.win32_11.9.0.202307121226/tools/bin/../lib/gcc/arm-none-eabi/12.3.1/../../../../arm-none-eabi/lib/thumb/v6-m/nofp\libcr_nohost_nf.a(__sys_write.o)

.debug_abbrev   0x00000000     0x465d
 .debug_abbrev  0x00000000      0x2fa ./utilities/fsl_debug_console.o
 .debug_abbrev  0x000002fa      0x177 ./startup/startup_mkl25z4.o
 .debug_abbrev  0x00000471      0x1f0 ./source/MMA8451Q.o
 .debug_abbrev  0x00000661      0x1d5 ./source/freertos_hello.o
 .debug_abbrev  0x00000836      0x13d ./source/i2c.o
 .debug_abbrev  0x00000973      0x109 ./source/led.o
 .debug_abbrev  0x00000a7c       0x43 ./source/mtb.o
 .debug_abbrev  0x00000abf       0x2e ./source/semihost_hardfault.o
 .debug_abbrev  0x00000aed       0x66 ./freertos/fsl_tickless_lptmr.o
 .debug_abbrev  0x00000b53      0x19a ./freertos/heap_4.o
 .debug_abbrev  0x00000ced       0xe8 ./freertos/list.o
 .debug_abbrev  0x00000dd5      0x19d ./freertos/port.o
 .debug_abbrev  0x00000f72      0x295 ./freertos/queue.o
 .debug_abbrev  0x00001207      0x323 ./freertos/tasks.o
 .debug_abbrev  0x0000152a      0x27f ./freertos/timers.o
 .debug_abbrev  0x000017a9      0x373 ./drivers/fsl_clock.o
 .debug_abbrev  0x00001b1c      0x27b ./drivers/fsl_common.o
 .debug_abbrev  0x00001d97      0x368 ./drivers/fsl_i2c.o
 .debug_abbrev  0x000020ff      0x303 ./drivers/fsl_lpsci.o
 .debug_abbrev  0x00002402      0x31d ./drivers/fsl_uart.o
 .debug_abbrev  0x0000271f      0x14b ./board/board.o
 .debug_abbrev  0x0000286a      0x222 ./board/clock_config.o
 .debug_abbrev  0x00002a8c      0x186 ./board/pin_mux.o
 .debug_abbrev  0x00002c12      0x12b ./CMSIS/system_MKL25Z4.o
 .debug_abbrev  0x00002d3d       0x62 c:/nxp/mcuxpressoide_11.9.0_2144/ide/plugins/com.nxp.mcuxpresso.tools.win32_11.9.0.202307121226/tools/bin/../lib/gcc/arm-none-eabi/12.3.1/../../../../arm-none-eabi/lib/thumb/v6-m/nofp\libcr_nohost_nf.a(_cr__main.o)
 .debug_abbrev  0x00002d9f       0xb3 c:/nxp/mcuxpressoide_11.9.0_2144/ide/plugins/com.nxp.mcuxpresso.tools.win32_11.9.0.202307121226/tools/bin/../lib/gcc/arm-none-eabi/12.3.1/../../../../arm-none-eabi/lib/thumb/v6-m/nofp\libcr_c.a(memcpy.o)
 .debug_abbrev  0x00002e52       0xa5 c:/nxp/mcuxpressoide_11.9.0_2144/ide/plugins/com.nxp.mcuxpresso.tools.win32_11.9.0.202307121226/tools/bin/../lib/gcc/arm-none-eabi/12.3.1/../../../../arm-none-eabi/lib/thumb/v6-m/nofp\libcr_c.a(memset.o)
 .debug_abbrev  0x00002ef7      0x14b c:/nxp/mcuxpressoide_11.9.0_2144/ide/plugins/com.nxp.mcuxpresso.tools.win32_11.9.0.202307121226/tools/bin/../lib/gcc/arm-none-eabi/12.3.1/../../../../arm-none-eabi/lib/thumb/v6-m/nofp\libcr_c.a(initio.o)
 .debug_abbrev  0x00003042       0xe1 c:/nxp/mcuxpressoide_11.9.0_2144/ide/plugins/com.nxp.mcuxpresso.tools.win32_11.9.0.202307121226/tools/bin/../lib/gcc/arm-none-eabi/12.3.1/../../../../arm-none-eabi/lib/thumb/v6-m/nofp\libcr_c.a(setvbuf.o)
 .debug_abbrev  0x00003123       0xa5 c:/nxp/mcuxpressoide_11.9.0_2144/ide/plugins/com.nxp.mcuxpresso.tools.win32_11.9.0.202307121226/tools/bin/../lib/gcc/arm-none-eabi/12.3.1/../../../../arm-none-eabi/lib/thumb/v6-m/nofp\libcr_c.a(strlen.o)
 .debug_abbrev  0x000031c8      0x119 c:/nxp/mcuxpressoide_11.9.0_2144/ide/plugins/com.nxp.mcuxpresso.tools.win32_11.9.0.202307121226/tools/bin/../lib/gcc/arm-none-eabi/12.3.1/../../../../arm-none-eabi/lib/thumb/v6-m/nofp\libcr_c.a(_fdopen.o)
 .debug_abbrev  0x000032e1      0x158 c:/nxp/mcuxpressoide_11.9.0_2144/ide/plugins/com.nxp.mcuxpresso.tools.win32_11.9.0.202307121226/tools/bin/../lib/gcc/arm-none-eabi/12.3.1/../../../../arm-none-eabi/lib/thumb/v6-m/nofp\libcr_c.a(fclose.o)
 .debug_abbrev  0x00003439      0x122 c:/nxp/mcuxpressoide_11.9.0_2144/ide/plugins/com.nxp.mcuxpresso.tools.win32_11.9.0.202307121226/tools/bin/../lib/gcc/arm-none-eabi/12.3.1/../../../../arm-none-eabi/lib/thumb/v6-m/nofp\libcr_c.a(fflush.o)
 .debug_abbrev  0x0000355b      0x11b c:/nxp/mcuxpressoide_11.9.0_2144/ide/plugins/com.nxp.mcuxpresso.tools.win32_11.9.0.202307121226/tools/bin/../lib/gcc/arm-none-eabi/12.3.1/../../../../arm-none-eabi/lib/thumb/v6-m/nofp\libcr_c.a(fseek.o)
 .debug_abbrev  0x00003676       0xc2 c:/nxp/mcuxpressoide_11.9.0_2144/ide/plugins/com.nxp.mcuxpresso.tools.win32_11.9.0.202307121226/tools/bin/../lib/gcc/arm-none-eabi/12.3.1/../../../../arm-none-eabi/lib/thumb/v6-m/nofp\libcr_c.a(ftell.o)
 .debug_abbrev  0x00003738       0xed c:/nxp/mcuxpressoide_11.9.0_2144/ide/plugins/com.nxp.mcuxpresso.tools.win32_11.9.0.202307121226/tools/bin/../lib/gcc/arm-none-eabi/12.3.1/../../../../arm-none-eabi/lib/thumb/v6-m/nofp\libcr_c.a(remove.o)
 .debug_abbrev  0x00003825      0x12c c:/nxp/mcuxpressoide_11.9.0_2144/ide/plugins/com.nxp.mcuxpresso.tools.win32_11.9.0.202307121226/tools/bin/../lib/gcc/arm-none-eabi/12.3.1/../../../../arm-none-eabi/lib/thumb/v6-m/nofp\libcr_c.a(_do_fflush.o)
 .debug_abbrev  0x00003951       0xf1 c:/nxp/mcuxpressoide_11.9.0_2144/ide/plugins/com.nxp.mcuxpresso.tools.win32_11.9.0.202307121226/tools/bin/../lib/gcc/arm-none-eabi/12.3.1/../../../../arm-none-eabi/lib/thumb/v6-m/nofp\libcr_c.a(_fflush.o)
 .debug_abbrev  0x00003a42      0x126 c:/nxp/mcuxpressoide_11.9.0_2144/ide/plugins/com.nxp.mcuxpresso.tools.win32_11.9.0.202307121226/tools/bin/../lib/gcc/arm-none-eabi/12.3.1/../../../../arm-none-eabi/lib/thumb/v6-m/nofp\libcr_c.a(_writebuf.o)
 .debug_abbrev  0x00003b68      0x27b c:/nxp/mcuxpressoide_11.9.0_2144/ide/plugins/com.nxp.mcuxpresso.tools.win32_11.9.0.202307121226/tools/bin/../lib/gcc/arm-none-eabi/12.3.1/../../../../arm-none-eabi/lib/thumb/v6-m/nofp\libcr_c.a(alloc.o)
 .debug_abbrev  0x00003de3       0x44 c:/nxp/mcuxpressoide_11.9.0_2144/ide/plugins/com.nxp.mcuxpresso.tools.win32_11.9.0.202307121226/tools/bin/../lib/gcc/arm-none-eabi/12.3.1/../../../../arm-none-eabi/lib/thumb/v6-m/nofp\libcr_c.a(errno.o)
 .debug_abbrev  0x00003e27      0x147 c:/nxp/mcuxpressoide_11.9.0_2144/ide/plugins/com.nxp.mcuxpresso.tools.win32_11.9.0.202307121226/tools/bin/../lib/gcc/arm-none-eabi/12.3.1/../../../../arm-none-eabi/lib/thumb/v6-m/nofp\libcr_c.a(_deferredlazyseek.o)
 .debug_abbrev  0x00003f6e      0x37c c:/nxp/mcuxpressoide_11.9.0_2144/ide/plugins/com.nxp.mcuxpresso.tools.win32_11.9.0.202307121226/tools/bin/../lib/gcc/arm-none-eabi/12.3.1/thumb/v6-m/nofp\libcr_eabihelpers.a(float.o)
 .debug_abbrev  0x000042ea       0xb5 c:/nxp/mcuxpressoide_11.9.0_2144/ide/plugins/com.nxp.mcuxpresso.tools.win32_11.9.0.202307121226/tools/bin/../lib/gcc/arm-none-eabi/12.3.1/../../../../arm-none-eabi/lib/thumb/v6-m/nofp\libcr_nohost_nf.a(__ciob.o)
 .debug_abbrev  0x0000439f       0x51 c:/nxp/mcuxpressoide_11.9.0_2144/ide/plugins/com.nxp.mcuxpresso.tools.win32_11.9.0.202307121226/tools/bin/../lib/gcc/arm-none-eabi/12.3.1/../../../../arm-none-eabi/lib/thumb/v6-m/nofp\libcr_nohost_nf.a(__sys_close.o)
 .debug_abbrev  0x000043f0       0x51 c:/nxp/mcuxpressoide_11.9.0_2144/ide/plugins/com.nxp.mcuxpresso.tools.win32_11.9.0.202307121226/tools/bin/../lib/gcc/arm-none-eabi/12.3.1/../../../../arm-none-eabi/lib/thumb/v6-m/nofp\libcr_nohost_nf.a(__sys_flen.o)
 .debug_abbrev  0x00004441       0x51 c:/nxp/mcuxpressoide_11.9.0_2144/ide/plugins/com.nxp.mcuxpresso.tools.win32_11.9.0.202307121226/tools/bin/../lib/gcc/arm-none-eabi/12.3.1/../../../../arm-none-eabi/lib/thumb/v6-m/nofp\libcr_nohost_nf.a(__sys_istty.o)
 .debug_abbrev  0x00004492       0x7d c:/nxp/mcuxpressoide_11.9.0_2144/ide/plugins/com.nxp.mcuxpresso.tools.win32_11.9.0.202307121226/tools/bin/../lib/gcc/arm-none-eabi/12.3.1/../../../../arm-none-eabi/lib/thumb/v6-m/nofp\libcr_nohost_nf.a(__sys_remove.o)
 .debug_abbrev  0x0000450f       0x62 c:/nxp/mcuxpressoide_11.9.0_2144/ide/plugins/com.nxp.mcuxpresso.tools.win32_11.9.0.202307121226/tools/bin/../lib/gcc/arm-none-eabi/12.3.1/../../../../arm-none-eabi/lib/thumb/v6-m/nofp\libcr_nohost_nf.a(__sys_seek.o)
 .debug_abbrev  0x00004571       0x76 c:/nxp/mcuxpressoide_11.9.0_2144/ide/plugins/com.nxp.mcuxpresso.tools.win32_11.9.0.202307121226/tools/bin/../lib/gcc/arm-none-eabi/12.3.1/../../../../arm-none-eabi/lib/thumb/v6-m/nofp\libcr_nohost_nf.a(__sys_tmpnam.o)
 .debug_abbrev  0x000045e7       0x76 c:/nxp/mcuxpressoide_11.9.0_2144/ide/plugins/com.nxp.mcuxpresso.tools.win32_11.9.0.202307121226/tools/bin/../lib/gcc/arm-none-eabi/12.3.1/../../../../arm-none-eabi/lib/thumb/v6-m/nofp\libcr_nohost_nf.a(__sys_write.o)

.debug_aranges  0x00000000     0x1320
 .debug_aranges
                0x00000000       0x90 ./utilities/fsl_debug_console.o
 .debug_aranges
                0x00000090      0x160 ./startup/startup_mkl25z4.o
 .debug_aranges
                0x000001f0       0x58 ./source/MMA8451Q.o
 .debug_aranges
                0x00000248       0x48 ./source/freertos_hello.o
 .debug_aranges
                0x00000290       0x38 ./source/i2c.o
 .debug_aranges
                0x000002c8       0x30 ./source/led.o
 .debug_aranges
                0x000002f8       0x18 ./source/mtb.o
 .debug_aranges
                0x00000310       0x20 ./source/semihost_hardfault.o
 .debug_aranges
                0x00000330       0x20 ./freertos/fsl_tickless_lptmr.o
 .debug_aranges
                0x00000350       0x50 ./freertos/heap_4.o
 .debug_aranges
                0x000003a0       0x40 ./freertos/list.o
 .debug_aranges
                0x000003e0       0x80 ./freertos/port.o
 .debug_aranges
                0x00000460      0x118 ./freertos/queue.o
 .debug_aranges
                0x00000578      0x1e8 ./freertos/tasks.o
 .debug_aranges
                0x00000760       0xc8 ./freertos/timers.o
 .debug_aranges
                0x00000828      0x1d8 ./drivers/fsl_clock.o
 .debug_aranges
                0x00000a00       0x38 ./drivers/fsl_common.o
 .debug_aranges
                0x00000a38      0x178 ./drivers/fsl_i2c.o
 .debug_aranges
                0x00000bb0      0x118 ./drivers/fsl_lpsci.o
 .debug_aranges
                0x00000cc8      0x130 ./drivers/fsl_uart.o
 .debug_aranges
                0x00000df8       0x28 ./board/board.o
 .debug_aranges
                0x00000e20       0x58 ./board/clock_config.o
 .debug_aranges
                0x00000e78       0x38 ./board/pin_mux.o
 .debug_aranges
                0x00000eb0       0x28 ./CMSIS/system_MKL25Z4.o
 .debug_aranges
                0x00000ed8       0x20 c:/nxp/mcuxpressoide_11.9.0_2144/ide/plugins/com.nxp.mcuxpresso.tools.win32_11.9.0.202307121226/tools/bin/../lib/gcc/arm-none-eabi/12.3.1/../../../../arm-none-eabi/lib/thumb/v6-m/nofp\libcr_nohost_nf.a(_cr__main.o)
 .debug_aranges
                0x00000ef8       0x20 c:/nxp/mcuxpressoide_11.9.0_2144/ide/plugins/com.nxp.mcuxpresso.tools.win32_11.9.0.202307121226/tools/bin/../lib/gcc/arm-none-eabi/12.3.1/../../../../arm-none-eabi/lib/thumb/v6-m/nofp\libcr_c.a(memcpy.o)
 .debug_aranges
                0x00000f18       0x20 c:/nxp/mcuxpressoide_11.9.0_2144/ide/plugins/com.nxp.mcuxpresso.tools.win32_11.9.0.202307121226/tools/bin/../lib/gcc/arm-none-eabi/12.3.1/../../../../arm-none-eabi/lib/thumb/v6-m/nofp\libcr_c.a(memset.o)
 .debug_aranges
                0x00000f38       0x28 c:/nxp/mcuxpressoide_11.9.0_2144/ide/plugins/com.nxp.mcuxpresso.tools.win32_11.9.0.202307121226/tools/bin/../lib/gcc/arm-none-eabi/12.3.1/../../../../arm-none-eabi/lib/thumb/v6-m/nofp\libcr_c.a(initio.o)
 .debug_aranges
                0x00000f60       0x20 c:/nxp/mcuxpressoide_11.9.0_2144/ide/plugins/com.nxp.mcuxpresso.tools.win32_11.9.0.202307121226/tools/bin/../lib/gcc/arm-none-eabi/12.3.1/../../../../arm-none-eabi/lib/thumb/v6-m/nofp\libcr_c.a(setvbuf.o)
 .debug_aranges
                0x00000f80       0x20 c:/nxp/mcuxpressoide_11.9.0_2144/ide/plugins/com.nxp.mcuxpresso.tools.win32_11.9.0.202307121226/tools/bin/../lib/gcc/arm-none-eabi/12.3.1/../../../../arm-none-eabi/lib/thumb/v6-m/nofp\libcr_c.a(strlen.o)
 .debug_aranges
                0x00000fa0       0x20 c:/nxp/mcuxpressoide_11.9.0_2144/ide/plugins/com.nxp.mcuxpresso.tools.win32_11.9.0.202307121226/tools/bin/../lib/gcc/arm-none-eabi/12.3.1/../../../../arm-none-eabi/lib/thumb/v6-m/nofp\libcr_c.a(_fdopen.o)
 .debug_aranges
                0x00000fc0       0x20 c:/nxp/mcuxpressoide_11.9.0_2144/ide/plugins/com.nxp.mcuxpresso.tools.win32_11.9.0.202307121226/tools/bin/../lib/gcc/arm-none-eabi/12.3.1/../../../../arm-none-eabi/lib/thumb/v6-m/nofp\libcr_c.a(fclose.o)
 .debug_aranges
                0x00000fe0       0x20 c:/nxp/mcuxpressoide_11.9.0_2144/ide/plugins/com.nxp.mcuxpresso.tools.win32_11.9.0.202307121226/tools/bin/../lib/gcc/arm-none-eabi/12.3.1/../../../../arm-none-eabi/lib/thumb/v6-m/nofp\libcr_c.a(fflush.o)
 .debug_aranges
                0x00001000       0x20 c:/nxp/mcuxpressoide_11.9.0_2144/ide/plugins/com.nxp.mcuxpresso.tools.win32_11.9.0.202307121226/tools/bin/../lib/gcc/arm-none-eabi/12.3.1/../../../../arm-none-eabi/lib/thumb/v6-m/nofp\libcr_c.a(fseek.o)
 .debug_aranges
                0x00001020       0x20 c:/nxp/mcuxpressoide_11.9.0_2144/ide/plugins/com.nxp.mcuxpresso.tools.win32_11.9.0.202307121226/tools/bin/../lib/gcc/arm-none-eabi/12.3.1/../../../../arm-none-eabi/lib/thumb/v6-m/nofp\libcr_c.a(ftell.o)
 .debug_aranges
                0x00001040       0x28 c:/nxp/mcuxpressoide_11.9.0_2144/ide/plugins/com.nxp.mcuxpresso.tools.win32_11.9.0.202307121226/tools/bin/../lib/gcc/arm-none-eabi/12.3.1/../../../../arm-none-eabi/lib/thumb/v6-m/nofp\libcr_c.a(remove.o)
 .debug_aranges
                0x00001068       0x20 c:/nxp/mcuxpressoide_11.9.0_2144/ide/plugins/com.nxp.mcuxpresso.tools.win32_11.9.0.202307121226/tools/bin/../lib/gcc/arm-none-eabi/12.3.1/../../../../arm-none-eabi/lib/thumb/v6-m/nofp\libcr_c.a(_do_fflush.o)
 .debug_aranges
                0x00001088       0x20 c:/nxp/mcuxpressoide_11.9.0_2144/ide/plugins/com.nxp.mcuxpresso.tools.win32_11.9.0.202307121226/tools/bin/../lib/gcc/arm-none-eabi/12.3.1/../../../../arm-none-eabi/lib/thumb/v6-m/nofp\libcr_c.a(_fflush.o)
 .debug_aranges
                0x000010a8       0x20 c:/nxp/mcuxpressoide_11.9.0_2144/ide/plugins/com.nxp.mcuxpresso.tools.win32_11.9.0.202307121226/tools/bin/../lib/gcc/arm-none-eabi/12.3.1/../../../../arm-none-eabi/lib/thumb/v6-m/nofp\libcr_c.a(_writebuf.o)
 .debug_aranges
                0x000010c8       0x40 c:/nxp/mcuxpressoide_11.9.0_2144/ide/plugins/com.nxp.mcuxpresso.tools.win32_11.9.0.202307121226/tools/bin/../lib/gcc/arm-none-eabi/12.3.1/../../../../arm-none-eabi/lib/thumb/v6-m/nofp\libcr_c.a(alloc.o)
 .debug_aranges
                0x00001108       0x18 c:/nxp/mcuxpressoide_11.9.0_2144/ide/plugins/com.nxp.mcuxpresso.tools.win32_11.9.0.202307121226/tools/bin/../lib/gcc/arm-none-eabi/12.3.1/../../../../arm-none-eabi/lib/thumb/v6-m/nofp\libcr_c.a(errno.o)
 .debug_aranges
                0x00001120       0x28 c:/nxp/mcuxpressoide_11.9.0_2144/ide/plugins/com.nxp.mcuxpresso.tools.win32_11.9.0.202307121226/tools/bin/../lib/gcc/arm-none-eabi/12.3.1/../../../../arm-none-eabi/lib/thumb/v6-m/nofp\libcr_c.a(_deferredlazyseek.o)
 .debug_aranges
                0x00001148       0xe0 c:/nxp/mcuxpressoide_11.9.0_2144/ide/plugins/com.nxp.mcuxpresso.tools.win32_11.9.0.202307121226/tools/bin/../lib/gcc/arm-none-eabi/12.3.1/thumb/v6-m/nofp\libcr_eabihelpers.a(float.o)
 .debug_aranges
                0x00001228       0x18 c:/nxp/mcuxpressoide_11.9.0_2144/ide/plugins/com.nxp.mcuxpresso.tools.win32_11.9.0.202307121226/tools/bin/../lib/gcc/arm-none-eabi/12.3.1/../../../../arm-none-eabi/lib/thumb/v6-m/nofp\libcr_nohost_nf.a(__ciob.o)
 .debug_aranges
                0x00001240       0x20 c:/nxp/mcuxpressoide_11.9.0_2144/ide/plugins/com.nxp.mcuxpresso.tools.win32_11.9.0.202307121226/tools/bin/../lib/gcc/arm-none-eabi/12.3.1/../../../../arm-none-eabi/lib/thumb/v6-m/nofp\libcr_nohost_nf.a(__sys_close.o)
 .debug_aranges
                0x00001260       0x20 c:/nxp/mcuxpressoide_11.9.0_2144/ide/plugins/com.nxp.mcuxpresso.tools.win32_11.9.0.202307121226/tools/bin/../lib/gcc/arm-none-eabi/12.3.1/../../../../arm-none-eabi/lib/thumb/v6-m/nofp\libcr_nohost_nf.a(__sys_flen.o)
 .debug_aranges
                0x00001280       0x20 c:/nxp/mcuxpressoide_11.9.0_2144/ide/plugins/com.nxp.mcuxpresso.tools.win32_11.9.0.202307121226/tools/bin/../lib/gcc/arm-none-eabi/12.3.1/../../../../arm-none-eabi/lib/thumb/v6-m/nofp\libcr_nohost_nf.a(__sys_istty.o)
 .debug_aranges
                0x000012a0       0x20 c:/nxp/mcuxpressoide_11.9.0_2144/ide/plugins/com.nxp.mcuxpresso.tools.win32_11.9.0.202307121226/tools/bin/../lib/gcc/arm-none-eabi/12.3.1/../../../../arm-none-eabi/lib/thumb/v6-m/nofp\libcr_nohost_nf.a(__sys_remove.o)
 .debug_aranges
                0x000012c0       0x20 c:/nxp/mcuxpressoide_11.9.0_2144/ide/plugins/com.nxp.mcuxpresso.tools.win32_11.9.0.202307121226/tools/bin/../lib/gcc/arm-none-eabi/12.3.1/../../../../arm-none-eabi/lib/thumb/v6-m/nofp\libcr_nohost_nf.a(__sys_seek.o)
 .debug_aranges
                0x000012e0       0x20 c:/nxp/mcuxpressoide_11.9.0_2144/ide/plugins/com.nxp.mcuxpresso.tools.win32_11.9.0.202307121226/tools/bin/../lib/gcc/arm-none-eabi/12.3.1/../../../../arm-none-eabi/lib/thumb/v6-m/nofp\libcr_nohost_nf.a(__sys_tmpnam.o)
 .debug_aranges
                0x00001300       0x20 c:/nxp/mcuxpressoide_11.9.0_2144/ide/plugins/com.nxp.mcuxpresso.tools.win32_11.9.0.202307121226/tools/bin/../lib/gcc/arm-none-eabi/12.3.1/../../../../arm-none-eabi/lib/thumb/v6-m/nofp\libcr_nohost_nf.a(__sys_write.o)

.debug_ranges   0x00000000     0x1248
 .debug_ranges  0x00000000       0x80 ./utilities/fsl_debug_console.o
 .debug_ranges  0x00000080      0x150 ./startup/startup_mkl25z4.o
 .debug_ranges  0x000001d0       0x48 ./source/MMA8451Q.o
 .debug_ranges  0x00000218       0x38 ./source/freertos_hello.o
 .debug_ranges  0x00000250       0x28 ./source/i2c.o
 .debug_ranges  0x00000278       0x20 ./source/led.o
 .debug_ranges  0x00000298       0x10 ./source/semihost_hardfault.o
 .debug_ranges  0x000002a8       0x10 ./freertos/fsl_tickless_lptmr.o
 .debug_ranges  0x000002b8       0x40 ./freertos/heap_4.o
 .debug_ranges  0x000002f8       0x30 ./freertos/list.o
 .debug_ranges  0x00000328       0x70 ./freertos/port.o
 .debug_ranges  0x00000398      0x108 ./freertos/queue.o
 .debug_ranges  0x000004a0      0x1d8 ./freertos/tasks.o
 .debug_ranges  0x00000678       0xb8 ./freertos/timers.o
 .debug_ranges  0x00000730      0x1c8 ./drivers/fsl_clock.o
 .debug_ranges  0x000008f8       0x28 ./drivers/fsl_common.o
 .debug_ranges  0x00000920      0x168 ./drivers/fsl_i2c.o
 .debug_ranges  0x00000a88      0x108 ./drivers/fsl_lpsci.o
 .debug_ranges  0x00000b90      0x120 ./drivers/fsl_uart.o
 .debug_ranges  0x00000cb0       0x18 ./board/board.o
 .debug_ranges  0x00000cc8       0x48 ./board/clock_config.o
 .debug_ranges  0x00000d10       0x28 ./board/pin_mux.o
 .debug_ranges  0x00000d38       0x18 ./CMSIS/system_MKL25Z4.o
 .debug_ranges  0x00000d50       0x10 c:/nxp/mcuxpressoide_11.9.0_2144/ide/plugins/com.nxp.mcuxpresso.tools.win32_11.9.0.202307121226/tools/bin/../lib/gcc/arm-none-eabi/12.3.1/../../../../arm-none-eabi/lib/thumb/v6-m/nofp\libcr_nohost_nf.a(_cr__main.o)
 .debug_ranges  0x00000d60       0x10 c:/nxp/mcuxpressoide_11.9.0_2144/ide/plugins/com.nxp.mcuxpresso.tools.win32_11.9.0.202307121226/tools/bin/../lib/gcc/arm-none-eabi/12.3.1/../../../../arm-none-eabi/lib/thumb/v6-m/nofp\libcr_c.a(memcpy.o)
 .debug_ranges  0x00000d70       0x10 c:/nxp/mcuxpressoide_11.9.0_2144/ide/plugins/com.nxp.mcuxpresso.tools.win32_11.9.0.202307121226/tools/bin/../lib/gcc/arm-none-eabi/12.3.1/../../../../arm-none-eabi/lib/thumb/v6-m/nofp\libcr_c.a(memset.o)
 .debug_ranges  0x00000d80       0x38 c:/nxp/mcuxpressoide_11.9.0_2144/ide/plugins/com.nxp.mcuxpresso.tools.win32_11.9.0.202307121226/tools/bin/../lib/gcc/arm-none-eabi/12.3.1/../../../../arm-none-eabi/lib/thumb/v6-m/nofp\libcr_c.a(initio.o)
 .debug_ranges  0x00000db8       0x10 c:/nxp/mcuxpressoide_11.9.0_2144/ide/plugins/com.nxp.mcuxpresso.tools.win32_11.9.0.202307121226/tools/bin/../lib/gcc/arm-none-eabi/12.3.1/../../../../arm-none-eabi/lib/thumb/v6-m/nofp\libcr_c.a(setvbuf.o)
 .debug_ranges  0x00000dc8       0x28 c:/nxp/mcuxpressoide_11.9.0_2144/ide/plugins/com.nxp.mcuxpresso.tools.win32_11.9.0.202307121226/tools/bin/../lib/gcc/arm-none-eabi/12.3.1/../../../../arm-none-eabi/lib/thumb/v6-m/nofp\libcr_c.a(strlen.o)
 .debug_ranges  0x00000df0       0x10 c:/nxp/mcuxpressoide_11.9.0_2144/ide/plugins/com.nxp.mcuxpresso.tools.win32_11.9.0.202307121226/tools/bin/../lib/gcc/arm-none-eabi/12.3.1/../../../../arm-none-eabi/lib/thumb/v6-m/nofp\libcr_c.a(_fdopen.o)
 .debug_ranges  0x00000e00       0x10 c:/nxp/mcuxpressoide_11.9.0_2144/ide/plugins/com.nxp.mcuxpresso.tools.win32_11.9.0.202307121226/tools/bin/../lib/gcc/arm-none-eabi/12.3.1/../../../../arm-none-eabi/lib/thumb/v6-m/nofp\libcr_c.a(fclose.o)
 .debug_ranges  0x00000e10       0x28 c:/nxp/mcuxpressoide_11.9.0_2144/ide/plugins/com.nxp.mcuxpresso.tools.win32_11.9.0.202307121226/tools/bin/../lib/gcc/arm-none-eabi/12.3.1/../../../../arm-none-eabi/lib/thumb/v6-m/nofp\libcr_c.a(fflush.o)
 .debug_ranges  0x00000e38       0x10 c:/nxp/mcuxpressoide_11.9.0_2144/ide/plugins/com.nxp.mcuxpresso.tools.win32_11.9.0.202307121226/tools/bin/../lib/gcc/arm-none-eabi/12.3.1/../../../../arm-none-eabi/lib/thumb/v6-m/nofp\libcr_c.a(fseek.o)
 .debug_ranges  0x00000e48       0x10 c:/nxp/mcuxpressoide_11.9.0_2144/ide/plugins/com.nxp.mcuxpresso.tools.win32_11.9.0.202307121226/tools/bin/../lib/gcc/arm-none-eabi/12.3.1/../../../../arm-none-eabi/lib/thumb/v6-m/nofp\libcr_c.a(ftell.o)
 .debug_ranges  0x00000e58       0x18 c:/nxp/mcuxpressoide_11.9.0_2144/ide/plugins/com.nxp.mcuxpresso.tools.win32_11.9.0.202307121226/tools/bin/../lib/gcc/arm-none-eabi/12.3.1/../../../../arm-none-eabi/lib/thumb/v6-m/nofp\libcr_c.a(remove.o)
 .debug_ranges  0x00000e70       0x28 c:/nxp/mcuxpressoide_11.9.0_2144/ide/plugins/com.nxp.mcuxpresso.tools.win32_11.9.0.202307121226/tools/bin/../lib/gcc/arm-none-eabi/12.3.1/../../../../arm-none-eabi/lib/thumb/v6-m/nofp\libcr_c.a(_do_fflush.o)
 .debug_ranges  0x00000e98       0x10 c:/nxp/mcuxpressoide_11.9.0_2144/ide/plugins/com.nxp.mcuxpresso.tools.win32_11.9.0.202307121226/tools/bin/../lib/gcc/arm-none-eabi/12.3.1/../../../../arm-none-eabi/lib/thumb/v6-m/nofp\libcr_c.a(_fflush.o)
 .debug_ranges  0x00000ea8       0x10 c:/nxp/mcuxpressoide_11.9.0_2144/ide/plugins/com.nxp.mcuxpresso.tools.win32_11.9.0.202307121226/tools/bin/../lib/gcc/arm-none-eabi/12.3.1/../../../../arm-none-eabi/lib/thumb/v6-m/nofp\libcr_c.a(_writebuf.o)
 .debug_ranges  0x00000eb8       0x50 c:/nxp/mcuxpressoide_11.9.0_2144/ide/plugins/com.nxp.mcuxpresso.tools.win32_11.9.0.202307121226/tools/bin/../lib/gcc/arm-none-eabi/12.3.1/../../../../arm-none-eabi/lib/thumb/v6-m/nofp\libcr_c.a(alloc.o)
 .debug_ranges  0x00000f08       0x50 c:/nxp/mcuxpressoide_11.9.0_2144/ide/plugins/com.nxp.mcuxpresso.tools.win32_11.9.0.202307121226/tools/bin/../lib/gcc/arm-none-eabi/12.3.1/../../../../arm-none-eabi/lib/thumb/v6-m/nofp\libcr_c.a(_deferredlazyseek.o)
 .debug_ranges  0x00000f58      0x280 c:/nxp/mcuxpressoide_11.9.0_2144/ide/plugins/com.nxp.mcuxpresso.tools.win32_11.9.0.202307121226/tools/bin/../lib/gcc/arm-none-eabi/12.3.1/thumb/v6-m/nofp\libcr_eabihelpers.a(float.o)
 .debug_ranges  0x000011d8       0x10 c:/nxp/mcuxpressoide_11.9.0_2144/ide/plugins/com.nxp.mcuxpresso.tools.win32_11.9.0.202307121226/tools/bin/../lib/gcc/arm-none-eabi/12.3.1/../../../../arm-none-eabi/lib/thumb/v6-m/nofp\libcr_nohost_nf.a(__sys_close.o)
 .debug_ranges  0x000011e8       0x10 c:/nxp/mcuxpressoide_11.9.0_2144/ide/plugins/com.nxp.mcuxpresso.tools.win32_11.9.0.202307121226/tools/bin/../lib/gcc/arm-none-eabi/12.3.1/../../../../arm-none-eabi/lib/thumb/v6-m/nofp\libcr_nohost_nf.a(__sys_flen.o)
 .debug_ranges  0x000011f8       0x10 c:/nxp/mcuxpressoide_11.9.0_2144/ide/plugins/com.nxp.mcuxpresso.tools.win32_11.9.0.202307121226/tools/bin/../lib/gcc/arm-none-eabi/12.3.1/../../../../arm-none-eabi/lib/thumb/v6-m/nofp\libcr_nohost_nf.a(__sys_istty.o)
 .debug_ranges  0x00001208       0x10 c:/nxp/mcuxpressoide_11.9.0_2144/ide/plugins/com.nxp.mcuxpresso.tools.win32_11.9.0.202307121226/tools/bin/../lib/gcc/arm-none-eabi/12.3.1/../../../../arm-none-eabi/lib/thumb/v6-m/nofp\libcr_nohost_nf.a(__sys_remove.o)
 .debug_ranges  0x00001218       0x10 c:/nxp/mcuxpressoide_11.9.0_2144/ide/plugins/com.nxp.mcuxpresso.tools.win32_11.9.0.202307121226/tools/bin/../lib/gcc/arm-none-eabi/12.3.1/../../../../arm-none-eabi/lib/thumb/v6-m/nofp\libcr_nohost_nf.a(__sys_seek.o)
 .debug_ranges  0x00001228       0x10 c:/nxp/mcuxpressoide_11.9.0_2144/ide/plugins/com.nxp.mcuxpresso.tools.win32_11.9.0.202307121226/tools/bin/../lib/gcc/arm-none-eabi/12.3.1/../../../../arm-none-eabi/lib/thumb/v6-m/nofp\libcr_nohost_nf.a(__sys_tmpnam.o)
 .debug_ranges  0x00001238       0x10 c:/nxp/mcuxpressoide_11.9.0_2144/ide/plugins/com.nxp.mcuxpresso.tools.win32_11.9.0.202307121226/tools/bin/../lib/gcc/arm-none-eabi/12.3.1/../../../../arm-none-eabi/lib/thumb/v6-m/nofp\libcr_nohost_nf.a(__sys_write.o)

.debug_line     0x00000000     0xcc39
 .debug_line    0x00000000      0xbf4 ./utilities/fsl_debug_console.o
 .debug_line    0x00000bf4      0x310 ./startup/startup_mkl25z4.o
 .debug_line    0x00000f04      0x471 ./source/MMA8451Q.o
 .debug_line    0x00001375      0x4a9 ./source/freertos_hello.o
 .debug_line    0x0000181e      0x3c8 ./source/i2c.o
 .debug_line    0x00001be6      0x21c ./source/led.o
 .debug_line    0x00001e02       0x30 ./source/mtb.o
 .debug_line    0x00001e32       0x59 ./source/semihost_hardfault.o
 .debug_line    0x00001e8b      0x100 ./freertos/fsl_tickless_lptmr.o
 .debug_line    0x00001f8b      0x3e2 ./freertos/heap_4.o
 .debug_line    0x0000236d      0x1e6 ./freertos/list.o
 .debug_line    0x00002553      0x2ad ./freertos/port.o
 .debug_line    0x00002800      0xbf7 ./freertos/queue.o
 .debug_line    0x000033f7     0x149e ./freertos/tasks.o
 .debug_line    0x00004895      0x6a1 ./freertos/timers.o
 .debug_line    0x00004f36     0x120a ./drivers/fsl_clock.o
 .debug_line    0x00006140      0x2f8 ./drivers/fsl_common.o
 .debug_line    0x00006438     0x1278 ./drivers/fsl_i2c.o
 .debug_line    0x000076b0      0xcf9 ./drivers/fsl_lpsci.o
 .debug_line    0x000083a9      0xcd5 ./drivers/fsl_uart.o
 .debug_line    0x0000907e      0x2af ./board/board.o
 .debug_line    0x0000932d      0x321 ./board/clock_config.o
 .debug_line    0x0000964e      0x26a ./board/pin_mux.o
 .debug_line    0x000098b8      0x210 ./CMSIS/system_MKL25Z4.o
 .debug_line    0x00009ac8       0xcd c:/nxp/mcuxpressoide_11.9.0_2144/ide/plugins/com.nxp.mcuxpresso.tools.win32_11.9.0.202307121226/tools/bin/../lib/gcc/arm-none-eabi/12.3.1/../../../../arm-none-eabi/lib/thumb/v6-m/nofp\libcr_nohost_nf.a(_cr__main.o)
 .debug_line    0x00009b95       0xa2 c:/nxp/mcuxpressoide_11.9.0_2144/ide/plugins/com.nxp.mcuxpresso.tools.win32_11.9.0.202307121226/tools/bin/../lib/gcc/arm-none-eabi/12.3.1/../../../../arm-none-eabi/lib/thumb/v6-m/nofp\libcr_c.a(memcpy.o)
 .debug_line    0x00009c37       0x82 c:/nxp/mcuxpressoide_11.9.0_2144/ide/plugins/com.nxp.mcuxpresso.tools.win32_11.9.0.202307121226/tools/bin/../lib/gcc/arm-none-eabi/12.3.1/../../../../arm-none-eabi/lib/thumb/v6-m/nofp\libcr_c.a(memset.o)
 .debug_line    0x00009cb9      0x126 c:/nxp/mcuxpressoide_11.9.0_2144/ide/plugins/com.nxp.mcuxpresso.tools.win32_11.9.0.202307121226/tools/bin/../lib/gcc/arm-none-eabi/12.3.1/../../../../arm-none-eabi/lib/thumb/v6-m/nofp\libcr_c.a(initio.o)
 .debug_line    0x00009ddf       0xf7 c:/nxp/mcuxpressoide_11.9.0_2144/ide/plugins/com.nxp.mcuxpresso.tools.win32_11.9.0.202307121226/tools/bin/../lib/gcc/arm-none-eabi/12.3.1/../../../../arm-none-eabi/lib/thumb/v6-m/nofp\libcr_c.a(setvbuf.o)
 .debug_line    0x00009ed6      0x11b c:/nxp/mcuxpressoide_11.9.0_2144/ide/plugins/com.nxp.mcuxpresso.tools.win32_11.9.0.202307121226/tools/bin/../lib/gcc/arm-none-eabi/12.3.1/../../../../arm-none-eabi/lib/thumb/v6-m/nofp\libcr_c.a(strlen.o)
 .debug_line    0x00009ff1      0x15f c:/nxp/mcuxpressoide_11.9.0_2144/ide/plugins/com.nxp.mcuxpresso.tools.win32_11.9.0.202307121226/tools/bin/../lib/gcc/arm-none-eabi/12.3.1/../../../../arm-none-eabi/lib/thumb/v6-m/nofp\libcr_c.a(_fdopen.o)
 .debug_line    0x0000a150      0x107 c:/nxp/mcuxpressoide_11.9.0_2144/ide/plugins/com.nxp.mcuxpresso.tools.win32_11.9.0.202307121226/tools/bin/../lib/gcc/arm-none-eabi/12.3.1/../../../../arm-none-eabi/lib/thumb/v6-m/nofp\libcr_c.a(fclose.o)
 .debug_line    0x0000a257       0xcf c:/nxp/mcuxpressoide_11.9.0_2144/ide/plugins/com.nxp.mcuxpresso.tools.win32_11.9.0.202307121226/tools/bin/../lib/gcc/arm-none-eabi/12.3.1/../../../../arm-none-eabi/lib/thumb/v6-m/nofp\libcr_c.a(fflush.o)
 .debug_line    0x0000a326      0x242 c:/nxp/mcuxpressoide_11.9.0_2144/ide/plugins/com.nxp.mcuxpresso.tools.win32_11.9.0.202307121226/tools/bin/../lib/gcc/arm-none-eabi/12.3.1/../../../../arm-none-eabi/lib/thumb/v6-m/nofp\libcr_c.a(fseek.o)
 .debug_line    0x0000a568      0x10c c:/nxp/mcuxpressoide_11.9.0_2144/ide/plugins/com.nxp.mcuxpresso.tools.win32_11.9.0.202307121226/tools/bin/../lib/gcc/arm-none-eabi/12.3.1/../../../../arm-none-eabi/lib/thumb/v6-m/nofp\libcr_c.a(ftell.o)
 .debug_line    0x0000a674       0xe2 c:/nxp/mcuxpressoide_11.9.0_2144/ide/plugins/com.nxp.mcuxpresso.tools.win32_11.9.0.202307121226/tools/bin/../lib/gcc/arm-none-eabi/12.3.1/../../../../arm-none-eabi/lib/thumb/v6-m/nofp\libcr_c.a(remove.o)
 .debug_line    0x0000a756      0x118 c:/nxp/mcuxpressoide_11.9.0_2144/ide/plugins/com.nxp.mcuxpresso.tools.win32_11.9.0.202307121226/tools/bin/../lib/gcc/arm-none-eabi/12.3.1/../../../../arm-none-eabi/lib/thumb/v6-m/nofp\libcr_c.a(_do_fflush.o)
 .debug_line    0x0000a86e      0x11f c:/nxp/mcuxpressoide_11.9.0_2144/ide/plugins/com.nxp.mcuxpresso.tools.win32_11.9.0.202307121226/tools/bin/../lib/gcc/arm-none-eabi/12.3.1/../../../../arm-none-eabi/lib/thumb/v6-m/nofp\libcr_c.a(_fflush.o)
 .debug_line    0x0000a98d      0x139 c:/nxp/mcuxpressoide_11.9.0_2144/ide/plugins/com.nxp.mcuxpresso.tools.win32_11.9.0.202307121226/tools/bin/../lib/gcc/arm-none-eabi/12.3.1/../../../../arm-none-eabi/lib/thumb/v6-m/nofp\libcr_c.a(_writebuf.o)
 .debug_line    0x0000aac6      0x3db c:/nxp/mcuxpressoide_11.9.0_2144/ide/plugins/com.nxp.mcuxpresso.tools.win32_11.9.0.202307121226/tools/bin/../lib/gcc/arm-none-eabi/12.3.1/../../../../arm-none-eabi/lib/thumb/v6-m/nofp\libcr_c.a(alloc.o)
 .debug_line    0x0000aea1       0x4e c:/nxp/mcuxpressoide_11.9.0_2144/ide/plugins/com.nxp.mcuxpresso.tools.win32_11.9.0.202307121226/tools/bin/../lib/gcc/arm-none-eabi/12.3.1/../../../../arm-none-eabi/lib/thumb/v6-m/nofp\libcr_c.a(errno.o)
 .debug_line    0x0000aeef      0x305 c:/nxp/mcuxpressoide_11.9.0_2144/ide/plugins/com.nxp.mcuxpresso.tools.win32_11.9.0.202307121226/tools/bin/../lib/gcc/arm-none-eabi/12.3.1/../../../../arm-none-eabi/lib/thumb/v6-m/nofp\libcr_c.a(_deferredlazyseek.o)
 .debug_line    0x0000b1f4     0x1725 c:/nxp/mcuxpressoide_11.9.0_2144/ide/plugins/com.nxp.mcuxpresso.tools.win32_11.9.0.202307121226/tools/bin/../lib/gcc/arm-none-eabi/12.3.1/thumb/v6-m/nofp\libcr_eabihelpers.a(float.o)